Archive member included to satisfy reference by file (symbol)

g:/vsd/fs/fs_installer/sifive/riscv64-unknown-elf-toolsuite-17.9.0-2023.10.0/bin/../lib/gcc/riscv64-unknown-elf/12.2.1/../../../../riscv64-unknown-elf/lib/rv32imac/ilp32\libc_nano.a(lib_a-printf.o)
                              C:\Users\ankit\AppData\Local\Temp\ccyYnjNp.o (printf)
g:/vsd/fs/fs_installer/sifive/riscv64-unknown-elf-toolsuite-17.9.0-2023.10.0/bin/../lib/gcc/riscv64-unknown-elf/12.2.1/../../../../riscv64-unknown-elf/lib/rv32imac/ilp32\libc_nano.a(lib_a-putchar.o)
                              C:\Users\ankit\AppData\Local\Temp\ccyYnjNp.o (putchar)
g:/vsd/fs/fs_installer/sifive/riscv64-unknown-elf-toolsuite-17.9.0-2023.10.0/bin/../lib/gcc/riscv64-unknown-elf/12.2.1/../../../../riscv64-unknown-elf/lib/rv32imac/ilp32\libc_nano.a(lib_a-putc.o)
                              g:/vsd/fs/fs_installer/sifive/riscv64-unknown-elf-toolsuite-17.9.0-2023.10.0/bin/../lib/gcc/riscv64-unknown-elf/12.2.1/../../../../riscv64-unknown-elf/lib/rv32imac/ilp32\libc_nano.a(lib_a-putchar.o) (_putc_r)
g:/vsd/fs/fs_installer/sifive/riscv64-unknown-elf-toolsuite-17.9.0-2023.10.0/bin/../lib/gcc/riscv64-unknown-elf/12.2.1/../../../../riscv64-unknown-elf/lib/rv32imac/ilp32\libc_nano.a(lib_a-puts.o)
                              C:\Users\ankit\AppData\Local\Temp\ccyYnjNp.o (puts)
g:/vsd/fs/fs_installer/sifive/riscv64-unknown-elf-toolsuite-17.9.0-2023.10.0/bin/../lib/gcc/riscv64-unknown-elf/12.2.1/../../../../riscv64-unknown-elf/lib/rv32imac/ilp32\libc_nano.a(lib_a-wbuf.o)
                              g:/vsd/fs/fs_installer/sifive/riscv64-unknown-elf-toolsuite-17.9.0-2023.10.0/bin/../lib/gcc/riscv64-unknown-elf/12.2.1/../../../../riscv64-unknown-elf/lib/rv32imac/ilp32\libc_nano.a(lib_a-putc.o) (__swbuf_r)
g:/vsd/fs/fs_installer/sifive/riscv64-unknown-elf-toolsuite-17.9.0-2023.10.0/bin/../lib/gcc/riscv64-unknown-elf/12.2.1/../../../../riscv64-unknown-elf/lib/rv32imac/ilp32\libc_nano.a(lib_a-wsetup.o)
                              g:/vsd/fs/fs_installer/sifive/riscv64-unknown-elf-toolsuite-17.9.0-2023.10.0/bin/../lib/gcc/riscv64-unknown-elf/12.2.1/../../../../riscv64-unknown-elf/lib/rv32imac/ilp32\libc_nano.a(lib_a-puts.o) (__swsetup_r)
g:/vsd/fs/fs_installer/sifive/riscv64-unknown-elf-toolsuite-17.9.0-2023.10.0/bin/../lib/gcc/riscv64-unknown-elf/12.2.1/../../../../riscv64-unknown-elf/lib/rv32imac/ilp32\libc_nano.a(lib_a-fflush.o)
                              g:/vsd/fs/fs_installer/sifive/riscv64-unknown-elf-toolsuite-17.9.0-2023.10.0/bin/../lib/gcc/riscv64-unknown-elf/12.2.1/../../../../riscv64-unknown-elf/lib/rv32imac/ilp32\libc_nano.a(lib_a-wbuf.o) (_fflush_r)
g:/vsd/fs/fs_installer/sifive/riscv64-unknown-elf-toolsuite-17.9.0-2023.10.0/bin/../lib/gcc/riscv64-unknown-elf/12.2.1/../../../../riscv64-unknown-elf/lib/rv32imac/ilp32\libc_nano.a(lib_a-findfp.o)
                              g:/vsd/fs/fs_installer/sifive/riscv64-unknown-elf-toolsuite-17.9.0-2023.10.0/bin/../lib/gcc/riscv64-unknown-elf/12.2.1/../../../../riscv64-unknown-elf/lib/rv32imac/ilp32\libc_nano.a(lib_a-printf.o) (__sinit)
g:/vsd/fs/fs_installer/sifive/riscv64-unknown-elf-toolsuite-17.9.0-2023.10.0/bin/../lib/gcc/riscv64-unknown-elf/12.2.1/../../../../riscv64-unknown-elf/lib/rv32imac/ilp32\libc_nano.a(lib_a-fwalk.o)
                              g:/vsd/fs/fs_installer/sifive/riscv64-unknown-elf-toolsuite-17.9.0-2023.10.0/bin/../lib/gcc/riscv64-unknown-elf/12.2.1/../../../../riscv64-unknown-elf/lib/rv32imac/ilp32\libc_nano.a(lib_a-findfp.o) (_fwalk)
g:/vsd/fs/fs_installer/sifive/riscv64-unknown-elf-toolsuite-17.9.0-2023.10.0/bin/../lib/gcc/riscv64-unknown-elf/12.2.1/../../../../riscv64-unknown-elf/lib/rv32imac/ilp32\libc_nano.a(lib_a-impure.o)
                              g:/vsd/fs/fs_installer/sifive/riscv64-unknown-elf-toolsuite-17.9.0-2023.10.0/bin/../lib/gcc/riscv64-unknown-elf/12.2.1/../../../../riscv64-unknown-elf/lib/rv32imac/ilp32\libc_nano.a(lib_a-fflush.o) (_global_impure_ptr)
g:/vsd/fs/fs_installer/sifive/riscv64-unknown-elf-toolsuite-17.9.0-2023.10.0/bin/../lib/gcc/riscv64-unknown-elf/12.2.1/../../../../riscv64-unknown-elf/lib/rv32imac/ilp32\libc_nano.a(lib_a-makebuf.o)
                              g:/vsd/fs/fs_installer/sifive/riscv64-unknown-elf-toolsuite-17.9.0-2023.10.0/bin/../lib/gcc/riscv64-unknown-elf/12.2.1/../../../../riscv64-unknown-elf/lib/rv32imac/ilp32\libc_nano.a(lib_a-wsetup.o) (__smakebuf_r)
g:/vsd/fs/fs_installer/sifive/riscv64-unknown-elf-toolsuite-17.9.0-2023.10.0/bin/../lib/gcc/riscv64-unknown-elf/12.2.1/../../../../riscv64-unknown-elf/lib/rv32imac/ilp32\libc_nano.a(lib_a-memset.o)
                              g:/vsd/fs/fs_installer/sifive/riscv64-unknown-elf-toolsuite-17.9.0-2023.10.0/bin/../lib/gcc/riscv64-unknown-elf/12.2.1/../../../../riscv64-unknown-elf/lib/rv32imac/ilp32\libc_nano.a(lib_a-findfp.o) (memset)
[...]
Memory Configuration

Name             Origin             Length             Attributes
ram              0x80000000         0x00004000         axrwl
rom              0x20100000         0x1fc00000         xrl!aw
*default*        0x00000000         0xffffffff

Linker script and memory map

LOAD C:\Users\ankit\AppData\Local\Temp\ccyYnjNp.o
START GROUP
LOAD g:/vsd/fs/fs_installer/sifive/riscv64-unknown-elf-toolsuite-17.9.0-2023.10.0/bin/../lib/gcc/riscv64-unknown-elf/12.2.1/../../../../riscv64-unknown-elf/lib/rv32imac/ilp32\libc_nano.a
LOAD g:/vsd/fs/fs_installer/sifive/riscv64-unknown-elf-toolsuite-17.9.0-2023.10.0/bin/../lib/gcc/riscv64-unknown-elf/12.2.1/rv32imac/ilp32\libgcc.a
LOAD g:/vsd/fs/fs_installer/sifive/riscv64-unknown-elf-toolsuite-17.9.0-2023.10.0/bin/../lib/gcc/riscv64-unknown-elf/12.2.1/../../../../riscv64-unknown-elf/lib/rv32imac/ilp32\libm_nano.a
LOAD C:/fs3_vsd/projects/SiFive_BitNET_MCU/bsp/install/lib/release/\libmetal.a
LOAD C:/fs3_vsd/projects/SiFive_BitNET_MCU/bsp/install/lib/release/\libmetal-gloss.a
END GROUP
                0x00000400                        __stack_size = DEFINED (__stack_size)?__stack_size:0x400
                [!provide]                        PROVIDE (__stack_size = __stack_size)
                0x00000800                        __heap_size = DEFINED (__heap_size)?__heap_size:0x800
                0x00000000                        PROVIDE (__metal_boot_hart = 0x0)
                0x00000001                        PROVIDE (__metal_chicken_bit = 0x1)
                0x00000000                        PROVIDE (__metal_eccscrub_bit = 0x0)
                [!provide]                        PROVIDE (metal_dtim_0_memory_start = 0x80000000)
                [!provide]                        PROVIDE (metal_dtim_0_memory_end = 0x80004000)

.init           0x20100000      0x2ac
 *(.text.metal.init.enter)
 .text.metal.init.enter
                0x20100000       0x88 C:/fs3_vsd/projects/SiFive_BitNET_MCU/bsp/install/lib/release/\libmetal.a(entry.o)
                0x20100000                _enter
 *(.text.metal.init.*)
 .text.metal.init.__register_frame_info
                0x20100088        0x2 C:/fs3_vsd/projects/SiFive_BitNET_MCU/bsp/install/lib/release/\libmetal.a(entry.o)
                0x20100088                __register_frame_info
 .text.metal.init.scrub
                0x2010008a       0xa8 C:/fs3_vsd/projects/SiFive_BitNET_MCU/bsp/install/lib/release/\libmetal.a(scrub.o)
                0x2010008a                metal_mem_scrub
                0x201000cc                __metal_before_start
 *fill*         0x20100132        0x2 
 .text.metal.init.trapvec
                0x20100134        0xe C:/fs3_vsd/projects/SiFive_BitNET_MCU/bsp/install/lib/release/\libmetal.a(trap.o)
                0x20100134                early_trap_vector
 *(SORT_NONE(.init))
 .init          0x20100142        0x2 C:/fs3_vsd/projects/SiFive_BitNET_MCU/bsp/install/lib/release/\libmetal.a(synchronize_harts.o)
                0x20100142                __metal_synchronize_harts
 *(.text.libgloss.start)
 .text.libgloss.start
                0x20100144      0x168 C:/fs3_vsd/projects/SiFive_BitNET_MCU/bsp/install/lib/release/\libmetal-gloss.a(crt0.o)
                0x20100144                _start
                0x2010028a                _fini
                0x2010028a                _init
                0x2010028c                secondary_main

.fini
 *(SORT_NONE(.fini))

.preinit_array  0x201002b0        0x0
                0x201002b0                        PROVIDE (__preinit_array_start = .)
 *(.preinit_array)
                0x201002b0                        PROVIDE (__preinit_array_end = .)

.init_array     0x201002b0        0xc
                0x201002b0                        PROVIDE (__init_array_start = .)
 *(SORT_BY_INIT_PRIORITY(.init_array.*) SORT_BY_INIT_PRIORITY(.ctors.*))
 *(.init_array EXCLUDE_FILE(*crtend?.o *crtend.o *crtbegin?.o *crtbegin.o) .ctors)
                0x201002b0                        PROVIDE (__init_array_end = .)
                0x201002b0                        PROVIDE (metal_constructors_start = .)
 *(SORT_BY_INIT_PRIORITY(.metal.init_array.*))
 .metal.init_array.5000
                0x201002b0        0x8 C:/fs3_vsd/projects/SiFive_BitNET_MCU/bsp/install/lib/release/\libmetal.a(sifive_fe310-g000_pll.o)
                0x201002b0                _use_hfxosc_ptr
                0x201002b4                _metal_sifive_fe310_g000_pll_init_ptr
 .metal.init_array.5000
                0x201002b8        0x4 C:/fs3_vsd/projects/SiFive_BitNET_MCU/bsp/install/lib/release/\libmetal.a(tty.o)
                0x201002b8                _metal_tty_init_ptr
 *(.metal.init_array)
                0x201002bc                        PROVIDE (metal_constructors_end = .)

.fini_array     0x201002c0        0x0
                0x201002c0                        PROVIDE (__fini_array_start = .)
 *(SORT_BY_INIT_PRIORITY(.fini_array.*) SORT_BY_INIT_PRIORITY(.dtors.*))
 *(.fini_array EXCLUDE_FILE(*crtend?.o *crtend.o *crtbegin?.o *crtbegin.o) .dtors)
                0x201002c0                        PROVIDE (__fini_array_end = .)
                0x201002c0                        PROVIDE (metal_destructors_start = .)
 *(SORT_BY_INIT_PRIORITY(.metal.fini_array.*))
 *(.metal.fini_array)
                0x201002c0                        PROVIDE (metal_destructors_end = .)

.ctors          0x201002bc       0x54
 *crtbegin.o(.ctors)
 *crtbegin?.o(.ctors)
 *(EXCLUDE_FILE(*crtend?.o *crtend.o) .ctors)
 *(SORT_BY_NAME(.ctors.*))
 *(.ctors)
 *(.metal.ctors .metal.ctors.*)
 .metal.ctors   0x201002bc       0x42 C:/fs3_vsd/projects/SiFive_BitNET_MCU/bsp/install/lib/release/\libmetal.a(sifive_fe310-g000_pll.o)
                0x201002bc                metal_sifive_fe310_g000_pll_init
                0x201002c8                use_hfxosc
 .metal.ctors   0x201002fe       0x12 C:/fs3_vsd/projects/SiFive_BitNET_MCU/bsp/install/lib/release/\libmetal.a(tty.o)
                0x201002fe                metal_tty_init

.dtors
 *crtbegin.o(.dtors)
 *crtbegin?.o(.dtors)
 *(EXCLUDE_FILE(*crtend?.o *crtend.o) .dtors)
 *(SORT_BY_NAME(.dtors.*))
 *(.dtors)
 *(.metal.dtors .metal.dtors.*)

.rodata         0x20100310     0x47ec
 *(.rdata)
 *(.rodata .rodata.*)
 .rodata.BitMnistInference.str1.4
                0x20100310      0x50c C:\Users\ankit\AppData\Local\Temp\ccyYnjNp.o
                                 0x33 (size before relaxing)
 .rodata.display_banner.str1.4
                0x2010081c      0x38a C:\Users\ankit\AppData\Local\Temp\ccyYnjNp.o
 .rodata.main.str1.4
                0x2010081c       0xf4 C:\Users\ankit\AppData\Local\Temp\ccyYnjNp.o
 .rodata.input_data_3
                0x2010081c      0x100 C:\Users\ankit\AppData\Local\Temp\ccyYnjNp.o
                0x2010081c                input_data_3
 .rodata.input_data_2
                0x2010091c      0x100 C:\Users\ankit\AppData\Local\Temp\ccyYnjNp.o
                0x2010091c                input_data_2
 .rodata.input_data_1
                0x20100a1c      0x100 C:\Users\ankit\AppData\Local\Temp\ccyYnjNp.o
                0x20100a1c                input_data_1
 .rodata.input_data_0
                0x20100b1c      0x100 C:\Users\ankit\AppData\Local\Temp\ccyYnjNp.o
                0x20100b1c                input_data_0
 .rodata.L4_weights
                0x20100c1c      0x140 C:\Users\ankit\AppData\Local\Temp\ccyYnjNp.o
                0x20100c1c                L4_weights
 .rodata.L3_weights
                0x20100d5c      0x800 C:\Users\ankit\AppData\Local\Temp\ccyYnjNp.o
                0x20100d5c                L3_weights
 .rodata.L2_weights
                0x2010155c      0x800 C:\Users\ankit\AppData\Local\Temp\ccyYnjNp.o
                0x2010155c                L2_weights
 .rodata.L1_weights
                0x20101d5c     0x2000 C:\Users\ankit\AppData\Local\Temp\ccyYnjNp.o
                0x20101d5c                L1_weights
 .rodata.__sf_fake_stderr
                0x20103d5c       0x20 g:/vsd/fs/fs_installer/sifive/riscv64-unknown-elf-toolsuite-17.9.0-2023.10.0/bin/../lib/gcc/riscv64-unknown-elf/12.2.1/../../../../riscv64-unknown-elf/lib/rv32imac/ilp32\libc_nano.a(lib_a-findfp.o)
                0x20103d5c                __sf_fake_stderr
 .rodata.__sf_fake_stdout
                0x20103d7c       0x20 g:/vsd/fs/fs_installer/sifive/riscv64-unknown-elf-toolsuite-17.9.0-2023.10.0/bin/../lib/gcc/riscv64-unknown-elf/12.2.1/../../../../riscv64-unknown-elf/lib/rv32imac/ilp32\libc_nano.a(lib_a-findfp.o)
                0x20103d7c                __sf_fake_stdout
 .rodata.__sf_fake_stdin
                0x20103d9c       0x20 g:/vsd/fs/fs_installer/sifive/riscv64-unknown-elf-toolsuite-17.9.0-2023.10.0/bin/../lib/gcc/riscv64-unknown-elf/12.2.1/../../../../riscv64-unknown-elf/lib/rv32imac/ilp32\libc_nano.a(lib_a-findfp.o)
                0x20103d9c                __sf_fake_stdin
 .rodata._vfprintf_r.str1.4
                0x20103dbc       0x13 g:/vsd/fs/fs_installer/sifive/riscv64-unknown-elf-toolsuite-17.9.0-2023.10.0/bin/../lib/gcc/riscv64-unknown-elf/12.2.1/../../../../riscv64-unknown-elf/lib/rv32imac/ilp32\libc_nano.a(lib_a-nano-vfprintf.o)
 .rodata._printf_i.str1.4
                0x20103dbc       0x25 g:/vsd/fs/fs_installer/sifive/riscv64-unknown-elf-toolsuite-17.9.0-2023.10.0/bin/../lib/gcc/riscv64-unknown-elf/12.2.1/../../../../riscv64-unknown-elf/lib/rv32imac/ilp32\libc_nano.a(lib_a-nano-vfprintf_i.o)
 .rodata._printf_i
                0x20103dbc       0x58 g:/vsd/fs/fs_installer/sifive/riscv64-unknown-elf-toolsuite-17.9.0-2023.10.0/bin/../lib/gcc/riscv64-unknown-elf/12.2.1/../../../../riscv64-unknown-elf/lib/rv32imac/ilp32\libc_nano.a(lib_a-nano-vfprintf_i.o)
 .rodata.__metal_driver_vtable_riscv_clint0
                0x20103e14       0x64 C:/fs3_vsd/projects/SiFive_BitNET_MCU/bsp/install/lib/release/\libmetal.a(riscv_clint0.o)
                0x20103e14                __metal_driver_vtable_riscv_clint0
 .rodata.__metal_driver_vtable_cpu
                0x20103e78       0x44 C:/fs3_vsd/projects/SiFive_BitNET_MCU/bsp/install/lib/release/\libmetal.a(riscv_cpu.o)
                0x20103e78                __metal_driver_vtable_cpu
 .rodata.__metal_driver_vtable_riscv_cpu_intc
                0x20103ebc       0x64 C:/fs3_vsd/projects/SiFive_BitNET_MCU/bsp/install/lib/release/\libmetal.a(riscv_cpu.o)
                0x20103ebc                __metal_driver_vtable_riscv_cpu_intc
 .rodata.__metal_driver_vtable_riscv_plic0
                0x20103f20       0x64 C:/fs3_vsd/projects/SiFive_BitNET_MCU/bsp/install/lib/release/\libmetal.a(riscv_plic0.o)
                0x20103f20                __metal_driver_vtable_riscv_plic0
 .rodata.__metal_driver_vtable_sifive_fe310_g000_pll
                0x20103f84        0xc C:/fs3_vsd/projects/SiFive_BitNET_MCU/bsp/install/lib/release/\libmetal.a(sifive_fe310-g000_pll.o)
                0x20103f84                __metal_driver_vtable_sifive_fe310_g000_pll
 .rodata.pll_configs
                0x20103f90      0x880 C:/fs3_vsd/projects/SiFive_BitNET_MCU/bsp/install/lib/release/\libmetal.a(sifive_fe310-g000_pll.o)
 .rodata.__metal_driver_led_exist.str1.4
                0x20104810       0x1d C:/fs3_vsd/projects/SiFive_BitNET_MCU/bsp/install/lib/release/\libmetal.a(sifive_gpio-leds.o)
 .rodata.__metal_driver_vtable_sifive_led
                0x20104810       0x14 C:/fs3_vsd/projects/SiFive_BitNET_MCU/bsp/install/lib/release/\libmetal.a(sifive_gpio-leds.o)
                0x20104810                __metal_driver_vtable_sifive_led
 .rodata.__metal_driver_sifive_gpio0_config_int
                0x20104824       0x20 C:/fs3_vsd/projects/SiFive_BitNET_MCU/bsp/install/lib/release/\libmetal.a(sifive_gpio0.o)
 .rodata.__metal_driver_sifive_gpio0_clear_int
                0x20104844       0x1c C:/fs3_vsd/projects/SiFive_BitNET_MCU/bsp/install/lib/release/\libmetal.a(sifive_gpio0.o)
 .rodata.__metal_driver_vtable_sifive_gpio0
                0x20104860       0x3c C:/fs3_vsd/projects/SiFive_BitNET_MCU/bsp/install/lib/release/\libmetal.a(sifive_gpio0.o)
                0x20104860                __metal_driver_vtable_sifive_gpio0
 .rodata.__metal_driver_vtable_sifive_uart0
                0x2010489c       0x40 C:/fs3_vsd/projects/SiFive_BitNET_MCU/bsp/install/lib/release/\libmetal.a(sifive_uart0.o)
                0x2010489c                __metal_driver_vtable_sifive_uart0
 *fill*         0x201048dc        0x4 
 .rodata.libgloss.start
                0x201048e0       0x11 C:/fs3_vsd/projects/SiFive_BitNET_MCU/bsp/install/lib/release/\libmetal-gloss.a(crt0.o)
 *(.gnu.linkonce.r.*)
                0x201048f8                        . = ALIGN (0x8)
 *fill*         0x201048f1        0x7 
 *(.srodata.cst16)
 *(.srodata.cst8)
 *(.srodata.cst4)
 *(.srodata.cst2)
 *(.srodata .srodata.*)
 .srodata       0x201048f8      0x1dc C:\Users\ankit\AppData\Local\Temp\ccyYnjNp.o
                0x201048f8                processfclayer
 .srodata._global_impure_ptr
                0x20104ad4        0x4 g:/vsd/fs/fs_installer/sifive/riscv64-unknown-elf-toolsuite-17.9.0-2023.10.0/bin/../lib/gcc/riscv64-unknown-elf/12.2.1/../../../../riscv64-unknown-elf/lib/rv32imac/ilp32\libc_nano.a(lib_a-impure.o)
                0x20104ad4                _global_impure_ptr
 .srodata.CSWTCH.79
                0x20104ad8        0x3 C:/fs3_vsd/projects/SiFive_BitNET_MCU/bsp/install/lib/release/\libmetal.a(riscv_cpu.o)
 *fill*         0x20104adb        0x1 
 .srodata.__metal_driver_vtable_sifive_fe310_g000_hfrosc
                0x20104adc        0x8 C:/fs3_vsd/projects/SiFive_BitNET_MCU/bsp/install/lib/release/\libmetal.a(sifive_fe310-g000_hfrosc.o)
                0x20104adc                __metal_driver_vtable_sifive_fe310_g000_hfrosc
 .srodata.__metal_driver_vtable_sifive_fe310_g000_hfxosc
                0x20104ae4        0x8 C:/fs3_vsd/projects/SiFive_BitNET_MCU/bsp/install/lib/release/\libmetal.a(sifive_fe310-g000_hfxosc.o)
                0x20104ae4                __metal_driver_vtable_sifive_fe310_g000_hfxosc
 .srodata.__metal_driver_vtable_sifive_fe310_g000_prci
                0x20104aec        0x8 C:/fs3_vsd/projects/SiFive_BitNET_MCU/bsp/install/lib/release/\libmetal.a(sifive_fe310-g000_prci.o)
                0x20104aec                __metal_driver_vtable_sifive_fe310_g000_prci
 .srodata.__metal_driver_vtable_fixed_clock
                0x20104af4        0x8 C:/fs3_vsd/projects/SiFive_BitNET_MCU/bsp/install/lib/release/\libmetal.a(fixed-clock.o)
                0x20104af4                __metal_driver_vtable_fixed_clock

.itim           0x80000000        0x0 load address 0x20104b00
 *(.itim .itim.*)
                0x20104b00                        PROVIDE (metal_segment_itim_source_start = LOADADDR (.itim))
                0x80000000                        PROVIDE (metal_segment_itim_target_start = ADDR (.itim))
                0x80000000                        PROVIDE (metal_segment_itim_target_end = (ADDR (.itim) + SIZEOF (.itim)))

.lim            0x80000000        0x0 load address 0x20104b00
 *(.lim .lim.*)
                0x20104b00                        PROVIDE (metal_segment_lim_source_start = LOADADDR (.lim))
                0x80000000                        PROVIDE (metal_segment_lim_target_start = ADDR (.lim))
                0x80000000                        PROVIDE (metal_segment_lim_target_end = (ADDR (.lim) + SIZEOF (.lim)))

.text           0x20104b00     0x3ede
 *(.text.unlikely .text.unlikely.*)
 *(.text.startup .text.startup.*)
 .text.startup.main
                0x20104b00      0x198 C:\Users\ankit\AppData\Local\Temp\ccyYnjNp.o
                0x20104b00                main
 *(.text .text.*)
 .text.timer_isr
                0x20104c98       0x1e C:\Users\ankit\AppData\Local\Temp\ccyYnjNp.o
                0x20104c98                timer_isr
 .text.ReLUNorm
                0x20104cb6       0x74 C:\Users\ankit\AppData\Local\Temp\ccyYnjNp.o
                0x20104cb6                ReLUNorm
 .text.BitMnistInference
                0x20104d2a       0xb2 C:\Users\ankit\AppData\Local\Temp\ccyYnjNp.o
                0x20104d2a                BitMnistInference
 .text.display_banner
                0x20104ddc      0x102 C:\Users\ankit\AppData\Local\Temp\ccyYnjNp.o
                0x20104ddc                display_banner
 .text.wait_for_timer
                0x20104ede       0x5a C:\Users\ankit\AppData\Local\Temp\ccyYnjNp.o
                0x20104ede                wait_for_timer
 .text.printf   0x20104f38       0x3e g:/vsd/fs/fs_installer/sifive/riscv64-unknown-elf-toolsuite-17.9.0-2023.10.0/bin/../lib/gcc/riscv64-unknown-elf/12.2.1/../../../../riscv64-unknown-elf/lib/rv32imac/ilp32\libc_nano.a(lib_a-printf.o)
                0x20104f38                iprintf
                0x20104f38                printf
 .text.putchar  0x20104f76       0x2a g:/vsd/fs/fs_installer/sifive/riscv64-unknown-elf-toolsuite-17.9.0-2023.10.0/bin/../lib/gcc/riscv64-unknown-elf/12.2.1/../../../../riscv64-unknown-elf/lib/rv32imac/ilp32\libc_nano.a(lib_a-putchar.o)
                0x20104f76                putchar
 .text._putc_r  0x20104fa0       0x82 g:/vsd/fs/fs_installer/sifive/riscv64-unknown-elf-toolsuite-17.9.0-2023.10.0/bin/../lib/gcc/riscv64-unknown-elf/12.2.1/../../../../riscv64-unknown-elf/lib/rv32imac/ilp32\libc_nano.a(lib_a-putc.o)
                0x20104fa0                _putc_r
 .text._puts_r  0x20105022       0xe4 g:/vsd/fs/fs_installer/sifive/riscv64-unknown-elf-toolsuite-17.9.0-2023.10.0/bin/../lib/gcc/riscv64-unknown-elf/12.2.1/../../../../riscv64-unknown-elf/lib/rv32imac/ilp32\libc_nano.a(lib_a-puts.o)
                0x20105022                _puts_r
 .text.puts     0x20105106        0xc g:/vsd/fs/fs_installer/sifive/riscv64-unknown-elf-toolsuite-17.9.0-2023.10.0/bin/../lib/gcc/riscv64-unknown-elf/12.2.1/../../../../riscv64-unknown-elf/lib/rv32imac/ilp32\libc_nano.a(lib_a-puts.o)
                0x20105106                puts
 .text.__swbuf_r
                0x20105112       0xc0 g:/vsd/fs/fs_installer/sifive/riscv64-unknown-elf-toolsuite-17.9.0-2023.10.0/bin/../lib/gcc/riscv64-unknown-elf/12.2.1/../../../../riscv64-unknown-elf/lib/rv32imac/ilp32\libc_nano.a(lib_a-wbuf.o)
                0x20105112                __swbuf_r
 .text.__swsetup_r
                0x201051d2       0xfe g:/vsd/fs/fs_installer/sifive/riscv64-unknown-elf-toolsuite-17.9.0-2023.10.0/bin/../lib/gcc/riscv64-unknown-elf/12.2.1/../../../../riscv64-unknown-elf/lib/rv32imac/ilp32\libc_nano.a(lib_a-wsetup.o)
                0x201051d2                __swsetup_r
 .text.__sflush_r
                0x201052d0      0x138 g:/vsd/fs/fs_installer/sifive/riscv64-unknown-elf-toolsuite-17.9.0-2023.10.0/bin/../lib/gcc/riscv64-unknown-elf/12.2.1/../../../../riscv64-unknown-elf/lib/rv32imac/ilp32\libc_nano.a(lib_a-fflush.o)
                0x201052d0                __sflush_r
 .text._fflush_r
                0x20105408       0x64 g:/vsd/fs/fs_installer/sifive/riscv64-unknown-elf-toolsuite-17.9.0-2023.10.0/bin/../lib/gcc/riscv64-unknown-elf/12.2.1/../../../../riscv64-unknown-elf/lib/rv32imac/ilp32\libc_nano.a(lib_a-fflush.o)
                0x20105408                _fflush_r
 .text.std      0x2010546c       0x68 g:/vsd/fs/fs_installer/sifive/riscv64-unknown-elf-toolsuite-17.9.0-2023.10.0/bin/../lib/gcc/riscv64-unknown-elf/12.2.1/../../../../riscv64-unknown-elf/lib/rv32imac/ilp32\libc_nano.a(lib_a-findfp.o)
 .text._cleanup_r
                0x201054d4        0xa g:/vsd/fs/fs_installer/sifive/riscv64-unknown-elf-toolsuite-17.9.0-2023.10.0/bin/../lib/gcc/riscv64-unknown-elf/12.2.1/../../../../riscv64-unknown-elf/lib/rv32imac/ilp32\libc_nano.a(lib_a-findfp.o)
                0x201054d4                _cleanup_r
 .text.__sfmoreglue
                0x201054de       0x44 g:/vsd/fs/fs_installer/sifive/riscv64-unknown-elf-toolsuite-17.9.0-2023.10.0/bin/../lib/gcc/riscv64-unknown-elf/12.2.1/../../../../riscv64-unknown-elf/lib/rv32imac/ilp32\libc_nano.a(lib_a-findfp.o)
                0x201054de                __sfmoreglue
 .text.__sinit  0x20105522       0x6a g:/vsd/fs/fs_installer/sifive/riscv64-unknown-elf-toolsuite-17.9.0-2023.10.0/bin/../lib/gcc/riscv64-unknown-elf/12.2.1/../../../../riscv64-unknown-elf/lib/rv32imac/ilp32\libc_nano.a(lib_a-findfp.o)
                0x20105522                __sinit
 .text.__sfp    0x2010558c       0x9c g:/vsd/fs/fs_installer/sifive/riscv64-unknown-elf-toolsuite-17.9.0-2023.10.0/bin/../lib/gcc/riscv64-unknown-elf/12.2.1/../../../../riscv64-unknown-elf/lib/rv32imac/ilp32\libc_nano.a(lib_a-findfp.o)
                0x2010558c                __sfp
 .text._fwalk_reent
                0x20105628       0x6a g:/vsd/fs/fs_installer/sifive/riscv64-unknown-elf-toolsuite-17.9.0-2023.10.0/bin/../lib/gcc/riscv64-unknown-elf/12.2.1/../../../../riscv64-unknown-elf/lib/rv32imac/ilp32\libc_nano.a(lib_a-fwalk.o)
                0x20105628                _fwalk_reent
 .text.__swhatbuf_r
                0x20105692       0x5c g:/vsd/fs/fs_installer/sifive/riscv64-unknown-elf-toolsuite-17.9.0-2023.10.0/bin/../lib/gcc/riscv64-unknown-elf/12.2.1/../../../../riscv64-unknown-elf/lib/rv32imac/ilp32\libc_nano.a(lib_a-makebuf.o)
                0x20105692                __swhatbuf_r
 .text.__smakebuf_r
                0x201056ee       0xa2 g:/vsd/fs/fs_installer/sifive/riscv64-unknown-elf-toolsuite-17.9.0-2023.10.0/bin/../lib/gcc/riscv64-unknown-elf/12.2.1/../../../../riscv64-unknown-elf/lib/rv32imac/ilp32\libc_nano.a(lib_a-makebuf.o)
                0x201056ee                __smakebuf_r
 .text          0x20105790       0xa8 g:/vsd/fs/fs_installer/sifive/riscv64-unknown-elf-toolsuite-17.9.0-2023.10.0/bin/../lib/gcc/riscv64-unknown-elf/12.2.1/../../../../riscv64-unknown-elf/lib/rv32imac/ilp32\libc_nano.a(lib_a-memset.o)
                0x20105790                memset
 .text._free_r  0x20105838       0x9e g:/vsd/fs/fs_installer/sifive/riscv64-unknown-elf-toolsuite-17.9.0-2023.10.0/bin/../lib/gcc/riscv64-unknown-elf/12.2.1/../../../../riscv64-unknown-elf/lib/rv32imac/ilp32\libc_nano.a(lib_a-nano-freer.o)
                0x20105838                _free_r
 .text._malloc_r
                0x201058d6       0xd0 g:/vsd/fs/fs_installer/sifive/riscv64-unknown-elf-toolsuite-17.9.0-2023.10.0/bin/../lib/gcc/riscv64-unknown-elf/12.2.1/../../../../riscv64-unknown-elf/lib/rv32imac/ilp32\libc_nano.a(lib_a-nano-mallocr.o)
                0x201058d6                _malloc_r
 .text.__sfputc_r
                0x201059a6       0x2a g:/vsd/fs/fs_installer/sifive/riscv64-unknown-elf-toolsuite-17.9.0-2023.10.0/bin/../lib/gcc/riscv64-unknown-elf/12.2.1/../../../../riscv64-unknown-elf/lib/rv32imac/ilp32\libc_nano.a(lib_a-nano-vfprintf.o)
 .text.__sfputs_r
                0x201059d0       0x42 g:/vsd/fs/fs_installer/sifive/riscv64-unknown-elf-toolsuite-17.9.0-2023.10.0/bin/../lib/gcc/riscv64-unknown-elf/12.2.1/../../../../riscv64-unknown-elf/lib/rv32imac/ilp32\libc_nano.a(lib_a-nano-vfprintf.o)
                0x201059d0                __sfputs_r
 .text._vfprintf_r
                0x20105a12      0x294 g:/vsd/fs/fs_installer/sifive/riscv64-unknown-elf-toolsuite-17.9.0-2023.10.0/bin/../lib/gcc/riscv64-unknown-elf/12.2.1/../../../../riscv64-unknown-elf/lib/rv32imac/ilp32\libc_nano.a(lib_a-nano-vfprintf.o)
                0x20105a12                _vfprintf_r
                0x20105a12                _vfiprintf_r
 .text._sbrk_r  0x20105ca6       0x28 g:/vsd/fs/fs_installer/sifive/riscv64-unknown-elf-toolsuite-17.9.0-2023.10.0/bin/../lib/gcc/riscv64-unknown-elf/12.2.1/../../../../riscv64-unknown-elf/lib/rv32imac/ilp32\libc_nano.a(lib_a-sbrkr.o)
                0x20105ca6                _sbrk_r
 .text.__sread  0x20105cce       0x30 g:/vsd/fs/fs_installer/sifive/riscv64-unknown-elf-toolsuite-17.9.0-2023.10.0/bin/../lib/gcc/riscv64-unknown-elf/12.2.1/../../../../riscv64-unknown-elf/lib/rv32imac/ilp32\libc_nano.a(lib_a-stdio.o)
                0x20105cce                __sread
 .text.__swrite
                0x20105cfe       0x4e g:/vsd/fs/fs_installer/sifive/riscv64-unknown-elf-toolsuite-17.9.0-2023.10.0/bin/../lib/gcc/riscv64-unknown-elf/12.2.1/../../../../riscv64-unknown-elf/lib/rv32imac/ilp32\libc_nano.a(lib_a-stdio.o)
                0x20105cfe                __swrite
 .text.__sseek  0x20105d4c       0x36 g:/vsd/fs/fs_installer/sifive/riscv64-unknown-elf-toolsuite-17.9.0-2023.10.0/bin/../lib/gcc/riscv64-unknown-elf/12.2.1/../../../../riscv64-unknown-elf/lib/rv32imac/ilp32\libc_nano.a(lib_a-stdio.o)
                0x20105d4c                __sseek
 .text.__sclose
                0x20105d82        0x6 g:/vsd/fs/fs_installer/sifive/riscv64-unknown-elf-toolsuite-17.9.0-2023.10.0/bin/../lib/gcc/riscv64-unknown-elf/12.2.1/../../../../riscv64-unknown-elf/lib/rv32imac/ilp32\libc_nano.a(lib_a-stdio.o)
                0x20105d82                __sclose
 .text._write_r
                0x20105d88       0x2c g:/vsd/fs/fs_installer/sifive/riscv64-unknown-elf-toolsuite-17.9.0-2023.10.0/bin/../lib/gcc/riscv64-unknown-elf/12.2.1/../../../../riscv64-unknown-elf/lib/rv32imac/ilp32\libc_nano.a(lib_a-writer.o)
                0x20105d88                _write_r
 .text._close_r
                0x20105db4       0x28 g:/vsd/fs/fs_installer/sifive/riscv64-unknown-elf-toolsuite-17.9.0-2023.10.0/bin/../lib/gcc/riscv64-unknown-elf/12.2.1/../../../../riscv64-unknown-elf/lib/rv32imac/ilp32\libc_nano.a(lib_a-closer.o)
                0x20105db4                _close_r
 .text._fstat_r
                0x20105ddc       0x2a g:/vsd/fs/fs_installer/sifive/riscv64-unknown-elf-toolsuite-17.9.0-2023.10.0/bin/../lib/gcc/riscv64-unknown-elf/12.2.1/../../../../riscv64-unknown-elf/lib/rv32imac/ilp32\libc_nano.a(lib_a-fstatr.o)
                0x20105ddc                _fstat_r
 .text._isatty_r
                0x20105e06       0x28 g:/vsd/fs/fs_installer/sifive/riscv64-unknown-elf-toolsuite-17.9.0-2023.10.0/bin/../lib/gcc/riscv64-unknown-elf/12.2.1/../../../../riscv64-unknown-elf/lib/rv32imac/ilp32\libc_nano.a(lib_a-isattyr.o)
                0x20105e06                _isatty_r
 .text._lseek_r
                0x20105e2e       0x2c g:/vsd/fs/fs_installer/sifive/riscv64-unknown-elf-toolsuite-17.9.0-2023.10.0/bin/../lib/gcc/riscv64-unknown-elf/12.2.1/../../../../riscv64-unknown-elf/lib/rv32imac/ilp32\libc_nano.a(lib_a-lseekr.o)
                0x20105e2e                _lseek_r
 .text.memchr   0x20105e5a       0x1a g:/vsd/fs/fs_installer/sifive/riscv64-unknown-elf-toolsuite-17.9.0-2023.10.0/bin/../lib/gcc/riscv64-unknown-elf/12.2.1/../../../../riscv64-unknown-elf/lib/rv32imac/ilp32\libc_nano.a(lib_a-memchr.o)
                0x20105e5a                memchr
 .text.__malloc_lock
                0x20105e74        0x2 g:/vsd/fs/fs_installer/sifive/riscv64-unknown-elf-toolsuite-17.9.0-2023.10.0/bin/../lib/gcc/riscv64-unknown-elf/12.2.1/../../../../riscv64-unknown-elf/lib/rv32imac/ilp32\libc_nano.a(lib_a-mlock.o)
                0x20105e74                __malloc_lock
 .text.__malloc_unlock
                0x20105e76        0x2 g:/vsd/fs/fs_installer/sifive/riscv64-unknown-elf-toolsuite-17.9.0-2023.10.0/bin/../lib/gcc/riscv64-unknown-elf/12.2.1/../../../../riscv64-unknown-elf/lib/rv32imac/ilp32\libc_nano.a(lib_a-mlock.o)
                0x20105e76                __malloc_unlock
 .text._printf_common
                0x20105e78      0x110 g:/vsd/fs/fs_installer/sifive/riscv64-unknown-elf-toolsuite-17.9.0-2023.10.0/bin/../lib/gcc/riscv64-unknown-elf/12.2.1/../../../../riscv64-unknown-elf/lib/rv32imac/ilp32\libc_nano.a(lib_a-nano-vfprintf_i.o)
                0x20105e78                _printf_common
 .text._printf_i
                0x20105f88      0x276 g:/vsd/fs/fs_installer/sifive/riscv64-unknown-elf-toolsuite-17.9.0-2023.10.0/bin/../lib/gcc/riscv64-unknown-elf/12.2.1/../../../../riscv64-unknown-elf/lib/rv32imac/ilp32\libc_nano.a(lib_a-nano-vfprintf_i.o)
                0x20105f88                _printf_i
 .text._read_r  0x201061fe       0x2c g:/vsd/fs/fs_installer/sifive/riscv64-unknown-elf-toolsuite-17.9.0-2023.10.0/bin/../lib/gcc/riscv64-unknown-elf/12.2.1/../../../../riscv64-unknown-elf/lib/rv32imac/ilp32\libc_nano.a(lib_a-readr.o)
                0x201061fe                _read_r
 .text.metal_cpu_get_mtime
                0x2010622a        0x6 C:/fs3_vsd/projects/SiFive_BitNET_MCU/bsp/install/lib/release/\libmetal.a(cpu.o)
                0x2010622a                metal_cpu_get_mtime
 .text.metal_cpu_timer_interrupt_controller
                0x20106230        0x6 C:/fs3_vsd/projects/SiFive_BitNET_MCU/bsp/install/lib/release/\libmetal.a(cpu.o)
                0x20106230                metal_cpu_timer_interrupt_controller
 .text.metal_cpu_timer_get_interrupt_id
                0x20106236        0x6 C:/fs3_vsd/projects/SiFive_BitNET_MCU/bsp/install/lib/release/\libmetal.a(cpu.o)
                0x20106236                metal_cpu_timer_get_interrupt_id
 .text.metal_cpu_interrupt_controller
                0x2010623c        0x6 C:/fs3_vsd/projects/SiFive_BitNET_MCU/bsp/install/lib/release/\libmetal.a(cpu.o)
                0x2010623c                metal_cpu_interrupt_controller
 .text.metal_cpu_get
                0x20106242       0x10 C:/fs3_vsd/projects/SiFive_BitNET_MCU/bsp/install/lib/release/\libmetal.a(cpu.o)
                0x20106242                metal_cpu_get
 .text.metal_cpu_get_current_hartid
                0x20106252        0x6 C:/fs3_vsd/projects/SiFive_BitNET_MCU/bsp/install/lib/release/\libmetal.a(cpu.o)
                0x20106252                metal_cpu_get_current_hartid
 .text.metal_interrupt_init
                0x20106258        0x6 C:/fs3_vsd/projects/SiFive_BitNET_MCU/bsp/install/lib/release/\libmetal.a(interrupt.o)
                0x20106258                metal_interrupt_init
 .text.metal_interrupt_register_handler
                0x2010625e        0x6 C:/fs3_vsd/projects/SiFive_BitNET_MCU/bsp/install/lib/release/\libmetal.a(interrupt.o)
                0x2010625e                metal_interrupt_register_handler
 .text.metal_interrupt_enable
                0x20106264        0x6 C:/fs3_vsd/projects/SiFive_BitNET_MCU/bsp/install/lib/release/\libmetal.a(interrupt.o)
                0x20106264                metal_interrupt_enable
 .text.metal_led_enable
                0x2010626a        0x6 C:/fs3_vsd/projects/SiFive_BitNET_MCU/bsp/install/lib/release/\libmetal.a(led.o)
                0x2010626a                metal_led_enable
 .text.metal_led_on
                0x20106270        0x6 C:/fs3_vsd/projects/SiFive_BitNET_MCU/bsp/install/lib/release/\libmetal.a(led.o)
                0x20106270                metal_led_on
 .text.metal_led_off
                0x20106276        0x6 C:/fs3_vsd/projects/SiFive_BitNET_MCU/bsp/install/lib/release/\libmetal.a(led.o)
                0x20106276                metal_led_off
 .text.metal_led_get_rgb
                0x2010627c       0x50 C:/fs3_vsd/projects/SiFive_BitNET_MCU/bsp/install/lib/release/\libmetal.a(led.o)
                0x2010627c                metal_led_get_rgb
 .text.__metal_driver_riscv_clint0_mtimecmp_set
                0x201062cc       0x28 C:/fs3_vsd/projects/SiFive_BitNET_MCU/bsp/install/lib/release/\libmetal.a(riscv_clint0.o)
                0x201062cc                __metal_driver_riscv_clint0_mtimecmp_set
 .text.__metal_driver_riscv_clint0_init
                0x201062f4       0x52 C:/fs3_vsd/projects/SiFive_BitNET_MCU/bsp/install/lib/release/\libmetal.a(riscv_clint0.o)
                0x201062f4                __metal_driver_riscv_clint0_init
 .text.__metal_driver_riscv_clint0_vector_register
                0x20106346        0x4 C:/fs3_vsd/projects/SiFive_BitNET_MCU/bsp/install/lib/release/\libmetal.a(riscv_clint0.o)
                0x20106346                __metal_driver_riscv_clint0_vector_register
 .text.__metal_driver_riscv_clint0_get_vector_mode
                0x2010634a        0x4 C:/fs3_vsd/projects/SiFive_BitNET_MCU/bsp/install/lib/release/\libmetal.a(riscv_clint0.o)
                0x2010634a                __metal_driver_riscv_clint0_get_vector_mode
 .text._get_cpu_intc
                0x2010634e       0x10 C:/fs3_vsd/projects/SiFive_BitNET_MCU/bsp/install/lib/release/\libmetal.a(riscv_clint0.o)
 .text.__metal_driver_riscv_clint0_register
                0x2010635e       0x6c C:/fs3_vsd/projects/SiFive_BitNET_MCU/bsp/install/lib/release/\libmetal.a(riscv_clint0.o)
                0x2010635e                __metal_driver_riscv_clint0_register
 .text.__metal_driver_riscv_clint0_set_vector_mode
                0x201063ca       0x24 C:/fs3_vsd/projects/SiFive_BitNET_MCU/bsp/install/lib/release/\libmetal.a(riscv_clint0.o)
                0x201063ca                __metal_driver_riscv_clint0_set_vector_mode
 .text.__metal_driver_riscv_clint0_enable
                0x201063ee       0x4e C:/fs3_vsd/projects/SiFive_BitNET_MCU/bsp/install/lib/release/\libmetal.a(riscv_clint0.o)
                0x201063ee                __metal_driver_riscv_clint0_enable
 .text.__metal_driver_riscv_clint0_disable
                0x2010643c       0x4e C:/fs3_vsd/projects/SiFive_BitNET_MCU/bsp/install/lib/release/\libmetal.a(riscv_clint0.o)
                0x2010643c                __metal_driver_riscv_clint0_disable
 .text.__metal_clint0_mtime_get
                0x2010648a       0x24 C:/fs3_vsd/projects/SiFive_BitNET_MCU/bsp/install/lib/release/\libmetal.a(riscv_clint0.o)
                0x2010648a                __metal_clint0_mtime_get
 .text.__metal_driver_riscv_clint0_command_request
                0x201064ae       0x7e C:/fs3_vsd/projects/SiFive_BitNET_MCU/bsp/install/lib/release/\libmetal.a(riscv_clint0.o)
                0x201064ae                __metal_driver_riscv_clint0_command_request
 .text.__metal_driver_riscv_clint0_clear_interrupt
                0x2010652c       0x1c C:/fs3_vsd/projects/SiFive_BitNET_MCU/bsp/install/lib/release/\libmetal.a(riscv_clint0.o)
                0x2010652c                __metal_driver_riscv_clint0_clear_interrupt
 .text.__metal_driver_riscv_clint0_set_interrupt
                0x20106548       0x1c C:/fs3_vsd/projects/SiFive_BitNET_MCU/bsp/install/lib/release/\libmetal.a(riscv_clint0.o)
                0x20106548                __metal_driver_riscv_clint0_set_interrupt
 .text.__metal_default_sw_handler
                0x20106564       0x42 C:/fs3_vsd/projects/SiFive_BitNET_MCU/bsp/install/lib/release/\libmetal.a(riscv_cpu.o)
                0x20106564                __metal_default_sw_handler
 .text.__metal_default_beu_handler
                0x201065a6        0x2 C:/fs3_vsd/projects/SiFive_BitNET_MCU/bsp/install/lib/release/\libmetal.a(riscv_cpu.o)
                0x201065a6                __metal_default_beu_handler
 *fill*         0x201065a8       0x58 
 .text.__metal_exception_handler
                0x20106600       0xfe C:/fs3_vsd/projects/SiFive_BitNET_MCU/bsp/install/lib/release/\libmetal.a(riscv_cpu.o)
                0x20106600                __metal_exception_handler
 .text.__metal_driver_riscv_cpu_controller_command_request
                0x201066fe        0x4 C:/fs3_vsd/projects/SiFive_BitNET_MCU/bsp/install/lib/release/\libmetal.a(riscv_cpu.o)
                0x201066fe                __metal_driver_riscv_cpu_controller_command_request
 .text.__metal_driver_cpu_mcycle_get
                0x20106702       0x12 C:/fs3_vsd/projects/SiFive_BitNET_MCU/bsp/install/lib/release/\libmetal.a(riscv_cpu.o)
                0x20106702                __metal_driver_cpu_mcycle_get
 .text.__metal_driver_cpu_timebase_get
                0x20106714       0x22 C:/fs3_vsd/projects/SiFive_BitNET_MCU/bsp/install/lib/release/\libmetal.a(riscv_cpu.o)
                0x20106714                __metal_driver_cpu_timebase_get
 .text.__metal_driver_cpu_mtime_get
                0x20106736       0x32 C:/fs3_vsd/projects/SiFive_BitNET_MCU/bsp/install/lib/release/\libmetal.a(riscv_cpu.o)
                0x20106736                __metal_driver_cpu_mtime_get
 .text.__metal_driver_cpu_timer_controller_interrupt
                0x20106768        0x6 C:/fs3_vsd/projects/SiFive_BitNET_MCU/bsp/install/lib/release/\libmetal.a(riscv_cpu.o)
                0x20106768                __metal_driver_cpu_timer_controller_interrupt
 .text.__metal_driver_cpu_get_timer_interrupt_id
                0x2010676e        0x4 C:/fs3_vsd/projects/SiFive_BitNET_MCU/bsp/install/lib/release/\libmetal.a(riscv_cpu.o)
                0x2010676e                __metal_driver_cpu_get_timer_interrupt_id
 .text.__metal_driver_cpu_get_sw_interrupt_id
                0x20106772        0x4 C:/fs3_vsd/projects/SiFive_BitNET_MCU/bsp/install/lib/release/\libmetal.a(riscv_cpu.o)
                0x20106772                __metal_driver_cpu_get_sw_interrupt_id
 .text.__metal_driver_cpu_set_sw_ipi
                0x20106776       0x30 C:/fs3_vsd/projects/SiFive_BitNET_MCU/bsp/install/lib/release/\libmetal.a(riscv_cpu.o)
                0x20106776                __metal_driver_cpu_set_sw_ipi
 .text.__metal_driver_cpu_clear_sw_ipi
                0x201067a6       0x30 C:/fs3_vsd/projects/SiFive_BitNET_MCU/bsp/install/lib/release/\libmetal.a(riscv_cpu.o)
                0x201067a6                __metal_driver_cpu_clear_sw_ipi
 .text.__metal_driver_cpu_get_msip
                0x201067d6       0x30 C:/fs3_vsd/projects/SiFive_BitNET_MCU/bsp/install/lib/release/\libmetal.a(riscv_cpu.o)
                0x201067d6                __metal_driver_cpu_get_msip
 .text.__metal_driver_cpu_controller_interrupt
                0x20106806       0x16 C:/fs3_vsd/projects/SiFive_BitNET_MCU/bsp/install/lib/release/\libmetal.a(riscv_cpu.o)
                0x20106806                __metal_driver_cpu_controller_interrupt
 .text.__metal_driver_cpu_get_instruction_length
                0x2010681c       0x12 C:/fs3_vsd/projects/SiFive_BitNET_MCU/bsp/install/lib/release/\libmetal.a(riscv_cpu.o)
                0x2010681c                __metal_driver_cpu_get_instruction_length
 .text.__metal_driver_cpu_get_exception_pc
                0x2010682e        0x6 C:/fs3_vsd/projects/SiFive_BitNET_MCU/bsp/install/lib/release/\libmetal.a(riscv_cpu.o)
                0x2010682e                __metal_driver_cpu_get_exception_pc
 .text.__metal_driver_cpu_set_exception_pc
                0x20106834        0x8 C:/fs3_vsd/projects/SiFive_BitNET_MCU/bsp/install/lib/release/\libmetal.a(riscv_cpu.o)
                0x20106834                __metal_driver_cpu_set_exception_pc
 .text.__metal_driver_cpu_get_buserror
                0x2010683c        0x4 C:/fs3_vsd/projects/SiFive_BitNET_MCU/bsp/install/lib/release/\libmetal.a(riscv_cpu.o)
                0x2010683c                __metal_driver_cpu_get_buserror
 .text.__metal_default_exception_handler
                0x20106840        0xc C:/fs3_vsd/projects/SiFive_BitNET_MCU/bsp/install/lib/release/\libmetal.a(riscv_cpu.o)
                0x20106840                __metal_default_exception_handler
 .text.__metal_default_interrupt_handler
                0x2010684c        0xc C:/fs3_vsd/projects/SiFive_BitNET_MCU/bsp/install/lib/release/\libmetal.a(riscv_cpu.o)
                0x2010684c                __metal_default_interrupt_handler
 .text.__metal_driver_cpu_mtimecmp_set
                0x20106858       0x22 C:/fs3_vsd/projects/SiFive_BitNET_MCU/bsp/install/lib/release/\libmetal.a(riscv_cpu.o)
                0x20106858                __metal_driver_cpu_mtimecmp_set
 .text.__metal_driver_riscv_cpu_controller_interrupt_init
                0x2010687a       0x5e C:/fs3_vsd/projects/SiFive_BitNET_MCU/bsp/install/lib/release/\libmetal.a(riscv_cpu.o)
                0x2010687a                __metal_driver_riscv_cpu_controller_interrupt_init
 .text.__metal_driver_cpu_sw_controller_interrupt
                0x201068d8        0x6 C:/fs3_vsd/projects/SiFive_BitNET_MCU/bsp/install/lib/release/\libmetal.a(riscv_cpu.o)
                0x201068d8                __metal_driver_cpu_sw_controller_interrupt
 .text.__metal_driver_riscv_cpu_controller_set_vector_mode
                0x201068de       0x32 C:/fs3_vsd/projects/SiFive_BitNET_MCU/bsp/install/lib/release/\libmetal.a(riscv_cpu.o)
                0x201068de                __metal_driver_riscv_cpu_controller_set_vector_mode
 .text.__metal_driver_cpu_get
                0x20106910       0x18 C:/fs3_vsd/projects/SiFive_BitNET_MCU/bsp/install/lib/release/\libmetal.a(riscv_cpu.o)
                0x20106910                __metal_driver_cpu_get
 .text.__metal_default_timer_handler
                0x20106928       0x26 C:/fs3_vsd/projects/SiFive_BitNET_MCU/bsp/install/lib/release/\libmetal.a(riscv_cpu.o)
                0x20106928                __metal_default_timer_handler
 .text.__metal_myhart_id
                0x2010694e        0x6 C:/fs3_vsd/projects/SiFive_BitNET_MCU/bsp/install/lib/release/\libmetal.a(riscv_cpu.o)
                0x2010694e                __metal_myhart_id
 .text.metal_interrupt_vector_handler
                0x20106954       0x2a C:/fs3_vsd/projects/SiFive_BitNET_MCU/bsp/install/lib/release/\libmetal.a(riscv_cpu.o)
                0x20106954                metal_interrupt_vector_handler
 .text.metal_software_interrupt_vector_handler
                0x2010697e       0x7e C:/fs3_vsd/projects/SiFive_BitNET_MCU/bsp/install/lib/release/\libmetal.a(riscv_cpu.o)
                0x2010697e                metal_software_interrupt_vector_handler
 .text.metal_timer_interrupt_vector_handler
                0x201069fc       0x7e C:/fs3_vsd/projects/SiFive_BitNET_MCU/bsp/install/lib/release/\libmetal.a(riscv_cpu.o)
                0x201069fc                metal_timer_interrupt_vector_handler
 .text.metal_lc0_interrupt_vector_handler
                0x20106a7a       0x7e C:/fs3_vsd/projects/SiFive_BitNET_MCU/bsp/install/lib/release/\libmetal.a(riscv_cpu.o)
                0x20106a7a                metal_lc0_interrupt_vector_handler
 .text.metal_lc1_interrupt_vector_handler
                0x20106af8       0x7e C:/fs3_vsd/projects/SiFive_BitNET_MCU/bsp/install/lib/release/\libmetal.a(riscv_cpu.o)
                0x20106af8                metal_lc1_interrupt_vector_handler
 .text.metal_lc2_interrupt_vector_handler
                0x20106b76       0x7e C:/fs3_vsd/projects/SiFive_BitNET_MCU/bsp/install/lib/release/\libmetal.a(riscv_cpu.o)
                0x20106b76                metal_lc2_interrupt_vector_handler
 .text.metal_lc3_interrupt_vector_handler
                0x20106bf4       0x7e C:/fs3_vsd/projects/SiFive_BitNET_MCU/bsp/install/lib/release/\libmetal.a(riscv_cpu.o)
                0x20106bf4                metal_lc3_interrupt_vector_handler
 .text.metal_lc4_interrupt_vector_handler
                0x20106c72       0x7e C:/fs3_vsd/projects/SiFive_BitNET_MCU/bsp/install/lib/release/\libmetal.a(riscv_cpu.o)
                0x20106c72                metal_lc4_interrupt_vector_handler
 .text.metal_lc5_interrupt_vector_handler
                0x20106cf0       0x7e C:/fs3_vsd/projects/SiFive_BitNET_MCU/bsp/install/lib/release/\libmetal.a(riscv_cpu.o)
                0x20106cf0                metal_lc5_interrupt_vector_handler
 .text.metal_lc6_interrupt_vector_handler
                0x20106d6e       0x7e C:/fs3_vsd/projects/SiFive_BitNET_MCU/bsp/install/lib/release/\libmetal.a(riscv_cpu.o)
                0x20106d6e                metal_lc6_interrupt_vector_handler
 .text.metal_lc7_interrupt_vector_handler
                0x20106dec       0x7e C:/fs3_vsd/projects/SiFive_BitNET_MCU/bsp/install/lib/release/\libmetal.a(riscv_cpu.o)
                0x20106dec                metal_lc7_interrupt_vector_handler
 .text.metal_lc8_interrupt_vector_handler
                0x20106e6a       0x7e C:/fs3_vsd/projects/SiFive_BitNET_MCU/bsp/install/lib/release/\libmetal.a(riscv_cpu.o)
                0x20106e6a                metal_lc8_interrupt_vector_handler
 .text.metal_lc9_interrupt_vector_handler
                0x20106ee8       0x7e C:/fs3_vsd/projects/SiFive_BitNET_MCU/bsp/install/lib/release/\libmetal.a(riscv_cpu.o)
                0x20106ee8                metal_lc9_interrupt_vector_handler
 .text.metal_lc10_interrupt_vector_handler
                0x20106f66       0x7e C:/fs3_vsd/projects/SiFive_BitNET_MCU/bsp/install/lib/release/\libmetal.a(riscv_cpu.o)
                0x20106f66                metal_lc10_interrupt_vector_handler
 .text.metal_lc11_interrupt_vector_handler
                0x20106fe4       0x7e C:/fs3_vsd/projects/SiFive_BitNET_MCU/bsp/install/lib/release/\libmetal.a(riscv_cpu.o)
                0x20106fe4                metal_lc11_interrupt_vector_handler
 .text.metal_lc12_interrupt_vector_handler
                0x20107062       0x7e C:/fs3_vsd/projects/SiFive_BitNET_MCU/bsp/install/lib/release/\libmetal.a(riscv_cpu.o)
                0x20107062                metal_lc12_interrupt_vector_handler
 .text.metal_lc13_interrupt_vector_handler
                0x201070e0       0x7e C:/fs3_vsd/projects/SiFive_BitNET_MCU/bsp/install/lib/release/\libmetal.a(riscv_cpu.o)
                0x201070e0                metal_lc13_interrupt_vector_handler
 .text.metal_lc14_interrupt_vector_handler
                0x2010715e       0x7e C:/fs3_vsd/projects/SiFive_BitNET_MCU/bsp/install/lib/release/\libmetal.a(riscv_cpu.o)
                0x2010715e                metal_lc14_interrupt_vector_handler
 .text.metal_lc15_interrupt_vector_handler
                0x201071dc       0x7e C:/fs3_vsd/projects/SiFive_BitNET_MCU/bsp/install/lib/release/\libmetal.a(riscv_cpu.o)
                0x201071dc                metal_lc15_interrupt_vector_handler
 .text.__metal_controller_interrupt_vector_mode
                0x2010725a       0x22 C:/fs3_vsd/projects/SiFive_BitNET_MCU/bsp/install/lib/release/\libmetal.a(riscv_cpu.o)
                0x2010725a                __metal_controller_interrupt_vector_mode
 .text.__metal_driver_riscv_cpu_controller_get_vector_mode
                0x2010727c        0x2 C:/fs3_vsd/projects/SiFive_BitNET_MCU/bsp/install/lib/release/\libmetal.a(riscv_cpu.o)
                0x2010727c                __metal_driver_riscv_cpu_controller_get_vector_mode
 .text.__metal_valid_interrupt_id
                0x2010727e       0x28 C:/fs3_vsd/projects/SiFive_BitNET_MCU/bsp/install/lib/release/\libmetal.a(riscv_cpu.o)
                0x2010727e                __metal_valid_interrupt_id
 .text.__metal_driver_riscv_cpu_controller_interrupt_register
                0x201072a6       0xd2 C:/fs3_vsd/projects/SiFive_BitNET_MCU/bsp/install/lib/release/\libmetal.a(riscv_cpu.o)
                0x201072a6                __metal_driver_riscv_cpu_controller_interrupt_register
 .text.__metal_local_interrupt_enable
                0x20107378       0x62 C:/fs3_vsd/projects/SiFive_BitNET_MCU/bsp/install/lib/release/\libmetal.a(riscv_cpu.o)
                0x20107378                __metal_local_interrupt_enable
 .text.__metal_driver_riscv_cpu_controller_interrupt_enable
                0x201073da        0x4 C:/fs3_vsd/projects/SiFive_BitNET_MCU/bsp/install/lib/release/\libmetal.a(riscv_cpu.o)
                0x201073da                __metal_driver_riscv_cpu_controller_interrupt_enable
 .text.__metal_driver_riscv_cpu_controller_interrupt_disable
                0x201073de        0x4 C:/fs3_vsd/projects/SiFive_BitNET_MCU/bsp/install/lib/release/\libmetal.a(riscv_cpu.o)
                0x201073de                __metal_driver_riscv_cpu_controller_interrupt_disable
 .text.__metal_exception_register
                0x201073e2       0x1c C:/fs3_vsd/projects/SiFive_BitNET_MCU/bsp/install/lib/release/\libmetal.a(riscv_cpu.o)
                0x201073e2                __metal_exception_register
 .text.__metal_driver_cpu_exception_register
                0x201073fe       0x16 C:/fs3_vsd/projects/SiFive_BitNET_MCU/bsp/install/lib/release/\libmetal.a(riscv_cpu.o)
                0x201073fe                __metal_driver_cpu_exception_register
 .text.__metal_driver_riscv_plic0_set_priority
                0x20107414       0x26 C:/fs3_vsd/projects/SiFive_BitNET_MCU/bsp/install/lib/release/\libmetal.a(riscv_plic0.o)
                0x20107414                __metal_driver_riscv_plic0_set_priority
 .text.__metal_driver_riscv_plic0_get_priority
                0x2010743a       0x1c C:/fs3_vsd/projects/SiFive_BitNET_MCU/bsp/install/lib/release/\libmetal.a(riscv_plic0.o)
                0x2010743a                __metal_driver_riscv_plic0_get_priority
 .text.__metal_driver_riscv_plic0_register
                0x20107456       0x86 C:/fs3_vsd/projects/SiFive_BitNET_MCU/bsp/install/lib/release/\libmetal.a(riscv_plic0.o)
                0x20107456                __metal_driver_riscv_plic0_register
 .text.__metal_plic0_default_handler
                0x201074dc        0xc C:/fs3_vsd/projects/SiFive_BitNET_MCU/bsp/install/lib/release/\libmetal.a(riscv_plic0.o)
                0x201074dc                __metal_plic0_default_handler
 .text.__metal_plic0_claim_interrupt
                0x201074e8       0x22 C:/fs3_vsd/projects/SiFive_BitNET_MCU/bsp/install/lib/release/\libmetal.a(riscv_plic0.o)
                0x201074e8                __metal_plic0_claim_interrupt
 .text.__metal_plic0_complete_interrupt
                0x2010750a       0x22 C:/fs3_vsd/projects/SiFive_BitNET_MCU/bsp/install/lib/release/\libmetal.a(riscv_plic0.o)
                0x2010750a                __metal_plic0_complete_interrupt
 .text.__metal_plic0_handler
                0x2010752c       0x5c C:/fs3_vsd/projects/SiFive_BitNET_MCU/bsp/install/lib/release/\libmetal.a(riscv_plic0.o)
                0x2010752c                __metal_plic0_handler
 .text.__metal_plic0_set_threshold
                0x20107588       0x22 C:/fs3_vsd/projects/SiFive_BitNET_MCU/bsp/install/lib/release/\libmetal.a(riscv_plic0.o)
                0x20107588                __metal_plic0_set_threshold
 .text.__metal_driver_riscv_plic0_set_threshold
                0x201075aa       0x1c C:/fs3_vsd/projects/SiFive_BitNET_MCU/bsp/install/lib/release/\libmetal.a(riscv_plic0.o)
                0x201075aa                __metal_driver_riscv_plic0_set_threshold
 .text.__metal_driver_riscv_plic0_affinity_set_threshold
                0x201075c6       0x4c C:/fs3_vsd/projects/SiFive_BitNET_MCU/bsp/install/lib/release/\libmetal.a(riscv_plic0.o)
                0x201075c6                __metal_driver_riscv_plic0_affinity_set_threshold
 .text.__metal_plic0_get_threshold
                0x20107612       0x22 C:/fs3_vsd/projects/SiFive_BitNET_MCU/bsp/install/lib/release/\libmetal.a(riscv_plic0.o)
                0x20107612                __metal_plic0_get_threshold
 .text.__metal_driver_riscv_plic0_get_threshold
                0x20107634       0x18 C:/fs3_vsd/projects/SiFive_BitNET_MCU/bsp/install/lib/release/\libmetal.a(riscv_plic0.o)
                0x20107634                __metal_driver_riscv_plic0_get_threshold
 .text.__metal_driver_riscv_plic0_affinity_get_threshold
                0x2010764c        0xe C:/fs3_vsd/projects/SiFive_BitNET_MCU/bsp/install/lib/release/\libmetal.a(riscv_plic0.o)
                0x2010764c                __metal_driver_riscv_plic0_affinity_get_threshold
 .text.__metal_plic0_enable
                0x2010765a       0x3e C:/fs3_vsd/projects/SiFive_BitNET_MCU/bsp/install/lib/release/\libmetal.a(riscv_plic0.o)
                0x2010765a                __metal_plic0_enable
 .text.__metal_driver_riscv_plic0_init
                0x20107698       0xf8 C:/fs3_vsd/projects/SiFive_BitNET_MCU/bsp/install/lib/release/\libmetal.a(riscv_plic0.o)
                0x20107698                __metal_driver_riscv_plic0_init
 .text.__metal_driver_riscv_plic0_enable
                0x20107790       0x3c C:/fs3_vsd/projects/SiFive_BitNET_MCU/bsp/install/lib/release/\libmetal.a(riscv_plic0.o)
                0x20107790                __metal_driver_riscv_plic0_enable
 .text.__metal_driver_riscv_plic0_disable
                0x201077cc       0x3c C:/fs3_vsd/projects/SiFive_BitNET_MCU/bsp/install/lib/release/\libmetal.a(riscv_plic0.o)
                0x201077cc                __metal_driver_riscv_plic0_disable
 .text.__metal_driver_riscv_plic0_affinity_enable
                0x20107808       0x64 C:/fs3_vsd/projects/SiFive_BitNET_MCU/bsp/install/lib/release/\libmetal.a(riscv_plic0.o)
                0x20107808                __metal_driver_riscv_plic0_affinity_enable
 .text.__metal_driver_riscv_plic0_affinity_disable
                0x2010786c       0x64 C:/fs3_vsd/projects/SiFive_BitNET_MCU/bsp/install/lib/release/\libmetal.a(riscv_plic0.o)
                0x2010786c                __metal_driver_riscv_plic0_affinity_disable
 .text.__metal_driver_sifive_fe310_g000_hfrosc_get_rate_hz
                0x201078d0       0x48 C:/fs3_vsd/projects/SiFive_BitNET_MCU/bsp/install/lib/release/\libmetal.a(sifive_fe310-g000_hfrosc.o)
                0x201078d0                __metal_driver_sifive_fe310_g000_hfrosc_get_rate_hz
 .text.__metal_driver_sifive_fe310_g000_hfrosc_set_rate_hz
                0x20107918        0x2 C:/fs3_vsd/projects/SiFive_BitNET_MCU/bsp/install/lib/release/\libmetal.a(sifive_fe310-g000_hfrosc.o)
                0x20107918                __metal_driver_sifive_fe310_g000_hfrosc_set_rate_hz
 .text.__metal_driver_sifive_fe310_g000_hfxosc_get_rate_hz
                0x2010791a       0x3c C:/fs3_vsd/projects/SiFive_BitNET_MCU/bsp/install/lib/release/\libmetal.a(sifive_fe310-g000_hfxosc.o)
                0x2010791a                __metal_driver_sifive_fe310_g000_hfxosc_get_rate_hz
 .text.__metal_driver_sifive_fe310_g000_hfxosc_set_rate_hz
                0x20107956        0x2 C:/fs3_vsd/projects/SiFive_BitNET_MCU/bsp/install/lib/release/\libmetal.a(sifive_fe310-g000_hfxosc.o)
                0x20107956                __metal_driver_sifive_fe310_g000_hfxosc_set_rate_hz
 .text.__metal_driver_sifive_fe310_g000_pll_init
                0x20107958       0x4e C:/fs3_vsd/projects/SiFive_BitNET_MCU/bsp/install/lib/release/\libmetal.a(sifive_fe310-g000_pll.o)
                0x20107958                __metal_driver_sifive_fe310_g000_pll_init
 .text.__metal_driver_sifive_fe310_g000_pll_get_rate_hz
                0x201079a6       0xc4 C:/fs3_vsd/projects/SiFive_BitNET_MCU/bsp/install/lib/release/\libmetal.a(sifive_fe310-g000_pll.o)
                0x201079a6                __metal_driver_sifive_fe310_g000_pll_get_rate_hz
 .text.__metal_driver_sifive_fe310_g000_pll_set_rate_hz
                0x20107a6a      0x1ca C:/fs3_vsd/projects/SiFive_BitNET_MCU/bsp/install/lib/release/\libmetal.a(sifive_fe310-g000_pll.o)
                0x20107a6a                __metal_driver_sifive_fe310_g000_pll_set_rate_hz
 .text.__metal_driver_sifive_fe310_g000_prci_get_reg
                0x20107c34        0xa C:/fs3_vsd/projects/SiFive_BitNET_MCU/bsp/install/lib/release/\libmetal.a(sifive_fe310-g000_prci.o)
                0x20107c34                __metal_driver_sifive_fe310_g000_prci_get_reg
 .text.__metal_driver_sifive_fe310_g000_prci_set_reg
                0x20107c3e        0xc C:/fs3_vsd/projects/SiFive_BitNET_MCU/bsp/install/lib/release/\libmetal.a(sifive_fe310-g000_prci.o)
                0x20107c3e                __metal_driver_sifive_fe310_g000_prci_set_reg
 .text.__metal_driver_sifive_gpio_led_gpio
                0x20107c4a       0x22 C:/fs3_vsd/projects/SiFive_BitNET_MCU/bsp/install/lib/release/\libmetal.a(sifive_gpio-leds.o)
 .text.__metal_driver_sifive_gpio_led_pin
                0x20107c6c       0x26 C:/fs3_vsd/projects/SiFive_BitNET_MCU/bsp/install/lib/release/\libmetal.a(sifive_gpio-leds.o)
 .text.__metal_driver_led_exist
                0x20107c92       0x50 C:/fs3_vsd/projects/SiFive_BitNET_MCU/bsp/install/lib/release/\libmetal.a(sifive_gpio-leds.o)
                0x20107c92                __metal_driver_led_exist
 .text.__metal_driver_led_toggle
                0x20107ce2       0x3e C:/fs3_vsd/projects/SiFive_BitNET_MCU/bsp/install/lib/release/\libmetal.a(sifive_gpio-leds.o)
                0x20107ce2                __metal_driver_led_toggle
 .text.__metal_driver_led_enable
                0x20107d20       0x48 C:/fs3_vsd/projects/SiFive_BitNET_MCU/bsp/install/lib/release/\libmetal.a(sifive_gpio-leds.o)
                0x20107d20                __metal_driver_led_enable
 .text.__metal_driver_led_off
                0x20107d68       0x3e C:/fs3_vsd/projects/SiFive_BitNET_MCU/bsp/install/lib/release/\libmetal.a(sifive_gpio-leds.o)
                0x20107d68                __metal_driver_led_off
 .text.__metal_driver_led_on
                0x20107da6       0x3e C:/fs3_vsd/projects/SiFive_BitNET_MCU/bsp/install/lib/release/\libmetal.a(sifive_gpio-leds.o)
                0x20107da6                __metal_driver_led_on
 .text.__metal_driver_sifive_gpio0_enable_input
                0x20107de4       0x18 C:/fs3_vsd/projects/SiFive_BitNET_MCU/bsp/install/lib/release/\libmetal.a(sifive_gpio0.o)
                0x20107de4                __metal_driver_sifive_gpio0_enable_input
 .text.__metal_driver_sifive_gpio0_disable_input
                0x20107dfc       0x1c C:/fs3_vsd/projects/SiFive_BitNET_MCU/bsp/install/lib/release/\libmetal.a(sifive_gpio0.o)
                0x20107dfc                __metal_driver_sifive_gpio0_disable_input
 .text.__metal_driver_sifive_gpio0_input
                0x20107e18       0x14 C:/fs3_vsd/projects/SiFive_BitNET_MCU/bsp/install/lib/release/\libmetal.a(sifive_gpio0.o)
                0x20107e18                __metal_driver_sifive_gpio0_input
 .text.__metal_driver_sifive_gpio0_output
                0x20107e2c       0x14 C:/fs3_vsd/projects/SiFive_BitNET_MCU/bsp/install/lib/release/\libmetal.a(sifive_gpio0.o)
                0x20107e2c                __metal_driver_sifive_gpio0_output
 .text.__metal_driver_sifive_gpio0_disable_output
                0x20107e40       0x1c C:/fs3_vsd/projects/SiFive_BitNET_MCU/bsp/install/lib/release/\libmetal.a(sifive_gpio0.o)
                0x20107e40                __metal_driver_sifive_gpio0_disable_output
 .text.__metal_driver_sifive_gpio0_enable_output
                0x20107e5c       0x18 C:/fs3_vsd/projects/SiFive_BitNET_MCU/bsp/install/lib/release/\libmetal.a(sifive_gpio0.o)
                0x20107e5c                __metal_driver_sifive_gpio0_enable_output
 .text.__metal_driver_sifive_gpio0_output_set
                0x20107e74       0x18 C:/fs3_vsd/projects/SiFive_BitNET_MCU/bsp/install/lib/release/\libmetal.a(sifive_gpio0.o)
                0x20107e74                __metal_driver_sifive_gpio0_output_set
 .text.__metal_driver_sifive_gpio0_output_clear
                0x20107e8c       0x1c C:/fs3_vsd/projects/SiFive_BitNET_MCU/bsp/install/lib/release/\libmetal.a(sifive_gpio0.o)
                0x20107e8c                __metal_driver_sifive_gpio0_output_clear
 .text.__metal_driver_sifive_gpio0_output_toggle
                0x20107ea8       0x18 C:/fs3_vsd/projects/SiFive_BitNET_MCU/bsp/install/lib/release/\libmetal.a(sifive_gpio0.o)
                0x20107ea8                __metal_driver_sifive_gpio0_output_toggle
 .text.__metal_driver_sifive_gpio0_enable_io
                0x20107ec0       0x1e C:/fs3_vsd/projects/SiFive_BitNET_MCU/bsp/install/lib/release/\libmetal.a(sifive_gpio0.o)
                0x20107ec0                __metal_driver_sifive_gpio0_enable_io
 .text.__metal_driver_sifive_gpio0_disable_io
                0x20107ede       0x1c C:/fs3_vsd/projects/SiFive_BitNET_MCU/bsp/install/lib/release/\libmetal.a(sifive_gpio0.o)
                0x20107ede                __metal_driver_sifive_gpio0_disable_io
 .text.__metal_driver_sifive_gpio0_config_int
                0x20107efa       0x88 C:/fs3_vsd/projects/SiFive_BitNET_MCU/bsp/install/lib/release/\libmetal.a(sifive_gpio0.o)
                0x20107efa                __metal_driver_sifive_gpio0_config_int
 .text.__metal_driver_sifive_gpio0_clear_int
                0x20107f82       0x6e C:/fs3_vsd/projects/SiFive_BitNET_MCU/bsp/install/lib/release/\libmetal.a(sifive_gpio0.o)
                0x20107f82                __metal_driver_sifive_gpio0_clear_int
 .text.__metal_driver_gpio_interrupt_controller
                0x20107ff0       0x16 C:/fs3_vsd/projects/SiFive_BitNET_MCU/bsp/install/lib/release/\libmetal.a(sifive_gpio0.o)
                0x20107ff0                __metal_driver_gpio_interrupt_controller
 .text.__metal_driver_gpio_get_interrupt_id
                0x20108006       0x8c C:/fs3_vsd/projects/SiFive_BitNET_MCU/bsp/install/lib/release/\libmetal.a(sifive_gpio0.o)
                0x20108006                __metal_driver_gpio_get_interrupt_id
 .text.__metal_driver_sifive_uart0_interrupt_controller
                0x20108092       0x1a C:/fs3_vsd/projects/SiFive_BitNET_MCU/bsp/install/lib/release/\libmetal.a(sifive_uart0.o)
                0x20108092                __metal_driver_sifive_uart0_interrupt_controller
 .text.__metal_driver_sifive_uart0_get_interrupt_id
                0x201080ac       0x14 C:/fs3_vsd/projects/SiFive_BitNET_MCU/bsp/install/lib/release/\libmetal.a(sifive_uart0.o)
                0x201080ac                __metal_driver_sifive_uart0_get_interrupt_id
 .text.__metal_driver_sifive_uart0_tx_interrupt_enable
                0x201080c0       0x1e C:/fs3_vsd/projects/SiFive_BitNET_MCU/bsp/install/lib/release/\libmetal.a(sifive_uart0.o)
                0x201080c0                __metal_driver_sifive_uart0_tx_interrupt_enable
 .text.__metal_driver_sifive_uart0_tx_interrupt_disable
                0x201080de       0x1c C:/fs3_vsd/projects/SiFive_BitNET_MCU/bsp/install/lib/release/\libmetal.a(sifive_uart0.o)
                0x201080de                __metal_driver_sifive_uart0_tx_interrupt_disable
 .text.__metal_driver_sifive_uart0_rx_interrupt_enable
                0x201080fa       0x1e C:/fs3_vsd/projects/SiFive_BitNET_MCU/bsp/install/lib/release/\libmetal.a(sifive_uart0.o)
                0x201080fa                __metal_driver_sifive_uart0_rx_interrupt_enable
 .text.__metal_driver_sifive_uart0_rx_interrupt_disable
                0x20108118       0x1c C:/fs3_vsd/projects/SiFive_BitNET_MCU/bsp/install/lib/release/\libmetal.a(sifive_uart0.o)
                0x20108118                __metal_driver_sifive_uart0_rx_interrupt_disable
 .text.__metal_driver_sifive_uart0_txready
                0x20108134       0x1a C:/fs3_vsd/projects/SiFive_BitNET_MCU/bsp/install/lib/release/\libmetal.a(sifive_uart0.o)
                0x20108134                __metal_driver_sifive_uart0_txready
 .text.__metal_driver_sifive_uart0_set_tx_watermark
                0x2010814e       0x24 C:/fs3_vsd/projects/SiFive_BitNET_MCU/bsp/install/lib/release/\libmetal.a(sifive_uart0.o)
                0x2010814e                __metal_driver_sifive_uart0_set_tx_watermark
 .text.__metal_driver_sifive_uart0_get_tx_watermark
                0x20108172       0x1c C:/fs3_vsd/projects/SiFive_BitNET_MCU/bsp/install/lib/release/\libmetal.a(sifive_uart0.o)
                0x20108172                __metal_driver_sifive_uart0_get_tx_watermark
 .text.__metal_driver_sifive_uart0_set_rx_watermark
                0x2010818e       0x24 C:/fs3_vsd/projects/SiFive_BitNET_MCU/bsp/install/lib/release/\libmetal.a(sifive_uart0.o)
                0x2010818e                __metal_driver_sifive_uart0_set_rx_watermark
 .text.__metal_driver_sifive_uart0_get_rx_watermark
                0x201081b2       0x1c C:/fs3_vsd/projects/SiFive_BitNET_MCU/bsp/install/lib/release/\libmetal.a(sifive_uart0.o)
                0x201081b2                __metal_driver_sifive_uart0_get_rx_watermark
 .text.__metal_driver_sifive_uart0_putc
                0x201081ce       0x36 C:/fs3_vsd/projects/SiFive_BitNET_MCU/bsp/install/lib/release/\libmetal.a(sifive_uart0.o)
                0x201081ce                __metal_driver_sifive_uart0_putc
 .text.__metal_driver_sifive_uart0_getc
                0x20108204       0x24 C:/fs3_vsd/projects/SiFive_BitNET_MCU/bsp/install/lib/release/\libmetal.a(sifive_uart0.o)
                0x20108204                __metal_driver_sifive_uart0_getc
 .text.__metal_driver_sifive_uart0_get_baud_rate
                0x20108228        0x4 C:/fs3_vsd/projects/SiFive_BitNET_MCU/bsp/install/lib/release/\libmetal.a(sifive_uart0.o)
                0x20108228                __metal_driver_sifive_uart0_get_baud_rate
 .text.__metal_driver_sifive_uart0_set_baud_rate
                0x2010822c       0x4e C:/fs3_vsd/projects/SiFive_BitNET_MCU/bsp/install/lib/release/\libmetal.a(sifive_uart0.o)
                0x2010822c                __metal_driver_sifive_uart0_set_baud_rate
 .text.pre_rate_change_callback_func
                0x2010827a       0x7c C:/fs3_vsd/projects/SiFive_BitNET_MCU/bsp/install/lib/release/\libmetal.a(sifive_uart0.o)
 .text.__metal_driver_sifive_uart0_init
                0x201082f6       0x88 C:/fs3_vsd/projects/SiFive_BitNET_MCU/bsp/install/lib/release/\libmetal.a(sifive_uart0.o)
                0x201082f6                __metal_driver_sifive_uart0_init
 .text.post_rate_change_callback_func
                0x2010837e        0x8 C:/fs3_vsd/projects/SiFive_BitNET_MCU/bsp/install/lib/release/\libmetal.a(sifive_uart0.o)
 .text._metal_clock_call_all_callbacks
                0x20108386       0x1c C:/fs3_vsd/projects/SiFive_BitNET_MCU/bsp/install/lib/release/\libmetal.a(clock.o)
                0x20108386                _metal_clock_call_all_callbacks
 .text._metal_clock_append_to_callbacks
                0x201083a2       0x18 C:/fs3_vsd/projects/SiFive_BitNET_MCU/bsp/install/lib/release/\libmetal.a(clock.o)
                0x201083a2                _metal_clock_append_to_callbacks
 .text.metal_clock_get_rate_hz
                0x201083ba        0x6 C:/fs3_vsd/projects/SiFive_BitNET_MCU/bsp/install/lib/release/\libmetal.a(clock.o)
                0x201083ba                metal_clock_get_rate_hz
 .text.metal_clock_register_pre_rate_change_callback
                0x201083c0       0x16 C:/fs3_vsd/projects/SiFive_BitNET_MCU/bsp/install/lib/release/\libmetal.a(clock.o)
                0x201083c0                metal_clock_register_pre_rate_change_callback
 .text.metal_clock_register_post_rate_change_callback
                0x201083d6       0x16 C:/fs3_vsd/projects/SiFive_BitNET_MCU/bsp/install/lib/release/\libmetal.a(clock.o)
                0x201083d6                metal_clock_register_post_rate_change_callback
 .text.metal_shutdown
                0x201083ec        0x4 C:/fs3_vsd/projects/SiFive_BitNET_MCU/bsp/install/lib/release/\libmetal.a(shutdown.o)
                0x201083ec                metal_shutdown
 *fill*         0x201083f0       0x10 
 .text          0x20108400       0x80 C:/fs3_vsd/projects/SiFive_BitNET_MCU/bsp/install/lib/release/\libmetal.a(vector.o)
                0x20108400                __metal_vector_table
 .text.__metal_driver_fixed_clock_get_rate_hz
                0x20108480       0x46 C:/fs3_vsd/projects/SiFive_BitNET_MCU/bsp/install/lib/release/\libmetal.a(fixed-clock.o)
                0x20108480                __metal_driver_fixed_clock_get_rate_hz
 .text.__metal_driver_fixed_clock_set_rate_hz
                0x201084c6       0x46 C:/fs3_vsd/projects/SiFive_BitNET_MCU/bsp/install/lib/release/\libmetal.a(fixed-clock.o)
                0x201084c6                __metal_driver_fixed_clock_set_rate_hz
 .text._close   0x2010850c       0x14 C:/fs3_vsd/projects/SiFive_BitNET_MCU/bsp/install/lib/release/\libmetal-gloss.a(sys_close.o)
                0x2010850c                _close
 .text._fstat   0x20108520       0x14 C:/fs3_vsd/projects/SiFive_BitNET_MCU/bsp/install/lib/release/\libmetal-gloss.a(sys_fstat.o)
                0x20108520                _fstat
 .text._isatty  0x20108534        0x8 C:/fs3_vsd/projects/SiFive_BitNET_MCU/bsp/install/lib/release/\libmetal-gloss.a(sys_isatty.o)
                0x20108534                _isatty
 .text._lseek   0x2010853c       0x14 C:/fs3_vsd/projects/SiFive_BitNET_MCU/bsp/install/lib/release/\libmetal-gloss.a(sys_lseek.o)
                0x2010853c                _lseek
 .text._read    0x20108550       0x14 C:/fs3_vsd/projects/SiFive_BitNET_MCU/bsp/install/lib/release/\libmetal-gloss.a(sys_read.o)
                0x20108550                _read
 .text._sbrk    0x20108564       0x38 C:/fs3_vsd/projects/SiFive_BitNET_MCU/bsp/install/lib/release/\libmetal-gloss.a(sys_sbrk.o)
                0x20108564                _sbrk
 .text._write   0x2010859c       0x3a C:/fs3_vsd/projects/SiFive_BitNET_MCU/bsp/install/lib/release/\libmetal-gloss.a(sys_write.o)
                0x2010859c                _write
                0x2010859c                write
 .text.atexit   0x201085d6        0xa g:/vsd/fs/fs_installer/sifive/riscv64-unknown-elf-toolsuite-17.9.0-2023.10.0/bin/../lib/gcc/riscv64-unknown-elf/12.2.1/../../../../riscv64-unknown-elf/lib/rv32imac/ilp32\libc_nano.a(lib_a-atexit.o)
                0x201085d6                atexit
 .text.__errno  0x201085e0        0xa g:/vsd/fs/fs_installer/sifive/riscv64-unknown-elf-toolsuite-17.9.0-2023.10.0/bin/../lib/gcc/riscv64-unknown-elf/12.2.1/../../../../riscv64-unknown-elf/lib/rv32imac/ilp32\libc_nano.a(lib_a-errno.o)
                0x201085e0                __errno
 .text.exit     0x201085ea       0x28 g:/vsd/fs/fs_installer/sifive/riscv64-unknown-elf-toolsuite-17.9.0-2023.10.0/bin/../lib/gcc/riscv64-unknown-elf/12.2.1/../../../../riscv64-unknown-elf/lib/rv32imac/ilp32\libc_nano.a(lib_a-exit.o)
                0x201085ea                exit
 .text.__libc_fini_array
                0x20108612       0x36 g:/vsd/fs/fs_installer/sifive/riscv64-unknown-elf-toolsuite-17.9.0-2023.10.0/bin/../lib/gcc/riscv64-unknown-elf/12.2.1/../../../../riscv64-unknown-elf/lib/rv32imac/ilp32\libc_nano.a(lib_a-fini.o)
                0x20108612                __libc_fini_array
 .text.__libc_init_array
                0x20108648       0x5e g:/vsd/fs/fs_installer/sifive/riscv64-unknown-elf-toolsuite-17.9.0-2023.10.0/bin/../lib/gcc/riscv64-unknown-elf/12.2.1/../../../../riscv64-unknown-elf/lib/rv32imac/ilp32\libc_nano.a(lib_a-init.o)
                0x20108648                __libc_init_array
 .text.strcat   0x201086a6       0x1c g:/vsd/fs/fs_installer/sifive/riscv64-unknown-elf-toolsuite-17.9.0-2023.10.0/bin/../lib/gcc/riscv64-unknown-elf/12.2.1/../../../../riscv64-unknown-elf/lib/rv32imac/ilp32\libc_nano.a(lib_a-strcat.o)
                0x201086a6                strcat
 .text          0x201086c2      0x11e g:/vsd/fs/fs_installer/sifive/riscv64-unknown-elf-toolsuite-17.9.0-2023.10.0/bin/../lib/gcc/riscv64-unknown-elf/12.2.1/../../../../riscv64-unknown-elf/lib/rv32imac/ilp32\libc_nano.a(lib_a-strcmp.o)
                0x201086c2                strcmp
 .text.strcpy   0x201087e0       0x12 g:/vsd/fs/fs_installer/sifive/riscv64-unknown-elf-toolsuite-17.9.0-2023.10.0/bin/../lib/gcc/riscv64-unknown-elf/12.2.1/../../../../riscv64-unknown-elf/lib/rv32imac/ilp32\libc_nano.a(lib_a-strcpy.o)
                0x201087e0                strcpy
 .text.__register_exitproc
                0x201087f2       0x7c g:/vsd/fs/fs_installer/sifive/riscv64-unknown-elf-toolsuite-17.9.0-2023.10.0/bin/../lib/gcc/riscv64-unknown-elf/12.2.1/../../../../riscv64-unknown-elf/lib/rv32imac/ilp32\libc_nano.a(lib_a-__atexit.o)
                0x201087f2                __register_exitproc
 .text.__call_exitprocs
                0x2010886e       0xc4 g:/vsd/fs/fs_installer/sifive/riscv64-unknown-elf-toolsuite-17.9.0-2023.10.0/bin/../lib/gcc/riscv64-unknown-elf/12.2.1/../../../../riscv64-unknown-elf/lib/rv32imac/ilp32\libc_nano.a(lib_a-__call_atexit.o)
                0x2010886e                __call_exitprocs
 .text.metal_init
                0x20108932       0x44 C:/fs3_vsd/projects/SiFive_BitNET_MCU/bsp/install/lib/release/\libmetal.a(init.o)
                0x20108932                metal_init
 .text.metal_fini
                0x20108976       0x44 C:/fs3_vsd/projects/SiFive_BitNET_MCU/bsp/install/lib/release/\libmetal.a(init.o)
                0x20108976                metal_fini
 .text.metal_init_run
                0x201089ba        0x2 C:/fs3_vsd/projects/SiFive_BitNET_MCU/bsp/install/lib/release/\libmetal.a(init.o)
                0x201089ba                metal_init_run
 .text.metal_fini_run
                0x201089bc        0x2 C:/fs3_vsd/projects/SiFive_BitNET_MCU/bsp/install/lib/release/\libmetal.a(init.o)
                0x201089bc                metal_fini_run
 .text.metal_tty_putc
                0x201089be        0xc C:/fs3_vsd/projects/SiFive_BitNET_MCU/bsp/install/lib/release/\libmetal.a(tty.o)
                0x201089be                metal_tty_putc
 .text.metal_uart_init
                0x201089ca        0x6 C:/fs3_vsd/projects/SiFive_BitNET_MCU/bsp/install/lib/release/\libmetal.a(uart.o)
                0x201089ca                metal_uart_init
 .text.metal_uart_putc
                0x201089d0        0x6 C:/fs3_vsd/projects/SiFive_BitNET_MCU/bsp/install/lib/release/\libmetal.a(uart.o)
                0x201089d0                metal_uart_putc
 .text._exit    0x201089d6        0x8 C:/fs3_vsd/projects/SiFive_BitNET_MCU/bsp/install/lib/release/\libmetal-gloss.a(sys_exit.o)
                0x201089d6                _exit
 *(.gnu.linkonce.t.*)

.rela.dyn       0x201089e0        0x0
 .rela.text.timer_isr
                0x201089e0        0x0 C:\Users\ankit\AppData\Local\Temp\ccyYnjNp.o
 .rela.text.wait_for_timer
                0x201089e0        0x0 C:\Users\ankit\AppData\Local\Temp\ccyYnjNp.o
 .rela.text.startup.main
                0x201089e0        0x0 C:\Users\ankit\AppData\Local\Temp\ccyYnjNp.o
 .rela.text._vfprintf_r
                0x201089e0        0x0 C:\Users\ankit\AppData\Local\Temp\ccyYnjNp.o
 .rela.text.metal_cpu_get
                0x201089e0        0x0 C:\Users\ankit\AppData\Local\Temp\ccyYnjNp.o
 .rela.text.metal.init.enter
                0x201089e0        0x0 C:\Users\ankit\AppData\Local\Temp\ccyYnjNp.o
 .rela.text.metal.init.scrub
                0x201089e0        0x0 C:\Users\ankit\AppData\Local\Temp\ccyYnjNp.o
 .rela.text.metal_led_get_rgb
                0x201089e0        0x0 C:\Users\ankit\AppData\Local\Temp\ccyYnjNp.o
 .rela.text.__metal_default_sw_handler
                0x201089e0        0x0 C:\Users\ankit\AppData\Local\Temp\ccyYnjNp.o
 .rela.text.__metal_exception_handler
                0x201089e0        0x0 C:\Users\ankit\AppData\Local\Temp\ccyYnjNp.o
 .rela.text.__metal_driver_cpu_get
                0x201089e0        0x0 C:\Users\ankit\AppData\Local\Temp\ccyYnjNp.o
 .rela.text.metal_software_interrupt_vector_handler
                0x201089e0        0x0 C:\Users\ankit\AppData\Local\Temp\ccyYnjNp.o
 .rela.text.metal_timer_interrupt_vector_handler
                0x201089e0        0x0 C:\Users\ankit\AppData\Local\Temp\ccyYnjNp.o
 .rela.text.metal_lc0_interrupt_vector_handler
                0x201089e0        0x0 C:\Users\ankit\AppData\Local\Temp\ccyYnjNp.o
 .rela.text.metal_lc1_interrupt_vector_handler
                0x201089e0        0x0 C:\Users\ankit\AppData\Local\Temp\ccyYnjNp.o
 .rela.text.metal_lc2_interrupt_vector_handler
                0x201089e0        0x0 C:\Users\ankit\AppData\Local\Temp\ccyYnjNp.o
 .rela.text.metal_lc3_interrupt_vector_handler
                0x201089e0        0x0 C:\Users\ankit\AppData\Local\Temp\ccyYnjNp.o
 .rela.text.metal_lc4_interrupt_vector_handler
                0x201089e0        0x0 C:\Users\ankit\AppData\Local\Temp\ccyYnjNp.o
 .rela.text.metal_lc5_interrupt_vector_handler
                0x201089e0        0x0 C:\Users\ankit\AppData\Local\Temp\ccyYnjNp.o
 .rela.text.metal_lc6_interrupt_vector_handler
                0x201089e0        0x0 C:\Users\ankit\AppData\Local\Temp\ccyYnjNp.o
 .rela.text.metal_lc7_interrupt_vector_handler
                0x201089e0        0x0 C:\Users\ankit\AppData\Local\Temp\ccyYnjNp.o
 .rela.text.metal_lc8_interrupt_vector_handler
                0x201089e0        0x0 C:\Users\ankit\AppData\Local\Temp\ccyYnjNp.o
 .rela.text.metal_lc9_interrupt_vector_handler
                0x201089e0        0x0 C:\Users\ankit\AppData\Local\Temp\ccyYnjNp.o
 .rela.text.metal_lc10_interrupt_vector_handler
                0x201089e0        0x0 C:\Users\ankit\AppData\Local\Temp\ccyYnjNp.o
 .rela.text.metal_lc11_interrupt_vector_handler
                0x201089e0        0x0 C:\Users\ankit\AppData\Local\Temp\ccyYnjNp.o
 .rela.text.metal_lc12_interrupt_vector_handler
                0x201089e0        0x0 C:\Users\ankit\AppData\Local\Temp\ccyYnjNp.o
 .rela.text.metal_lc13_interrupt_vector_handler
                0x201089e0        0x0 C:\Users\ankit\AppData\Local\Temp\ccyYnjNp.o
 .rela.text.metal_lc14_interrupt_vector_handler
                0x201089e0        0x0 C:\Users\ankit\AppData\Local\Temp\ccyYnjNp.o
 .rela.text.metal_lc15_interrupt_vector_handler
                0x201089e0        0x0 C:\Users\ankit\AppData\Local\Temp\ccyYnjNp.o
 .rela.text     0x201089e0        0x0 C:\Users\ankit\AppData\Local\Temp\ccyYnjNp.o
 .rela.text.libgloss.start
                0x201089e0        0x0 C:\Users\ankit\AppData\Local\Temp\ccyYnjNp.o
 .rela.text._sbrk
                0x201089e0        0x0 C:\Users\ankit\AppData\Local\Temp\ccyYnjNp.o
 .rela.sdata.__brk
                0x201089e0        0x0 C:\Users\ankit\AppData\Local\Temp\ccyYnjNp.o
 .rela.text.__libc_fini_array
                0x201089e0        0x0 C:\Users\ankit\AppData\Local\Temp\ccyYnjNp.o
 .rela.text.__libc_init_array
                0x201089e0        0x0 C:\Users\ankit\AppData\Local\Temp\ccyYnjNp.o
 .rela.text.__register_exitproc
                0x201089e0        0x0 C:\Users\ankit\AppData\Local\Temp\ccyYnjNp.o
 .rela.text.metal_init
                0x201089e0        0x0 C:\Users\ankit\AppData\Local\Temp\ccyYnjNp.o
 .rela.text.metal_fini
                0x201089e0        0x0 C:\Users\ankit\AppData\Local\Temp\ccyYnjNp.o

.data           0x80000000      0xab0 load address 0x201089e0
 *(.data .data.*)
 .data.impure_data
                0x80000000       0x60 g:/vsd/fs/fs_installer/sifive/riscv64-unknown-elf-toolsuite-17.9.0-2023.10.0/bin/../lib/gcc/riscv64-unknown-elf/12.2.1/../../../../riscv64-unknown-elf/lib/rv32imac/ilp32\libc_nano.a(lib_a-impure.o)
 .data.__metal_led_table
                0x80000060        0xc C:/fs3_vsd/projects/SiFive_BitNET_MCU/bsp/install/lib/release/\libmetal.a(cpu.o)
                0x80000060                __metal_led_table
 .data.__metal_dt_clock_4
                0x8000006c        0xc C:/fs3_vsd/projects/SiFive_BitNET_MCU/bsp/install/lib/release/\libmetal.a(inline.o)
                0x8000006c                __metal_dt_clock_4
 .data.__metal_dt_clock_1
                0x80000078        0xc C:/fs3_vsd/projects/SiFive_BitNET_MCU/bsp/install/lib/release/\libmetal.a(inline.o)
                0x80000078                __metal_dt_clock_1
 .data.__metal_dt_clock_3
                0x80000084        0xc C:/fs3_vsd/projects/SiFive_BitNET_MCU/bsp/install/lib/release/\libmetal.a(inline.o)
                0x80000084                __metal_dt_clock_3
 .data.__metal_dt_serial_10013000
                0x80000090       0x20 C:/fs3_vsd/projects/SiFive_BitNET_MCU/bsp/install/lib/release/\libmetal.a(inline.o)
                0x80000090                __metal_dt_serial_10013000
 .data.__metal_dt_interrupt_controller_c000000
                0x800000b0      0x5d8 C:/fs3_vsd/projects/SiFive_BitNET_MCU/bsp/install/lib/release/\libmetal.a(inline.o)
                0x800000b0                __metal_dt_interrupt_controller_c000000
 .data.__metal_dt_cpu_0_interrupt_controller
                0x80000688      0x3d0 C:/fs3_vsd/projects/SiFive_BitNET_MCU/bsp/install/lib/release/\libmetal.a(inline.o)
                0x80000688                __metal_dt_cpu_0_interrupt_controller
 .data.__metal_dt_clock_5
                0x80000a58        0xc C:/fs3_vsd/projects/SiFive_BitNET_MCU/bsp/install/lib/release/\libmetal.a(inline.o)
                0x80000a58                __metal_dt_clock_5
 .data.__metal_dt_clock_2
                0x80000a64        0xc C:/fs3_vsd/projects/SiFive_BitNET_MCU/bsp/install/lib/release/\libmetal.a(inline.o)
                0x80000a64                __metal_dt_clock_2
 .data.__metal_dt_clock_0
                0x80000a70        0xc C:/fs3_vsd/projects/SiFive_BitNET_MCU/bsp/install/lib/release/\libmetal.a(inline.o)
                0x80000a70                __metal_dt_clock_0
 *(.gnu.linkonce.d.*)
                0x80000a80                        . = ALIGN (0x8)
 *fill*         0x80000a7c        0x4 
                0x80001280                        PROVIDE (__global_pointer$ = (. + 0x800))
 *(.sdata .sdata.* .sdata2.*)
 .sdata._impure_ptr
                0x80000a80        0x4 g:/vsd/fs/fs_installer/sifive/riscv64-unknown-elf-toolsuite-17.9.0-2023.10.0/bin/../lib/gcc/riscv64-unknown-elf/12.2.1/../../../../riscv64-unknown-elf/lib/rv32imac/ilp32\libc_nano.a(lib_a-impure.o)
                0x80000a80                _impure_ptr
 .sdata.__metal_cpu_table
                0x80000a84        0x4 C:/fs3_vsd/projects/SiFive_BitNET_MCU/bsp/install/lib/release/\libmetal.a(cpu.o)
                0x80000a84                __metal_cpu_table
 .sdata.__metal_dt_prci_10008000
                0x80000a88        0x4 C:/fs3_vsd/projects/SiFive_BitNET_MCU/bsp/install/lib/release/\libmetal.a(inline.o)
                0x80000a88                __metal_dt_prci_10008000
 .sdata.__metal_dt_led_2
                0x80000a8c        0x4 C:/fs3_vsd/projects/SiFive_BitNET_MCU/bsp/install/lib/release/\libmetal.a(inline.o)
                0x80000a8c                __metal_dt_led_2
 .sdata.__metal_dt_led_1
                0x80000a90        0x4 C:/fs3_vsd/projects/SiFive_BitNET_MCU/bsp/install/lib/release/\libmetal.a(inline.o)
                0x80000a90                __metal_dt_led_1
 .sdata.__metal_dt_led_0
                0x80000a94        0x4 C:/fs3_vsd/projects/SiFive_BitNET_MCU/bsp/install/lib/release/\libmetal.a(inline.o)
                0x80000a94                __metal_dt_led_0
 .sdata.__metal_dt_gpio_10012000
                0x80000a98        0x4 C:/fs3_vsd/projects/SiFive_BitNET_MCU/bsp/install/lib/release/\libmetal.a(inline.o)
                0x80000a98                __metal_dt_gpio_10012000
 .sdata.__metal_dt_cpu_0
                0x80000a9c        0x8 C:/fs3_vsd/projects/SiFive_BitNET_MCU/bsp/install/lib/release/\libmetal.a(inline.o)
                0x80000a9c                __metal_dt_cpu_0
 .sdata.__metal_dt_clint_2000000
                0x80000aa4        0x8 C:/fs3_vsd/projects/SiFive_BitNET_MCU/bsp/install/lib/release/\libmetal.a(inline.o)
                0x80000aa4                __metal_dt_clint_2000000
 .sdata.__brk   0x80000aac        0x4 C:/fs3_vsd/projects/SiFive_BitNET_MCU/bsp/install/lib/release/\libmetal-gloss.a(sys_sbrk.o)
 *(.gnu.linkonce.s.*)

.tdata          0x80000ab0        0x0 load address 0x20109490
                0x80000ab0                        PROVIDE (__tls_base = .)
 *(.tdata .tdata.* .gnu.linkonce.td.*)
                [!provide]                        PROVIDE (__tdata_source = LOADADDR (.tdata))
                [!provide]                        PROVIDE (__tdata_size = SIZEOF (.tdata))
                0x201089e0                        PROVIDE (metal_segment_data_source_start = LOADADDR (.data))
                0x80000000                        PROVIDE (metal_segment_data_target_start = ADDR (.data))
                0x80000ab0                        PROVIDE (metal_segment_data_target_end = (ADDR (.tdata) + SIZEOF (.tdata)))

.tbss           0x80000ab0        0x0
 *(.tbss .tbss.* .gnu.linkonce.tb.*)
 *(.tcommon .tcommon.*)
                [!provide]                        PROVIDE (__tls_end = .)
                0x00000000                        PROVIDE (__tbss_size = SIZEOF (.tbss))
                [!provide]                        PROVIDE (__tls_size = (__tls_end - __tls_base))

.tbss_space     0x80000ab0        0x0
                0x80000ab0                        . = (. + __tbss_size)

.bss            0x80000ab0       0xb8
 *(.sbss*)
 .sbss.__malloc_sbrk_start
                0x80000ab0        0x4 g:/vsd/fs/fs_installer/sifive/riscv64-unknown-elf-toolsuite-17.9.0-2023.10.0/bin/../lib/gcc/riscv64-unknown-elf/12.2.1/../../../../riscv64-unknown-elf/lib/rv32imac/ilp32\libc_nano.a(lib_a-nano-mallocr.o)
                0x80000ab0                __malloc_sbrk_start
 .sbss.__malloc_free_list
                0x80000ab4        0x4 g:/vsd/fs/fs_installer/sifive/riscv64-unknown-elf-toolsuite-17.9.0-2023.10.0/bin/../lib/gcc/riscv64-unknown-elf/12.2.1/../../../../riscv64-unknown-elf/lib/rv32imac/ilp32\libc_nano.a(lib_a-nano-mallocr.o)
                0x80000ab4                __malloc_free_list
 .sbss.errno    0x80000ab8        0x4 g:/vsd/fs/fs_installer/sifive/riscv64-unknown-elf-toolsuite-17.9.0-2023.10.0/bin/../lib/gcc/riscv64-unknown-elf/12.2.1/../../../../riscv64-unknown-elf/lib/rv32imac/ilp32\libc_nano.a(lib_a-reent.o)
                0x80000ab8                errno
 .sbss._global_atexit
                0x80000abc        0x4 g:/vsd/fs/fs_installer/sifive/riscv64-unknown-elf-toolsuite-17.9.0-2023.10.0/bin/../lib/gcc/riscv64-unknown-elf/12.2.1/../../../../riscv64-unknown-elf/lib/rv32imac/ilp32\libc_nano.a(lib_a-__call_atexit.o)
                0x80000abc                _global_atexit
 .sbss.fini_done.0
                0x80000ac0        0x4 C:/fs3_vsd/projects/SiFive_BitNET_MCU/bsp/install/lib/release/\libmetal.a(init.o)
 .sbss.init_done.1
                0x80000ac4        0x4 C:/fs3_vsd/projects/SiFive_BitNET_MCU/bsp/install/lib/release/\libmetal.a(init.o)
 *(.gnu.linkonce.sb.*)
 *(.bss .bss.*)
 .bss._global_atexit0
                0x80000ac8       0x8c g:/vsd/fs/fs_installer/sifive/riscv64-unknown-elf-toolsuite-17.9.0-2023.10.0/bin/../lib/gcc/riscv64-unknown-elf/12.2.1/../../../../riscv64-unknown-elf/lib/rv32imac/ilp32\libc_nano.a(lib_a-__atexit.o)
 *(.gnu.linkonce.b.*)
 *(COMMON)
 COMMON         0x80000b54       0x14 C:\Users\ankit\AppData\Local\Temp\ccyYnjNp.o
                0x80000b54                cpu
                0x80000b58                tmr_intr
                0x80000b5c                cpu_intr
                0x80000b60                timer_isr_flag
                0x80000b64                tmr_id
                [!provide]                        PROVIDE (metal_segment_bss_source_start = LOADADDR (.tbss))
                0x80000ab0                        PROVIDE (metal_segment_bss_target_start = ADDR (.tbss))
                0x80000b68                        PROVIDE (metal_segment_bss_target_end = (ADDR (.bss) + SIZEOF (.bss)))

.stack          0x80000b70      0x400
                [!provide]                        PROVIDE (metal_segment_stack_begin = .)
                0x80000f70                        . = (. + __stack_size)
 *fill*         0x80000b70      0x400 
                0x80000f70                        PROVIDE (_sp = .)
                [!provide]                        PROVIDE (metal_segment_stack_end = .)

.heap           0x80000f70      0x800
                [!provide]                        PROVIDE (__end = .)
                [!provide]                        PROVIDE (__heap_start = .)
                0x80000f70                        PROVIDE (metal_segment_heap_target_start = .)
                0x00000800                        . = DEFINED (__heap_max)?MIN ((LENGTH (ram) - (. - ORIGIN (ram))), 0x10000000):__heap_size
 *fill*         0x80000f70      0x800 
                0x80001770                        PROVIDE (metal_segment_heap_target_end = .)
                [!provide]                        PROVIDE (_heap_end = .)
                [!provide]                        PROVIDE (__heap_end = .)

/DISCARD/
 *(.eh_frame .eh_frame.*)
OUTPUT(SiFive_BitNET_MCU elf32-littleriscv)

.comment        0x00000000       0x39
 .comment       0x00000000       0x39 C:\Users\ankit\AppData\Local\Temp\ccyYnjNp.o
                                 0x3a (size before relaxing)
 .comment       0x00000039       0x3a g:/vsd/fs/fs_installer/sifive/riscv64-unknown-elf-toolsuite-17.9.0-2023.10.0/bin/../lib/gcc/riscv64-unknown-elf/12.2.1/../../../../riscv64-unknown-elf/lib/rv32imac/ilp32\libc_nano.a(lib_a-printf.o)
 .comment       0x00000039       0x3a g:/vsd/fs/fs_installer/sifive/riscv64-unknown-elf-toolsuite-17.9.0-2023.10.0/bin/../lib/gcc/riscv64-unknown-elf/12.2.1/../../../../riscv64-unknown-elf/lib/rv32imac/ilp32\libc_nano.a(lib_a-putchar.o)
 .comment       0x00000039       0x3a g:/vsd/fs/fs_installer/sifive/riscv64-unknown-elf-toolsuite-17.9.0-2023.10.0/bin/../lib/gcc/riscv64-unknown-elf/12.2.1/../../../../riscv64-unknown-elf/lib/rv32imac/ilp32\libc_nano.a(lib_a-putc.o)
 .comment       0x00000039       0x3a g:/vsd/fs/fs_installer/sifive/riscv64-unknown-elf-toolsuite-17.9.0-2023.10.0/bin/../lib/gcc/riscv64-unknown-elf/12.2.1/../../../../riscv64-unknown-elf/lib/rv32imac/ilp32\libc_nano.a(lib_a-puts.o)
 .comment       0x00000039       0x3a g:/vsd/fs/fs_installer/sifive/riscv64-unknown-elf-toolsuite-17.9.0-2023.10.0/bin/../lib/gcc/riscv64-unknown-elf/12.2.1/../../../../riscv64-unknown-elf/lib/rv32imac/ilp32\libc_nano.a(lib_a-wbuf.o)
 .comment       0x00000039       0x3a g:/vsd/fs/fs_installer/sifive/riscv64-unknown-elf-toolsuite-17.9.0-2023.10.0/bin/../lib/gcc/riscv64-unknown-elf/12.2.1/../../../../riscv64-unknown-elf/lib/rv32imac/ilp32\libc_nano.a(lib_a-wsetup.o)
 .comment       0x00000039       0x3a g:/vsd/fs/fs_installer/sifive/riscv64-unknown-elf-toolsuite-17.9.0-2023.10.0/bin/../lib/gcc/riscv64-unknown-elf/12.2.1/../../../../riscv64-unknown-elf/lib/rv32imac/ilp32\libc_nano.a(lib_a-fflush.o)
 .comment       0x00000039       0x3a g:/vsd/fs/fs_installer/sifive/riscv64-unknown-elf-toolsuite-17.9.0-2023.10.0/bin/../lib/gcc/riscv64-unknown-elf/12.2.1/../../../../riscv64-unknown-elf/lib/rv32imac/ilp32\libc_nano.a(lib_a-findfp.o)
 .comment       0x00000039       0x3a g:/vsd/fs/fs_installer/sifive/riscv64-unknown-elf-toolsuite-17.9.0-2023.10.0/bin/../lib/gcc/riscv64-unknown-elf/12.2.1/../../../../riscv64-unknown-elf/lib/rv32imac/ilp32\libc_nano.a(lib_a-fwalk.o)
 .comment       0x00000039       0x3a g:/vsd/fs/fs_installer/sifive/riscv64-unknown-elf-toolsuite-17.9.0-2023.10.0/bin/../lib/gcc/riscv64-unknown-elf/12.2.1/../../../../riscv64-unknown-elf/lib/rv32imac/ilp32\libc_nano.a(lib_a-impure.o)
 .comment       0x00000039       0x3a g:/vsd/fs/fs_installer/sifive/riscv64-unknown-elf-toolsuite-17.9.0-2023.10.0/bin/../lib/gcc/riscv64-unknown-elf/12.2.1/../../../../riscv64-unknown-elf/lib/rv32imac/ilp32\libc_nano.a(lib_a-makebuf.o)
 .comment       0x00000039       0x3a g:/vsd/fs/fs_installer/sifive/riscv64-unknown-elf-toolsuite-17.9.0-2023.10.0/bin/../lib/gcc/riscv64-unknown-elf/12.2.1/../../../../riscv64-unknown-elf/lib/rv32imac/ilp32\libc_nano.a(lib_a-nano-freer.o)
 .comment       0x00000039       0x3a g:/vsd/fs/fs_installer/sifive/riscv64-unknown-elf-toolsuite-17.9.0-2023.10.0/bin/../lib/gcc/riscv64-unknown-elf/12.2.1/../../../../riscv64-unknown-elf/lib/rv32imac/ilp32\libc_nano.a(lib_a-nano-mallocr.o)
 .comment       0x00000039       0x3a g:/vsd/fs/fs_installer/sifive/riscv64-unknown-elf-toolsuite-17.9.0-2023.10.0/bin/../lib/gcc/riscv64-unknown-elf/12.2.1/../../../../riscv64-unknown-elf/lib/rv32imac/ilp32\libc_nano.a(lib_a-nano-vfprintf.o)
 .comment       0x00000039       0x3a g:/vsd/fs/fs_installer/sifive/riscv64-unknown-elf-toolsuite-17.9.0-2023.10.0/bin/../lib/gcc/riscv64-unknown-elf/12.2.1/../../../../riscv64-unknown-elf/lib/rv32imac/ilp32\libc_nano.a(lib_a-sbrkr.o)
 .comment       0x00000039       0x3a g:/vsd/fs/fs_installer/sifive/riscv64-unknown-elf-toolsuite-17.9.0-2023.10.0/bin/../lib/gcc/riscv64-unknown-elf/12.2.1/../../../../riscv64-unknown-elf/lib/rv32imac/ilp32\libc_nano.a(lib_a-stdio.o)
 .comment       0x00000039       0x3a g:/vsd/fs/fs_installer/sifive/riscv64-unknown-elf-toolsuite-17.9.0-2023.10.0/bin/../lib/gcc/riscv64-unknown-elf/12.2.1/../../../../riscv64-unknown-elf/lib/rv32imac/ilp32\libc_nano.a(lib_a-writer.o)
 .comment       0x00000039       0x3a g:/vsd/fs/fs_installer/sifive/riscv64-unknown-elf-toolsuite-17.9.0-2023.10.0/bin/../lib/gcc/riscv64-unknown-elf/12.2.1/../../../../riscv64-unknown-elf/lib/rv32imac/ilp32\libc_nano.a(lib_a-closer.o)
 .comment       0x00000039       0x3a g:/vsd/fs/fs_installer/sifive/riscv64-unknown-elf-toolsuite-17.9.0-2023.10.0/bin/../lib/gcc/riscv64-unknown-elf/12.2.1/../../../../riscv64-unknown-elf/lib/rv32imac/ilp32\libc_nano.a(lib_a-fstatr.o)
 .comment       0x00000039       0x3a g:/vsd/fs/fs_installer/sifive/riscv64-unknown-elf-toolsuite-17.9.0-2023.10.0/bin/../lib/gcc/riscv64-unknown-elf/12.2.1/../../../../riscv64-unknown-elf/lib/rv32imac/ilp32\libc_nano.a(lib_a-isattyr.o)
 .comment       0x00000039       0x3a g:/vsd/fs/fs_installer/sifive/riscv64-unknown-elf-toolsuite-17.9.0-2023.10.0/bin/../lib/gcc/riscv64-unknown-elf/12.2.1/../../../../riscv64-unknown-elf/lib/rv32imac/ilp32\libc_nano.a(lib_a-lseekr.o)
 .comment       0x00000039       0x3a g:/vsd/fs/fs_installer/sifive/riscv64-unknown-elf-toolsuite-17.9.0-2023.10.0/bin/../lib/gcc/riscv64-unknown-elf/12.2.1/../../../../riscv64-unknown-elf/lib/rv32imac/ilp32\libc_nano.a(lib_a-memchr.o)
 .comment       0x00000039       0x3a g:/vsd/fs/fs_installer/sifive/riscv64-unknown-elf-toolsuite-17.9.0-2023.10.0/bin/../lib/gcc/riscv64-unknown-elf/12.2.1/../../../../riscv64-unknown-elf/lib/rv32imac/ilp32\libc_nano.a(lib_a-mlock.o)
 .comment       0x00000039       0x3a g:/vsd/fs/fs_installer/sifive/riscv64-unknown-elf-toolsuite-17.9.0-2023.10.0/bin/../lib/gcc/riscv64-unknown-elf/12.2.1/../../../../riscv64-unknown-elf/lib/rv32imac/ilp32\libc_nano.a(lib_a-nano-vfprintf_i.o)
 .comment       0x00000039       0x3a g:/vsd/fs/fs_installer/sifive/riscv64-unknown-elf-toolsuite-17.9.0-2023.10.0/bin/../lib/gcc/riscv64-unknown-elf/12.2.1/../../../../riscv64-unknown-elf/lib/rv32imac/ilp32\libc_nano.a(lib_a-readr.o)
 .comment       0x00000039       0x3a g:/vsd/fs/fs_installer/sifive/riscv64-unknown-elf-toolsuite-17.9.0-2023.10.0/bin/../lib/gcc/riscv64-unknown-elf/12.2.1/../../../../riscv64-unknown-elf/lib/rv32imac/ilp32\libc_nano.a(lib_a-reent.o)
 .comment       0x00000039       0x3a C:/fs3_vsd/projects/SiFive_BitNET_MCU/bsp/install/lib/release/\libmetal.a(cpu.o)
 .comment       0x00000039       0x3a C:/fs3_vsd/projects/SiFive_BitNET_MCU/bsp/install/lib/release/\libmetal.a(interrupt.o)
 .comment       0x00000039       0x3a C:/fs3_vsd/projects/SiFive_BitNET_MCU/bsp/install/lib/release/\libmetal.a(led.o)
 .comment       0x00000039       0x3a C:/fs3_vsd/projects/SiFive_BitNET_MCU/bsp/install/lib/release/\libmetal.a(inline.o)
 .comment       0x00000039       0x3a C:/fs3_vsd/projects/SiFive_BitNET_MCU/bsp/install/lib/release/\libmetal.a(riscv_clint0.o)
 .comment       0x00000039       0x3a C:/fs3_vsd/projects/SiFive_BitNET_MCU/bsp/install/lib/release/\libmetal.a(riscv_cpu.o)
 .comment       0x00000039       0x3a C:/fs3_vsd/projects/SiFive_BitNET_MCU/bsp/install/lib/release/\libmetal.a(riscv_plic0.o)
 .comment       0x00000039       0x3a C:/fs3_vsd/projects/SiFive_BitNET_MCU/bsp/install/lib/release/\libmetal.a(sifive_fe310-g000_hfrosc.o)
 .comment       0x00000039       0x3a C:/fs3_vsd/projects/SiFive_BitNET_MCU/bsp/install/lib/release/\libmetal.a(sifive_fe310-g000_hfxosc.o)