Archive member included to satisfy reference by file (symbol)

G:/vsd/FS/FS_installer/SiFive/riscv64-unknown-elf-toolsuite-2.0.3/bin/../lib/gcc/riscv64-unknown-elf/13.2.0/../../../../riscv64-unknown-elf/lib/rv32imac/ilp32\libc_nano.a(libc_a-abort.o)
                              C:\Users\ankit\AppData\Local\Temp\ccgXMhsw.o (abort)
G:/vsd/FS/FS_installer/SiFive/riscv64-unknown-elf-toolsuite-2.0.3/bin/../lib/gcc/riscv64-unknown-elf/13.2.0/../../../../riscv64-unknown-elf/lib/rv32imac/ilp32\libc_nano.a(libc_a-printf.o)
                              C:\Users\ankit\AppData\Local\Temp\ccgXMhsw.o (printf)
G:/vsd/FS/FS_installer/SiFive/riscv64-unknown-elf-toolsuite-2.0.3/bin/../lib/gcc/riscv64-unknown-elf/13.2.0/../../../../riscv64-unknown-elf/lib/rv32imac/ilp32\libc_nano.a(libc_a-signal.o)
                              G:/vsd/FS/FS_installer/SiFive/riscv64-unknown-elf-toolsuite-2.0.3/bin/../lib/gcc/riscv64-unknown-elf/13.2.0/../../../../riscv64-unknown-elf/lib/rv32imac/ilp32\libc_nano.a(libc_a-abort.o) (raise)
G:/vsd/FS/FS_installer/SiFive/riscv64-unknown-elf-toolsuite-2.0.3/bin/../lib/gcc/riscv64-unknown-elf/13.2.0/../../../../riscv64-unknown-elf/lib/rv32imac/ilp32\libc_nano.a(libc_a-impure.o)
                              G:/vsd/FS/FS_installer/SiFive/riscv64-unknown-elf-toolsuite-2.0.3/bin/../lib/gcc/riscv64-unknown-elf/13.2.0/../../../../riscv64-unknown-elf/lib/rv32imac/ilp32\libc_nano.a(libc_a-printf.o) (_impure_ptr)
G:/vsd/FS/FS_installer/SiFive/riscv64-unknown-elf-toolsuite-2.0.3/bin/../lib/gcc/riscv64-unknown-elf/13.2.0/../../../../riscv64-unknown-elf/lib/rv32imac/ilp32\libc_nano.a(libc_a-signalr.o)
                              G:/vsd/FS/FS_installer/SiFive/riscv64-unknown-elf-toolsuite-2.0.3/bin/../lib/gcc/riscv64-unknown-elf/13.2.0/../../../../riscv64-unknown-elf/lib/rv32imac/ilp32\libc_nano.a(libc_a-signal.o) (_kill_r)
G:/vsd/FS/FS_installer/SiFive/riscv64-unknown-elf-toolsuite-2.0.3/bin/../lib/gcc/riscv64-unknown-elf/13.2.0/../../../../riscv64-unknown-elf/lib/rv32imac/ilp32\libc_nano.a(libc_a-strcmp.o)
                              C:\Users\ankit\AppData\Local\Temp\ccgXMhsw.o (strcmp)
G:/vsd/FS/FS_installer/SiFive/riscv64-unknown-elf-toolsuite-2.0.3/bin/../lib/gcc/riscv64-unknown-elf/13.2.0/../../../../riscv64-unknown-elf/lib/rv32imac/ilp32\libc_nano.a(libc_a-mallocr.o)
                              G:/vsd/FS/FS_installer/SiFive/riscv64-unknown-elf-toolsuite-2.0.3/bin/../lib/gcc/riscv64-unknown-elf/13.2.0/../../../../riscv64-unknown-elf/lib/rv32imac/ilp32\libc_nano.a(libc_a-signal.o) (_malloc_r)
G:/vsd/FS/FS_installer/SiFive/riscv64-unknown-elf-toolsuite-2.0.3/bin/../lib/gcc/riscv64-unknown-elf/13.2.0/../../../../riscv64-unknown-elf/lib/rv32imac/ilp32\libc_nano.a(libc_a-mlock.o)
                              G:/vsd/FS/FS_installer/SiFive/riscv64-unknown-elf-toolsuite-2.0.3/bin/../lib/gcc/riscv64-unknown-elf/13.2.0/../../../../riscv64-unknown-elf/lib/rv32imac/ilp32\libc_nano.a(libc_a-mallocr.o) (__malloc_lock)
G:/vsd/FS/FS_installer/SiFive/riscv64-unknown-elf-toolsuite-2.0.3/bin/../lib/gcc/riscv64-unknown-elf/13.2.0/../../../../riscv64-unknown-elf/lib/rv32imac/ilp32\libc_nano.a(libc_a-nano-vfprintf.o)
                              G:/vsd/FS/FS_installer/SiFive/riscv64-unknown-elf-toolsuite-2.0.3/bin/../lib/gcc/riscv64-unknown-elf/13.2.0/../../../../riscv64-unknown-elf/lib/rv32imac/ilp32\libc_nano.a(libc_a-printf.o) (_vfprintf_r)
G:/vsd/FS/FS_installer/SiFive/riscv64-unknown-elf-toolsuite-2.0.3/bin/../lib/gcc/riscv64-unknown-elf/13.2.0/../../../../riscv64-unknown-elf/lib/rv32imac/ilp32\libc_nano.a(libc_a-nano-vfprintf_i.o)
                              G:/vsd/FS/FS_installer/SiFive/riscv64-unknown-elf-toolsuite-2.0.3/bin/../lib/gcc/riscv64-unknown-elf/13.2.0/../../../../riscv64-unknown-elf/lib/rv32imac/ilp32\libc_nano.a(libc_a-nano-vfprintf.o) (_printf_i)
G:/vsd/FS/FS_installer/SiFive/riscv64-unknown-elf-toolsuite-2.0.3/bin/../lib/gcc/riscv64-unknown-elf/13.2.0/../../../../riscv64-unknown-elf/lib/rv32imac/ilp32\libc_nano.a(libc_a-findfp.o)
                              G:/vsd/FS/FS_installer/SiFive/riscv64-unknown-elf-toolsuite-2.0.3/bin/../lib/gcc/riscv64-unknown-elf/13.2.0/../../../../riscv64-unknown-elf/lib/rv32imac/ilp32\libc_nano.a(libc_a-nano-vfprintf.o) (__sinit)
G:/vsd/FS/FS_installer/SiFive/riscv64-unknown-elf-toolsuite-2.0.3/bin/../lib/gcc/riscv64-unknown-elf/13.2.0/../../../../riscv64-unknown-elf/lib/rv32imac/ilp32\libc_nano.a(libc_a-fvwrite.o)
                              G:/vsd/FS/FS_installer/SiFive/riscv64-unknown-elf-toolsuite-2.0.3/bin/../lib/gcc/riscv64-unknown-elf/13.2.0/../../../../riscv64-unknown-elf/lib/rv32imac/ilp32\libc_nano.a(libc_a-nano-vfprintf.o) (__sfvwrite_r)
G:/vsd/FS/FS_installer/SiFive/riscv64-unknown-elf-toolsuite-2.0.3/bin/../lib/gcc/riscv64-unknown-elf/13.2.0/../../../../riscv64-unknown-elf/lib/rv32imac/ilp32\libc_nano.a(libc_a-fwalk.o)
[...]
Memory Configuration

Name             Origin             Length             Attributes
ram              0x80000000         0x00004000         axrwl
rom              0x20100000         0x1fc00000         xrl!aw
*default*        0x00000000         0xffffffff

Linker script and memory map

LOAD G:/vsd/FS/FS_installer/SiFive/riscv64-unknown-elf-toolsuite-2.0.3/bin/../lib/gcc/riscv64-unknown-elf/13.2.0/rv32imac/ilp32\libgcc.a
LOAD G:/vsd/FS/FS_installer/SiFive/riscv64-unknown-elf-toolsuite-2.0.3/bin/../lib/gcc/riscv64-unknown-elf/13.2.0/../../../../riscv64-unknown-elf/lib/rv32imac/ilp32\libc_nano.a
LOAD C:\Users\ankit\AppData\Local\Temp\ccKjTDoP.o
LOAD C:\Users\ankit\AppData\Local\Temp\ccgXMhsw.o
START GROUP
LOAD G:/vsd/FS/FS_installer/SiFive/riscv64-unknown-elf-toolsuite-2.0.3/bin/../lib/gcc/riscv64-unknown-elf/13.2.0/../../../../riscv64-unknown-elf/lib/rv32imac/ilp32\libc_nano.a
LOAD G:/vsd/FS/FS_installer/SiFive/riscv64-unknown-elf-toolsuite-2.0.3/bin/../lib/gcc/riscv64-unknown-elf/13.2.0/rv32imac/ilp32\libgcc.a
LOAD G:/vsd/FS/FS_installer/SiFive/riscv64-unknown-elf-toolsuite-2.0.3/bin/../lib/gcc/riscv64-unknown-elf/13.2.0/../../../../riscv64-unknown-elf/lib/rv32imac/ilp32\libm_nano.a
LOAD C:/fs3_vsd/projects/sifive_hifive1_empty_1/bsp/install/lib/release/\libmetal.a
LOAD C:/fs3_vsd/projects/sifive_hifive1_empty_1/bsp/install/lib/release/\libmetal-gloss.a
END GROUP
LOAD C:\fs3_vsd\projects\sifive_hifive1_empty_1\/tflm_src\libtflite.a
                0x00000400                        __stack_size = DEFINED (__stack_size)?__stack_size:0x400
                [!provide]                        PROVIDE (__stack_size = __stack_size)
                0x00000800                        __heap_size = DEFINED (__heap_size)?__heap_size:0x800
                0x00000000                        PROVIDE (__metal_boot_hart = 0x0)
                0x00000001                        PROVIDE (__metal_chicken_bit = 0x1)
                0x00000000                        PROVIDE (__metal_eccscrub_bit = 0x0)
                [!provide]                        PROVIDE (metal_dtim_0_memory_start = 0x80000000)
                [!provide]                        PROVIDE (metal_dtim_0_memory_end = 0x80004000)

.init           0x20100000      0x2b8
 *(.text.metal.init.enter)
 .text.metal.init.enter
                0x20100000       0x88 C:/fs3_vsd/projects/sifive_hifive1_empty_1/bsp/install/lib/release/\libmetal.a(entry.o)
                0x20100000                _enter
 *(.text.metal.init.*)
 .text.metal.init.__register_frame_info
                0x20100088        0x2 C:/fs3_vsd/projects/sifive_hifive1_empty_1/bsp/install/lib/release/\libmetal.a(entry.o)
                0x20100088                __register_frame_info
 .text.metal.init.scrub
                0x2010008a       0xa8 C:/fs3_vsd/projects/sifive_hifive1_empty_1/bsp/install/lib/release/\libmetal.a(scrub.o)
                0x2010008a                metal_mem_scrub
                0x201000cc                __metal_before_start
 *fill*         0x20100132        0x2 
 .text.metal.init.trapvec
                0x20100134        0xe C:/fs3_vsd/projects/sifive_hifive1_empty_1/bsp/install/lib/release/\libmetal.a(trap.o)
                0x20100134                early_trap_vector
 *(SORT_NONE(.init))
 .init          0x20100142        0x2 C:/fs3_vsd/projects/sifive_hifive1_empty_1/bsp/install/lib/release/\libmetal.a(synchronize_harts.o)
                0x20100142                __metal_synchronize_harts
 *(.text.libgloss.start)
 .text.libgloss.start
                0x20100144      0x174 C:/fs3_vsd/projects/sifive_hifive1_empty_1/bsp/install/lib/release/\libmetal-gloss.a(crt0.o)
                0x20100144                _start
                0x20100296                _fini
                0x20100296                _init
                0x20100298                secondary_main

.fini
 *(SORT_NONE(.fini))

.preinit_array  0x201002b8        0x0
                0x201002b8                        PROVIDE (__preinit_array_start = .)
 *(.preinit_array)
                0x201002b8                        PROVIDE (__preinit_array_end = .)

.init_array     0x201002b8        0xc
                0x201002b8                        PROVIDE (__init_array_start = .)
 *(SORT_BY_INIT_PRIORITY(.init_array.*) SORT_BY_INIT_PRIORITY(.ctors.*))
 *(.init_array EXCLUDE_FILE(*crtend?.o *crtend.o *crtbegin?.o *crtbegin.o) .ctors)
                0x201002b8                        PROVIDE (__init_array_end = .)
                0x201002b8                        PROVIDE (metal_constructors_start = .)
 *(SORT_BY_INIT_PRIORITY(.metal.init_array.*))
 .metal.init_array.5000
                0x201002b8        0x4 C:/fs3_vsd/projects/sifive_hifive1_empty_1/bsp/install/lib/release/\libmetal.a(tty.o)
                0x201002b8                _metal_tty_init_ptr
 .metal.init_array.5000
                0x201002bc        0x8 C:/fs3_vsd/projects/sifive_hifive1_empty_1/bsp/install/lib/release/\libmetal.a(sifive_fe310-g000_pll.o)
                0x201002bc                _use_hfxosc_ptr
                0x201002c0                _metal_sifive_fe310_g000_pll_init_ptr
 *(.metal.init_array)
                0x201002c4                        PROVIDE (metal_constructors_end = .)

.fini_array     0x201002c8        0x0
                0x201002c8                        PROVIDE (__fini_array_start = .)
 *(SORT_BY_INIT_PRIORITY(.fini_array.*) SORT_BY_INIT_PRIORITY(.dtors.*))
 *(.fini_array EXCLUDE_FILE(*crtend?.o *crtend.o *crtbegin?.o *crtbegin.o) .dtors)
                0x201002c8                        PROVIDE (__fini_array_end = .)
                0x201002c8                        PROVIDE (metal_destructors_start = .)
 *(SORT_BY_INIT_PRIORITY(.metal.fini_array.*))
 *(.metal.fini_array)
                0x201002c8                        PROVIDE (metal_destructors_end = .)

.ctors          0x201002c4       0x54
 *crtbegin.o(.ctors)
 *crtbegin?.o(.ctors)
 *(EXCLUDE_FILE(*crtend?.o *crtend.o) .ctors)
 *(SORT_BY_NAME(.ctors.*))
 *(.ctors)
 *(.metal.ctors .metal.ctors.*)
 .metal.ctors   0x201002c4       0x12 C:/fs3_vsd/projects/sifive_hifive1_empty_1/bsp/install/lib/release/\libmetal.a(tty.o)
                0x201002c4                metal_tty_init
 .metal.ctors   0x201002d6       0x42 C:/fs3_vsd/projects/sifive_hifive1_empty_1/bsp/install/lib/release/\libmetal.a(sifive_fe310-g000_pll.o)
                0x201002d6                metal_sifive_fe310_g000_pll_init
                0x201002e2                use_hfxosc

.dtors
 *crtbegin.o(.dtors)
 *crtbegin?.o(.dtors)
 *(EXCLUDE_FILE(*crtend?.o *crtend.o) .dtors)
 *(SORT_BY_NAME(.dtors.*))
 *(.dtors)
 *(.metal.dtors .metal.dtors.*)

.rodata         0x20100320     0x1acc
 *(.rdata)
 *(.rodata .rodata.*)
 .rodata.g_hello_world_int8_model_data
                0x20100320      0xa90 C:\Users\ankit\AppData\Local\Temp\ccKjTDoP.o
                0x20100320                g_hello_world_int8_model_data
 .rodata._Z33LoadQuantModelAndPerformInferencev.str1.4
                0x20100db0      0x45a C:\Users\ankit\AppData\Local\Temp\ccgXMhsw.o
                                 0x52 (size before relaxing)
 *fill*         0x2010120a        0x2 
 .rodata._ZTVN6tflite22MicroMutableOpResolverILj1EEE
                0x2010120c       0x1c C:\Users\ankit\AppData\Local\Temp\ccgXMhsw.o
                0x2010120c                vtable for tflite::MicroMutableOpResolver<1u>
 .rodata._vfprintf_r.str1.4
                0x20101228       0x13 G:/vsd/FS/FS_installer/SiFive/riscv64-unknown-elf-toolsuite-2.0.3/bin/../lib/gcc/riscv64-unknown-elf/13.2.0/../../../../riscv64-unknown-elf/lib/rv32imac/ilp32\libc_nano.a(libc_a-nano-vfprintf.o)
 .rodata._printf_i.str1.4
                0x20101228       0x25 G:/vsd/FS/FS_installer/SiFive/riscv64-unknown-elf-toolsuite-2.0.3/bin/../lib/gcc/riscv64-unknown-elf/13.2.0/../../../../riscv64-unknown-elf/lib/rv32imac/ilp32\libc_nano.a(libc_a-nano-vfprintf_i.o)
 .rodata._printf_i
                0x20101228       0x58 G:/vsd/FS/FS_installer/SiFive/riscv64-unknown-elf-toolsuite-2.0.3/bin/../lib/gcc/riscv64-unknown-elf/13.2.0/../../../../riscv64-unknown-elf/lib/rv32imac/ilp32\libc_nano.a(libc_a-nano-vfprintf_i.o)
 .rodata.libgloss.start
                0x20101280       0x11 C:/fs3_vsd/projects/sifive_hifive1_empty_1/bsp/install/lib/release/\libmetal-gloss.a(crt0.o)
 *fill*         0x20101291        0x3 
 .rodata.__metal_driver_vtable_riscv_clint0
                0x20101294       0x64 C:/fs3_vsd/projects/sifive_hifive1_empty_1/bsp/install/lib/release/\libmetal.a(riscv_clint0.o)
                0x20101294                __metal_driver_vtable_riscv_clint0
 .rodata.__metal_driver_vtable_cpu
                0x201012f8       0x44 C:/fs3_vsd/projects/sifive_hifive1_empty_1/bsp/install/lib/release/\libmetal.a(riscv_cpu.o)
                0x201012f8                __metal_driver_vtable_cpu
 .rodata.__metal_driver_vtable_riscv_cpu_intc
                0x2010133c       0x64 C:/fs3_vsd/projects/sifive_hifive1_empty_1/bsp/install/lib/release/\libmetal.a(riscv_cpu.o)
                0x2010133c                __metal_driver_vtable_riscv_cpu_intc
 .rodata.__metal_driver_vtable_riscv_plic0
                0x201013a0       0x64 C:/fs3_vsd/projects/sifive_hifive1_empty_1/bsp/install/lib/release/\libmetal.a(riscv_plic0.o)
                0x201013a0                __metal_driver_vtable_riscv_plic0
 .rodata.__metal_driver_vtable_sifive_fe310_g000_pll
                0x20101404        0xc C:/fs3_vsd/projects/sifive_hifive1_empty_1/bsp/install/lib/release/\libmetal.a(sifive_fe310-g000_pll.o)
                0x20101404                __metal_driver_vtable_sifive_fe310_g000_pll
 .rodata.pll_configs
                0x20101410      0x880 C:/fs3_vsd/projects/sifive_hifive1_empty_1/bsp/install/lib/release/\libmetal.a(sifive_fe310-g000_pll.o)
 .rodata.__metal_driver_sifive_gpio0_config_int
                0x20101c90       0x20 C:/fs3_vsd/projects/sifive_hifive1_empty_1/bsp/install/lib/release/\libmetal.a(sifive_gpio0.o)
 .rodata.__metal_driver_sifive_gpio0_clear_int
                0x20101cb0       0x1c C:/fs3_vsd/projects/sifive_hifive1_empty_1/bsp/install/lib/release/\libmetal.a(sifive_gpio0.o)
 .rodata.__metal_driver_vtable_sifive_gpio0
                0x20101ccc       0x3c C:/fs3_vsd/projects/sifive_hifive1_empty_1/bsp/install/lib/release/\libmetal.a(sifive_gpio0.o)
                0x20101ccc                __metal_driver_vtable_sifive_gpio0
 .rodata.__metal_driver_vtable_sifive_uart0
                0x20101d08       0x40 C:/fs3_vsd/projects/sifive_hifive1_empty_1/bsp/install/lib/release/\libmetal.a(sifive_uart0.o)
                0x20101d08                __metal_driver_vtable_sifive_uart0
 .rodata._ZN6tflite12_GLOBAL__N_118FullyConnectedEvalEP13TfLiteContextP10TfLiteNode.str1.4
                0x20101d48       0x46 C:\fs3_vsd\projects\sifive_hifive1_empty_1\/tflm_src\libtflite.a(fully_connected.o)
 .rodata._ZN6tflite12_GLOBAL__N_121FullyConnectedPrepareEP13TfLiteContextP10TfLiteNode.str1.4
                0x20101d48      0x100 C:\fs3_vsd\projects\sifive_hifive1_empty_1\/tflm_src\libtflite.a(fully_connected.o)
 .rodata._ZN6tflite25FullyConnectedParamsFloatE21TfLiteFusedActivation.cst4
                0x20101d48       0x1c C:\fs3_vsd\projects\sifive_hifive1_empty_1\/tflm_src\libtflite.a(fully_connected_common.o)
                                 0x14 (size before relaxing)
 .rodata._ZN6tflite29CalculateOpDataFullyConnectedEP13TfLiteContext21TfLiteFusedActivation10TfLiteTypePK12TfLiteTensorS6_S6_PS4_PNS_20OpDataFullyConnectedE.str1.4
                0x20101d64      0x132 C:\fs3_vsd\projects\sifive_hifive1_empty_1\/tflm_src\libtflite.a(fully_connected_common.o)
 .rodata.CSWTCH.7
                0x20101d64       0x50 C:\fs3_vsd\projects\sifive_hifive1_empty_1\/tflm_src\libtflite.a(common.o)
 .rodata.TfLiteTypeGetName.str1.4
                0x20101db4        0xd C:\fs3_vsd\projects\sifive_hifive1_empty_1\/tflm_src\libtflite.a(common.o)
 .rodata.str1.4
                0x20101db4       0xad C:\fs3_vsd\projects\sifive_hifive1_empty_1\/tflm_src\libtflite.a(common.o)
 .rodata._ZN6tflite12tensor_utils18ApplyRelu1ToVectorEPKfiPf.cst4
                0x20101db4        0x8 C:\fs3_vsd\projects\sifive_hifive1_empty_1\/tflm_src\libtflite.a(portable_tensor_utils.o)
 .rodata._ZN6tflite12tensor_utils18ApplyRelu6ToVectorEPKfiPf.cst4
                0x20101db4        0x4 C:\fs3_vsd\projects\sifive_hifive1_empty_1\/tflm_src\libtflite.a(portable_tensor_utils.o)
 *fill*         0x20101db4        0x4 
 .rodata._ZN6tflite18QuantizeMultiplierEdPlPi.cst8
                0x20101db8       0x10 C:\fs3_vsd\projects\sifive_hifive1_empty_1\/tflm_src\libtflite.a(quantization_util.o)
                                  0x8 (size before relaxing)
 .rodata._ZN6tflite12_GLOBAL__N_18QuantizeEP13TfLiteContextflfRl.cst4
                0x20101dc8        0x8 C:\fs3_vsd\projects\sifive_hifive1_empty_1\/tflm_src\libtflite.a(kernel_util.o)
 .rodata._ZN6tflite12_GLOBAL__N_18QuantizeEP13TfLiteContextflfRl.str1.4
                0x20101dc8       0x73 C:\fs3_vsd\projects\sifive_hifive1_empty_1\/tflm_src\libtflite.a(kernel_util.o)
 .rodata._ZN6tflite32GetQuantizedConvolutionMultiplerEP13TfLiteContextPK12TfLiteTensorS4_PS2_Pd.str1.4
                0x20101dc8       0x19 C:\fs3_vsd\projects\sifive_hifive1_empty_1\/tflm_src\libtflite.a(kernel_util.o)
 .rodata._ZN6tflite32GetQuantizedConvolutionMultiplerEP13TfLiteContextPK12TfLiteTensorS4_S4_PS2_Pd.cst8
                0x20101dc8        0x8 C:\fs3_vsd\projects\sifive_hifive1_empty_1\/tflm_src\libtflite.a(kernel_util.o)
 .rodata._ZN6tflite32GetQuantizedConvolutionMultiplerEP13TfLiteContextPK12TfLiteTensorS4_S4_PS2_Pd.str1.4
                0x20101dc8       0x22 C:\fs3_vsd\projects\sifive_hifive1_empty_1\/tflm_src\libtflite.a(kernel_util.o)
 .rodata._ZN6tflite33CalculateActivationRangeQuantizedEP13TfLiteContext21TfLiteFusedActivationP12TfLiteTensorPlS5_.cst4
                0x20101dc8        0xc C:\fs3_vsd\projects\sifive_hifive1_empty_1\/tflm_src\libtflite.a(kernel_util.o)
 .rodata._ZN6tflite33CalculateActivationRangeQuantizedEP13TfLiteContext21TfLiteFusedActivationP12TfLiteTensorPlS5_.str1.4
                0x20101dc8        0x6 C:\fs3_vsd\projects\sifive_hifive1_empty_1\/tflm_src\libtflite.a(kernel_util.o)
 *(.gnu.linkonce.r.*)
                0x20101e40                        . = ALIGN (0x8)
 *(.srodata.cst16)
 *(.srodata.cst8)
 *(.srodata.cst4)
 *(.srodata.cst2)
 *(.srodata .srodata.*)
 .srodata.CSWTCH.79
                0x20101dc8        0x3 C:/fs3_vsd/projects/sifive_hifive1_empty_1/bsp/install/lib/release/\libmetal.a(riscv_cpu.o)
 *fill*         0x20101dcb        0x1 
 .srodata.__metal_driver_vtable_sifive_fe310_g000_hfrosc
                0x20101dcc        0x8 C:/fs3_vsd/projects/sifive_hifive1_empty_1/bsp/install/lib/release/\libmetal.a(sifive_fe310-g000_hfrosc.o)
                0x20101dcc                __metal_driver_vtable_sifive_fe310_g000_hfrosc
 .srodata.__metal_driver_vtable_sifive_fe310_g000_hfxosc
                0x20101dd4        0x8 C:/fs3_vsd/projects/sifive_hifive1_empty_1/bsp/install/lib/release/\libmetal.a(sifive_fe310-g000_hfxosc.o)
                0x20101dd4                __metal_driver_vtable_sifive_fe310_g000_hfxosc
 .srodata.__metal_driver_vtable_sifive_fe310_g000_prci
                0x20101ddc        0x8 C:/fs3_vsd/projects/sifive_hifive1_empty_1/bsp/install/lib/release/\libmetal.a(sifive_fe310-g000_prci.o)
                0x20101ddc                __metal_driver_vtable_sifive_fe310_g000_prci
 .srodata.__metal_driver_vtable_fixed_clock
                0x20101de4        0x8 C:/fs3_vsd/projects/sifive_hifive1_empty_1/bsp/install/lib/release/\libmetal.a(fixed-clock.o)
                0x20101de4                __metal_driver_vtable_fixed_clock

.itim           0x80000000        0x0 load address 0x20101df0
 *(.itim .itim.*)
                0x20101df0                        PROVIDE (metal_segment_itim_source_start = LOADADDR (.itim))
                0x80000000                        PROVIDE (metal_segment_itim_target_start = ADDR (.itim))
                0x80000000                        PROVIDE (metal_segment_itim_target_end = (ADDR (.itim) + SIZEOF (.itim)))

.lim            0x80000000        0x0 load address 0x20101df0
 *(.lim .lim.*)
                0x20101df0                        PROVIDE (metal_segment_lim_source_start = LOADADDR (.lim))
                0x80000000                        PROVIDE (metal_segment_lim_target_start = ADDR (.lim))
                0x80000000                        PROVIDE (metal_segment_lim_target_end = (ADDR (.lim) + SIZEOF (.lim)))

.text           0x20101e00     0x4b5a
 *(.text.unlikely .text.unlikely.*)
 *(.text.startup .text.startup.*)
 .text.startup.main
                0x20101e00        0x2 C:\Users\ankit\AppData\Local\Temp\ccgXMhsw.o
                0x20101e00                main
 *(.text .text.*)
 .text._ZN6tflite22MicroMutableOpResolverILj1EED0Ev
                0x20101e02        0x2 C:\Users\ankit\AppData\Local\Temp\ccgXMhsw.o
                0x20101e02                tflite::MicroMutableOpResolver<1u>::~MicroMutableOpResolver()
                0x20101e02                tflite::MicroMutableOpResolver<1u>::~MicroMutableOpResolver()
                0x20101e02                tflite::MicroMutableOpResolver<1u>::~MicroMutableOpResolver()
 .text._ZNK6tflite22MicroMutableOpResolverILj1EE15GetOpDataParserENS_15BuiltinOperatorE
                0x20101e04       0x20 C:\Users\ankit\AppData\Local\Temp\ccgXMhsw.o
                0x20101e04                tflite::MicroMutableOpResolver<1u>::GetOpDataParser(tflite::BuiltinOperator) const
 .text._ZNK6tflite22MicroMutableOpResolverILj1EE6FindOpEPKc
                0x20101e24       0x60 C:\Users\ankit\AppData\Local\Temp\ccgXMhsw.o
                0x20101e24                tflite::MicroMutableOpResolver<1u>::FindOp(char const*) const
 .text._ZNK6tflite22MicroMutableOpResolverILj1EE6FindOpENS_15BuiltinOperatorE
                0x20101e84       0x20 C:\Users\ankit\AppData\Local\Temp\ccgXMhsw.o
                0x20101e84                tflite::MicroMutableOpResolver<1u>::FindOp(tflite::BuiltinOperator) const
 .text._Z33LoadQuantModelAndPerformInferencev
                0x20101ea4       0x86 C:\Users\ankit\AppData\Local\Temp\ccgXMhsw.o
                0x20101ea4                LoadQuantModelAndPerformInference()
 .text.abort    0x20101f2a        0xe G:/vsd/FS/FS_installer/SiFive/riscv64-unknown-elf-toolsuite-2.0.3/bin/../lib/gcc/riscv64-unknown-elf/13.2.0/../../../../riscv64-unknown-elf/lib/rv32imac/ilp32\libc_nano.a(libc_a-abort.o)
                0x20101f2a                abort
 .text.printf   0x20101f38       0x2c G:/vsd/FS/FS_installer/SiFive/riscv64-unknown-elf-toolsuite-2.0.3/bin/../lib/gcc/riscv64-unknown-elf/13.2.0/../../../../riscv64-unknown-elf/lib/rv32imac/ilp32\libc_nano.a(libc_a-printf.o)
                0x20101f38                iprintf
                0x20101f38                printf
 .text._raise_r
                0x20101f64       0x60 G:/vsd/FS/FS_installer/SiFive/riscv64-unknown-elf-toolsuite-2.0.3/bin/../lib/gcc/riscv64-unknown-elf/13.2.0/../../../../riscv64-unknown-elf/lib/rv32imac/ilp32\libc_nano.a(libc_a-signal.o)
                0x20101f64                _raise_r
 .text.raise    0x20101fc4        0xc G:/vsd/FS/FS_installer/SiFive/riscv64-unknown-elf-toolsuite-2.0.3/bin/../lib/gcc/riscv64-unknown-elf/13.2.0/../../../../riscv64-unknown-elf/lib/rv32imac/ilp32\libc_nano.a(libc_a-signal.o)
                0x20101fc4                raise
 .text._kill_r  0x20101fd0       0x32 G:/vsd/FS/FS_installer/SiFive/riscv64-unknown-elf-toolsuite-2.0.3/bin/../lib/gcc/riscv64-unknown-elf/13.2.0/../../../../riscv64-unknown-elf/lib/rv32imac/ilp32\libc_nano.a(libc_a-signalr.o)
                0x20101fd0                _kill_r
 .text._getpid_r
                0x20102002        0x4 G:/vsd/FS/FS_installer/SiFive/riscv64-unknown-elf-toolsuite-2.0.3/bin/../lib/gcc/riscv64-unknown-elf/13.2.0/../../../../riscv64-unknown-elf/lib/rv32imac/ilp32\libc_nano.a(libc_a-signalr.o)
                0x20102002                _getpid_r
 .text          0x20102006      0x11e G:/vsd/FS/FS_installer/SiFive/riscv64-unknown-elf-toolsuite-2.0.3/bin/../lib/gcc/riscv64-unknown-elf/13.2.0/../../../../riscv64-unknown-elf/lib/rv32imac/ilp32\libc_nano.a(libc_a-strcmp.o)
                0x20102006                strcmp
 .text.sbrk_aligned
                0x20102124       0x5e G:/vsd/FS/FS_installer/SiFive/riscv64-unknown-elf-toolsuite-2.0.3/bin/../lib/gcc/riscv64-unknown-elf/13.2.0/../../../../riscv64-unknown-elf/lib/rv32imac/ilp32\libc_nano.a(libc_a-mallocr.o)
 .text._malloc_r
                0x20102182      0x124 G:/vsd/FS/FS_installer/SiFive/riscv64-unknown-elf-toolsuite-2.0.3/bin/../lib/gcc/riscv64-unknown-elf/13.2.0/../../../../riscv64-unknown-elf/lib/rv32imac/ilp32\libc_nano.a(libc_a-mallocr.o)
                0x20102182                _malloc_r
 .text.__malloc_lock
                0x201022a6        0x2 G:/vsd/FS/FS_installer/SiFive/riscv64-unknown-elf-toolsuite-2.0.3/bin/../lib/gcc/riscv64-unknown-elf/13.2.0/../../../../riscv64-unknown-elf/lib/rv32imac/ilp32\libc_nano.a(libc_a-mlock.o)
                0x201022a6                __malloc_lock
 .text.__malloc_unlock
                0x201022a8        0x2 G:/vsd/FS/FS_installer/SiFive/riscv64-unknown-elf-toolsuite-2.0.3/bin/../lib/gcc/riscv64-unknown-elf/13.2.0/../../../../riscv64-unknown-elf/lib/rv32imac/ilp32\libc_nano.a(libc_a-mlock.o)
                0x201022a8                __malloc_unlock
 .text.__sfputc_r
                0x201022aa       0x2a G:/vsd/FS/FS_installer/SiFive/riscv64-unknown-elf-toolsuite-2.0.3/bin/../lib/gcc/riscv64-unknown-elf/13.2.0/../../../../riscv64-unknown-elf/lib/rv32imac/ilp32\libc_nano.a(libc_a-nano-vfprintf.o)
 .text.__sfputs_r
                0x201022d4       0x42 G:/vsd/FS/FS_installer/SiFive/riscv64-unknown-elf-toolsuite-2.0.3/bin/../lib/gcc/riscv64-unknown-elf/13.2.0/../../../../riscv64-unknown-elf/lib/rv32imac/ilp32\libc_nano.a(libc_a-nano-vfprintf.o)
                0x201022d4                __sfputs_r
 .text._vfprintf_r
                0x20102316      0x266 G:/vsd/FS/FS_installer/SiFive/riscv64-unknown-elf-toolsuite-2.0.3/bin/../lib/gcc/riscv64-unknown-elf/13.2.0/../../../../riscv64-unknown-elf/lib/rv32imac/ilp32\libc_nano.a(libc_a-nano-vfprintf.o)
                0x20102316                _vfprintf_r
                0x20102316                _vfiprintf_r
 .text._printf_common
                0x2010257c      0x110 G:/vsd/FS/FS_installer/SiFive/riscv64-unknown-elf-toolsuite-2.0.3/bin/../lib/gcc/riscv64-unknown-elf/13.2.0/../../../../riscv64-unknown-elf/lib/rv32imac/ilp32\libc_nano.a(libc_a-nano-vfprintf_i.o)
                0x2010257c                _printf_common
 .text._printf_i
                0x2010268c      0x262 G:/vsd/FS/FS_installer/SiFive/riscv64-unknown-elf-toolsuite-2.0.3/bin/../lib/gcc/riscv64-unknown-elf/13.2.0/../../../../riscv64-unknown-elf/lib/rv32imac/ilp32\libc_nano.a(libc_a-nano-vfprintf_i.o)
                0x2010268c                _printf_i
 .text.std      0x201028ee       0x68 G:/vsd/FS/FS_installer/SiFive/riscv64-unknown-elf-toolsuite-2.0.3/bin/../lib/gcc/riscv64-unknown-elf/13.2.0/../../../../riscv64-unknown-elf/lib/rv32imac/ilp32\libc_nano.a(libc_a-findfp.o)
 .text.stdio_exit_handler
                0x20102956       0x1a G:/vsd/FS/FS_installer/SiFive/riscv64-unknown-elf-toolsuite-2.0.3/bin/../lib/gcc/riscv64-unknown-elf/13.2.0/../../../../riscv64-unknown-elf/lib/rv32imac/ilp32\libc_nano.a(libc_a-findfp.o)
 .text.cleanup_stdio
                0x20102970       0x4c G:/vsd/FS/FS_installer/SiFive/riscv64-unknown-elf-toolsuite-2.0.3/bin/../lib/gcc/riscv64-unknown-elf/13.2.0/../../../../riscv64-unknown-elf/lib/rv32imac/ilp32\libc_nano.a(libc_a-findfp.o)
 .text.global_stdio_init.part.0
                0x201029bc       0x3e G:/vsd/FS/FS_installer/SiFive/riscv64-unknown-elf-toolsuite-2.0.3/bin/../lib/gcc/riscv64-unknown-elf/13.2.0/../../../../riscv64-unknown-elf/lib/rv32imac/ilp32\libc_nano.a(libc_a-findfp.o)
 .text.__sinit  0x201029fa       0x1c G:/vsd/FS/FS_installer/SiFive/riscv64-unknown-elf-toolsuite-2.0.3/bin/../lib/gcc/riscv64-unknown-elf/13.2.0/../../../../riscv64-unknown-elf/lib/rv32imac/ilp32\libc_nano.a(libc_a-findfp.o)
                0x201029fa                __sinit
 .text._fwalk_sglue
                0x20102a16       0x68 G:/vsd/FS/FS_installer/SiFive/riscv64-unknown-elf-toolsuite-2.0.3/bin/../lib/gcc/riscv64-unknown-elf/13.2.0/../../../../riscv64-unknown-elf/lib/rv32imac/ilp32\libc_nano.a(libc_a-fwalk.o)
                0x20102a16                _fwalk_sglue
 .text.__sread  0x20102a7e       0x30 G:/vsd/FS/FS_installer/SiFive/riscv64-unknown-elf-toolsuite-2.0.3/bin/../lib/gcc/riscv64-unknown-elf/13.2.0/../../../../riscv64-unknown-elf/lib/rv32imac/ilp32\libc_nano.a(libc_a-stdio.o)
                0x20102a7e                __sread
 .text.__swrite
                0x20102aae       0x4e G:/vsd/FS/FS_installer/SiFive/riscv64-unknown-elf-toolsuite-2.0.3/bin/../lib/gcc/riscv64-unknown-elf/13.2.0/../../../../riscv64-unknown-elf/lib/rv32imac/ilp32\libc_nano.a(libc_a-stdio.o)
                0x20102aae                __swrite
 .text.__sseek  0x20102afc       0x36 G:/vsd/FS/FS_installer/SiFive/riscv64-unknown-elf-toolsuite-2.0.3/bin/../lib/gcc/riscv64-unknown-elf/13.2.0/../../../../riscv64-unknown-elf/lib/rv32imac/ilp32\libc_nano.a(libc_a-stdio.o)
                0x20102afc                __sseek
 .text.__sclose
                0x20102b32        0x6 G:/vsd/FS/FS_installer/SiFive/riscv64-unknown-elf-toolsuite-2.0.3/bin/../lib/gcc/riscv64-unknown-elf/13.2.0/../../../../riscv64-unknown-elf/lib/rv32imac/ilp32\libc_nano.a(libc_a-stdio.o)
                0x20102b32                __sclose
 .text.__swbuf_r
                0x20102b38       0x96 G:/vsd/FS/FS_installer/SiFive/riscv64-unknown-elf-toolsuite-2.0.3/bin/../lib/gcc/riscv64-unknown-elf/13.2.0/../../../../riscv64-unknown-elf/lib/rv32imac/ilp32\libc_nano.a(libc_a-wbuf.o)
                0x20102b38                __swbuf_r
 .text.__swsetup_r
                0x20102bce       0xc8 G:/vsd/FS/FS_installer/SiFive/riscv64-unknown-elf-toolsuite-2.0.3/bin/../lib/gcc/riscv64-unknown-elf/13.2.0/../../../../riscv64-unknown-elf/lib/rv32imac/ilp32\libc_nano.a(libc_a-wsetup.o)
                0x20102bce                __swsetup_r
 .text.memchr   0x20102c96       0x1a G:/vsd/FS/FS_installer/SiFive/riscv64-unknown-elf-toolsuite-2.0.3/bin/../lib/gcc/riscv64-unknown-elf/13.2.0/../../../../riscv64-unknown-elf/lib/rv32imac/ilp32\libc_nano.a(libc_a-memchr.o)
                0x20102c96                memchr
 .text._close_r
                0x20102cb0       0x2e G:/vsd/FS/FS_installer/SiFive/riscv64-unknown-elf-toolsuite-2.0.3/bin/../lib/gcc/riscv64-unknown-elf/13.2.0/../../../../riscv64-unknown-elf/lib/rv32imac/ilp32\libc_nano.a(libc_a-closer.o)
                0x20102cb0                _close_r
 .text._lseek_r
                0x20102cde       0x32 G:/vsd/FS/FS_installer/SiFive/riscv64-unknown-elf-toolsuite-2.0.3/bin/../lib/gcc/riscv64-unknown-elf/13.2.0/../../../../riscv64-unknown-elf/lib/rv32imac/ilp32\libc_nano.a(libc_a-lseekr.o)
                0x20102cde                _lseek_r
 .text._read_r  0x20102d10       0x32 G:/vsd/FS/FS_installer/SiFive/riscv64-unknown-elf-toolsuite-2.0.3/bin/../lib/gcc/riscv64-unknown-elf/13.2.0/../../../../riscv64-unknown-elf/lib/rv32imac/ilp32\libc_nano.a(libc_a-readr.o)
                0x20102d10                _read_r
 .text._sbrk_r  0x20102d42       0x2e G:/vsd/FS/FS_installer/SiFive/riscv64-unknown-elf-toolsuite-2.0.3/bin/../lib/gcc/riscv64-unknown-elf/13.2.0/../../../../riscv64-unknown-elf/lib/rv32imac/ilp32\libc_nano.a(libc_a-sbrkr.o)
                0x20102d42                _sbrk_r
 .text._write_r
                0x20102d70       0x32 G:/vsd/FS/FS_installer/SiFive/riscv64-unknown-elf-toolsuite-2.0.3/bin/../lib/gcc/riscv64-unknown-elf/13.2.0/../../../../riscv64-unknown-elf/lib/rv32imac/ilp32\libc_nano.a(libc_a-writer.o)
                0x20102d70                _write_r
 .text          0x20102da2       0xa8 G:/vsd/FS/FS_installer/SiFive/riscv64-unknown-elf-toolsuite-2.0.3/bin/../lib/gcc/riscv64-unknown-elf/13.2.0/../../../../riscv64-unknown-elf/lib/rv32imac/ilp32\libc_nano.a(libc_a-memset.o)
                0x20102da2                memset
 .text.memcpy   0x20102e4a       0xe8 G:/vsd/FS/FS_installer/SiFive/riscv64-unknown-elf-toolsuite-2.0.3/bin/../lib/gcc/riscv64-unknown-elf/13.2.0/../../../../riscv64-unknown-elf/lib/rv32imac/ilp32\libc_nano.a(libc_a-memcpy.o)
                0x20102e4a                memcpy
 .text._free_r  0x20102f32       0xa6 G:/vsd/FS/FS_installer/SiFive/riscv64-unknown-elf-toolsuite-2.0.3/bin/../lib/gcc/riscv64-unknown-elf/13.2.0/../../../../riscv64-unknown-elf/lib/rv32imac/ilp32\libc_nano.a(libc_a-freer.o)
                0x20102f32                _free_r
 .text.__sflush_r
                0x20102fd8      0x13a G:/vsd/FS/FS_installer/SiFive/riscv64-unknown-elf-toolsuite-2.0.3/bin/../lib/gcc/riscv64-unknown-elf/13.2.0/../../../../riscv64-unknown-elf/lib/rv32imac/ilp32\libc_nano.a(libc_a-fflush.o)
                0x20102fd8                __sflush_r
 .text._fflush_r
                0x20103112       0x38 G:/vsd/FS/FS_installer/SiFive/riscv64-unknown-elf-toolsuite-2.0.3/bin/../lib/gcc/riscv64-unknown-elf/13.2.0/../../../../riscv64-unknown-elf/lib/rv32imac/ilp32\libc_nano.a(libc_a-fflush.o)
                0x20103112                _fflush_r
 .text.__swhatbuf_r
                0x2010314a       0x5a G:/vsd/FS/FS_installer/SiFive/riscv64-unknown-elf-toolsuite-2.0.3/bin/../lib/gcc/riscv64-unknown-elf/13.2.0/../../../../riscv64-unknown-elf/lib/rv32imac/ilp32\libc_nano.a(libc_a-makebuf.o)
                0x2010314a                __swhatbuf_r
 .text.__smakebuf_r
                0x201031a4       0x9a G:/vsd/FS/FS_installer/SiFive/riscv64-unknown-elf-toolsuite-2.0.3/bin/../lib/gcc/riscv64-unknown-elf/13.2.0/../../../../riscv64-unknown-elf/lib/rv32imac/ilp32\libc_nano.a(libc_a-makebuf.o)
                0x201031a4                __smakebuf_r
 .text._fstat_r
                0x2010323e       0x30 G:/vsd/FS/FS_installer/SiFive/riscv64-unknown-elf-toolsuite-2.0.3/bin/../lib/gcc/riscv64-unknown-elf/13.2.0/../../../../riscv64-unknown-elf/lib/rv32imac/ilp32\libc_nano.a(libc_a-fstatr.o)
                0x2010323e                _fstat_r
 .text._isatty_r
                0x2010326e       0x2e G:/vsd/FS/FS_installer/SiFive/riscv64-unknown-elf-toolsuite-2.0.3/bin/../lib/gcc/riscv64-unknown-elf/13.2.0/../../../../riscv64-unknown-elf/lib/rv32imac/ilp32\libc_nano.a(libc_a-isattyr.o)
                0x2010326e                _isatty_r
 .text._close   0x2010329c       0x14 C:/fs3_vsd/projects/sifive_hifive1_empty_1/bsp/install/lib/release/\libmetal-gloss.a(sys_close.o)
                0x2010329c                _close
 .text._exit    0x201032b0        0x6 C:/fs3_vsd/projects/sifive_hifive1_empty_1/bsp/install/lib/release/\libmetal-gloss.a(sys_exit.o)
                0x201032b0                _exit
 .text._fstat   0x201032b6       0x14 C:/fs3_vsd/projects/sifive_hifive1_empty_1/bsp/install/lib/release/\libmetal-gloss.a(sys_fstat.o)
                0x201032b6                _fstat
 .text._getpid  0x201032ca        0x4 C:/fs3_vsd/projects/sifive_hifive1_empty_1/bsp/install/lib/release/\libmetal-gloss.a(sys_getpid.o)
                0x201032ca                _getpid
 .text._isatty  0x201032ce        0x8 C:/fs3_vsd/projects/sifive_hifive1_empty_1/bsp/install/lib/release/\libmetal-gloss.a(sys_isatty.o)
                0x201032ce                _isatty
 .text._kill    0x201032d6       0x14 C:/fs3_vsd/projects/sifive_hifive1_empty_1/bsp/install/lib/release/\libmetal-gloss.a(sys_kill.o)
                0x201032d6                _kill
 .text._lseek   0x201032ea       0x14 C:/fs3_vsd/projects/sifive_hifive1_empty_1/bsp/install/lib/release/\libmetal-gloss.a(sys_lseek.o)
                0x201032ea                _lseek
 .text._read    0x201032fe       0x14 C:/fs3_vsd/projects/sifive_hifive1_empty_1/bsp/install/lib/release/\libmetal-gloss.a(sys_read.o)
                0x201032fe                _read
 .text._sbrk    0x20103312       0x3c C:/fs3_vsd/projects/sifive_hifive1_empty_1/bsp/install/lib/release/\libmetal-gloss.a(sys_sbrk.o)
                0x20103312                _sbrk
 .text._write   0x2010334e       0x3a C:/fs3_vsd/projects/sifive_hifive1_empty_1/bsp/install/lib/release/\libmetal-gloss.a(sys_write.o)
                0x2010334e                _write
                0x2010334e                write
 .text.atexit   0x20103388        0xa G:/vsd/FS/FS_installer/SiFive/riscv64-unknown-elf-toolsuite-2.0.3/bin/../lib/gcc/riscv64-unknown-elf/13.2.0/../../../../riscv64-unknown-elf/lib/rv32imac/ilp32\libc_nano.a(libc_a-atexit.o)
                0x20103388                atexit
 .text.exit     0x20103392       0x26 G:/vsd/FS/FS_installer/SiFive/riscv64-unknown-elf-toolsuite-2.0.3/bin/../lib/gcc/riscv64-unknown-elf/13.2.0/../../../../riscv64-unknown-elf/lib/rv32imac/ilp32\libc_nano.a(libc_a-exit.o)
                0x20103392                exit
 .text.__errno  0x201033b8        0xa G:/vsd/FS/FS_installer/SiFive/riscv64-unknown-elf-toolsuite-2.0.3/bin/../lib/gcc/riscv64-unknown-elf/13.2.0/../../../../riscv64-unknown-elf/lib/rv32imac/ilp32\libc_nano.a(libc_a-errno.o)
                0x201033b8                __errno
 .text.__libc_init_array
                0x201033c2       0x5e G:/vsd/FS/FS_installer/SiFive/riscv64-unknown-elf-toolsuite-2.0.3/bin/../lib/gcc/riscv64-unknown-elf/13.2.0/../../../../riscv64-unknown-elf/lib/rv32imac/ilp32\libc_nano.a(libc_a-init.o)
                0x201033c2                __libc_init_array
 .text.__libc_fini_array
                0x20103420       0x36 G:/vsd/FS/FS_installer/SiFive/riscv64-unknown-elf-toolsuite-2.0.3/bin/../lib/gcc/riscv64-unknown-elf/13.2.0/../../../../riscv64-unknown-elf/lib/rv32imac/ilp32\libc_nano.a(libc_a-fini.o)
                0x20103420                __libc_fini_array
 .text.__register_exitproc
                0x20103456       0x78 G:/vsd/FS/FS_installer/SiFive/riscv64-unknown-elf-toolsuite-2.0.3/bin/../lib/gcc/riscv64-unknown-elf/13.2.0/../../../../riscv64-unknown-elf/lib/rv32imac/ilp32\libc_nano.a(libc_a-__atexit.o)
                0x20103456                __register_exitproc
 .text.__call_exitprocs
                0x201034ce       0xc8 G:/vsd/FS/FS_installer/SiFive/riscv64-unknown-elf-toolsuite-2.0.3/bin/../lib/gcc/riscv64-unknown-elf/13.2.0/../../../../riscv64-unknown-elf/lib/rv32imac/ilp32\libc_nano.a(libc_a-__call_atexit.o)
                0x201034ce                __call_exitprocs
 .text.metal_init
                0x20103596       0x48 C:/fs3_vsd/projects/sifive_hifive1_empty_1/bsp/install/lib/release/\libmetal.a(init.o)
                0x20103596                metal_init
 .text.metal_fini
                0x201035de       0x48 C:/fs3_vsd/projects/sifive_hifive1_empty_1/bsp/install/lib/release/\libmetal.a(init.o)
                0x201035de                metal_fini
 .text.metal_init_run
                0x20103626        0x2 C:/fs3_vsd/projects/sifive_hifive1_empty_1/bsp/install/lib/release/\libmetal.a(init.o)
                0x20103626                metal_init_run
 .text.metal_fini_run
                0x20103628        0x2 C:/fs3_vsd/projects/sifive_hifive1_empty_1/bsp/install/lib/release/\libmetal.a(init.o)
                0x20103628                metal_fini_run
 .text.metal_shutdown
                0x2010362a        0x4 C:/fs3_vsd/projects/sifive_hifive1_empty_1/bsp/install/lib/release/\libmetal.a(shutdown.o)
                0x2010362a                metal_shutdown
 .text.metal_tty_putc
                0x2010362e        0xc C:/fs3_vsd/projects/sifive_hifive1_empty_1/bsp/install/lib/release/\libmetal.a(tty.o)
                0x2010362e                metal_tty_putc
 .text.metal_uart_init
                0x2010363a        0x6 C:/fs3_vsd/projects/sifive_hifive1_empty_1/bsp/install/lib/release/\libmetal.a(uart.o)
                0x2010363a                metal_uart_init
 .text.metal_uart_putc
                0x20103640        0x6 C:/fs3_vsd/projects/sifive_hifive1_empty_1/bsp/install/lib/release/\libmetal.a(uart.o)
                0x20103640                metal_uart_putc
 .text.__metal_driver_riscv_clint0_mtimecmp_set
                0x20103646       0x28 C:/fs3_vsd/projects/sifive_hifive1_empty_1/bsp/install/lib/release/\libmetal.a(riscv_clint0.o)
                0x20103646                __metal_driver_riscv_clint0_mtimecmp_set
 .text.__metal_driver_riscv_clint0_init
                0x2010366e       0x5c C:/fs3_vsd/projects/sifive_hifive1_empty_1/bsp/install/lib/release/\libmetal.a(riscv_clint0.o)
                0x2010366e                __metal_driver_riscv_clint0_init
 .text.__metal_driver_riscv_clint0_vector_register
                0x201036ca        0x4 C:/fs3_vsd/projects/sifive_hifive1_empty_1/bsp/install/lib/release/\libmetal.a(riscv_clint0.o)
                0x201036ca                __metal_driver_riscv_clint0_vector_register
 .text.__metal_driver_riscv_clint0_get_vector_mode
                0x201036ce        0x4 C:/fs3_vsd/projects/sifive_hifive1_empty_1/bsp/install/lib/release/\libmetal.a(riscv_clint0.o)
                0x201036ce                __metal_driver_riscv_clint0_get_vector_mode
 .text._get_cpu_intc
                0x201036d2       0x14 C:/fs3_vsd/projects/sifive_hifive1_empty_1/bsp/install/lib/release/\libmetal.a(riscv_clint0.o)
 .text.__metal_driver_riscv_clint0_register
                0x201036e6       0x6e C:/fs3_vsd/projects/sifive_hifive1_empty_1/bsp/install/lib/release/\libmetal.a(riscv_clint0.o)
                0x201036e6                __metal_driver_riscv_clint0_register
 .text.__metal_driver_riscv_clint0_set_vector_mode
                0x20103754       0x24 C:/fs3_vsd/projects/sifive_hifive1_empty_1/bsp/install/lib/release/\libmetal.a(riscv_clint0.o)
                0x20103754                __metal_driver_riscv_clint0_set_vector_mode
 .text.__metal_driver_riscv_clint0_enable
                0x20103778       0x52 C:/fs3_vsd/projects/sifive_hifive1_empty_1/bsp/install/lib/release/\libmetal.a(riscv_clint0.o)
                0x20103778                __metal_driver_riscv_clint0_enable
 .text.__metal_driver_riscv_clint0_disable
                0x201037ca       0x52 C:/fs3_vsd/projects/sifive_hifive1_empty_1/bsp/install/lib/release/\libmetal.a(riscv_clint0.o)
                0x201037ca                __metal_driver_riscv_clint0_disable
 .text.__metal_clint0_mtime_get
                0x2010381c       0x26 C:/fs3_vsd/projects/sifive_hifive1_empty_1/bsp/install/lib/release/\libmetal.a(riscv_clint0.o)
                0x2010381c                __metal_clint0_mtime_get
 .text.__metal_driver_riscv_clint0_command_request
                0x20103842       0x7e C:/fs3_vsd/projects/sifive_hifive1_empty_1/bsp/install/lib/release/\libmetal.a(riscv_clint0.o)
                0x20103842                __metal_driver_riscv_clint0_command_request
 .text.__metal_driver_riscv_clint0_clear_interrupt
                0x201038c0       0x1e C:/fs3_vsd/projects/sifive_hifive1_empty_1/bsp/install/lib/release/\libmetal.a(riscv_clint0.o)
                0x201038c0                __metal_driver_riscv_clint0_clear_interrupt
 .text.__metal_driver_riscv_clint0_set_interrupt
                0x201038de       0x1e C:/fs3_vsd/projects/sifive_hifive1_empty_1/bsp/install/lib/release/\libmetal.a(riscv_clint0.o)
                0x201038de                __metal_driver_riscv_clint0_set_interrupt
 .text.__metal_default_sw_handler
                0x201038fc       0x42 C:/fs3_vsd/projects/sifive_hifive1_empty_1/bsp/install/lib/release/\libmetal.a(riscv_cpu.o)
                0x201038fc                __metal_default_sw_handler
 .text.__metal_default_beu_handler
                0x2010393e        0x2 C:/fs3_vsd/projects/sifive_hifive1_empty_1/bsp/install/lib/release/\libmetal.a(riscv_cpu.o)
                0x2010393e                __metal_default_beu_handler
 *fill*         0x20103940       0x40 
 .text.__metal_exception_handler
                0x20103980       0xfe C:/fs3_vsd/projects/sifive_hifive1_empty_1/bsp/install/lib/release/\libmetal.a(riscv_cpu.o)
                0x20103980                __metal_exception_handler
 .text.__metal_driver_riscv_cpu_controller_command_request
                0x20103a7e        0x4 C:/fs3_vsd/projects/sifive_hifive1_empty_1/bsp/install/lib/release/\libmetal.a(riscv_cpu.o)
                0x20103a7e                __metal_driver_riscv_cpu_controller_command_request
 .text.__metal_driver_cpu_mcycle_get
                0x20103a82       0x12 C:/fs3_vsd/projects/sifive_hifive1_empty_1/bsp/install/lib/release/\libmetal.a(riscv_cpu.o)
                0x20103a82                __metal_driver_cpu_mcycle_get
 .text.__metal_driver_cpu_timebase_get
                0x20103a94       0x22 C:/fs3_vsd/projects/sifive_hifive1_empty_1/bsp/install/lib/release/\libmetal.a(riscv_cpu.o)
                0x20103a94                __metal_driver_cpu_timebase_get
 .text.__metal_driver_cpu_mtime_get
                0x20103ab6       0x32 C:/fs3_vsd/projects/sifive_hifive1_empty_1/bsp/install/lib/release/\libmetal.a(riscv_cpu.o)
                0x20103ab6                __metal_driver_cpu_mtime_get
 .text.__metal_driver_cpu_timer_controller_interrupt
                0x20103ae8        0x6 C:/fs3_vsd/projects/sifive_hifive1_empty_1/bsp/install/lib/release/\libmetal.a(riscv_cpu.o)
                0x20103ae8                __metal_driver_cpu_timer_controller_interrupt
 .text.__metal_driver_cpu_get_timer_interrupt_id
                0x20103aee        0x4 C:/fs3_vsd/projects/sifive_hifive1_empty_1/bsp/install/lib/release/\libmetal.a(riscv_cpu.o)
                0x20103aee                __metal_driver_cpu_get_timer_interrupt_id
 .text.__metal_driver_cpu_get_sw_interrupt_id
                0x20103af2        0x4 C:/fs3_vsd/projects/sifive_hifive1_empty_1/bsp/install/lib/release/\libmetal.a(riscv_cpu.o)
                0x20103af2                __metal_driver_cpu_get_sw_interrupt_id
 .text.__metal_driver_cpu_set_sw_ipi
                0x20103af6       0x30 C:/fs3_vsd/projects/sifive_hifive1_empty_1/bsp/install/lib/release/\libmetal.a(riscv_cpu.o)
                0x20103af6                __metal_driver_cpu_set_sw_ipi
 .text.__metal_driver_cpu_clear_sw_ipi
                0x20103b26       0x30 C:/fs3_vsd/projects/sifive_hifive1_empty_1/bsp/install/lib/release/\libmetal.a(riscv_cpu.o)
                0x20103b26                __metal_driver_cpu_clear_sw_ipi
 .text.__metal_driver_cpu_get_msip
                0x20103b56       0x30 C:/fs3_vsd/projects/sifive_hifive1_empty_1/bsp/install/lib/release/\libmetal.a(riscv_cpu.o)
                0x20103b56                __metal_driver_cpu_get_msip
 .text.__metal_driver_cpu_controller_interrupt
                0x20103b86       0x16 C:/fs3_vsd/projects/sifive_hifive1_empty_1/bsp/install/lib/release/\libmetal.a(riscv_cpu.o)
                0x20103b86                __metal_driver_cpu_controller_interrupt
 .text.__metal_driver_cpu_get_instruction_length
                0x20103b9c       0x12 C:/fs3_vsd/projects/sifive_hifive1_empty_1/bsp/install/lib/release/\libmetal.a(riscv_cpu.o)
                0x20103b9c                __metal_driver_cpu_get_instruction_length
 .text.__metal_driver_cpu_get_exception_pc
                0x20103bae        0x6 C:/fs3_vsd/projects/sifive_hifive1_empty_1/bsp/install/lib/release/\libmetal.a(riscv_cpu.o)
                0x20103bae                __metal_driver_cpu_get_exception_pc
 .text.__metal_driver_cpu_set_exception_pc
                0x20103bb4        0x8 C:/fs3_vsd/projects/sifive_hifive1_empty_1/bsp/install/lib/release/\libmetal.a(riscv_cpu.o)
                0x20103bb4                __metal_driver_cpu_set_exception_pc
 .text.__metal_driver_cpu_get_buserror
                0x20103bbc        0x4 C:/fs3_vsd/projects/sifive_hifive1_empty_1/bsp/install/lib/release/\libmetal.a(riscv_cpu.o)
                0x20103bbc                __metal_driver_cpu_get_buserror
 .text.__metal_default_exception_handler
                0x20103bc0        0xc C:/fs3_vsd/projects/sifive_hifive1_empty_1/bsp/install/lib/release/\libmetal.a(riscv_cpu.o)
                0x20103bc0                __metal_default_exception_handler
 .text.__metal_default_interrupt_handler
                0x20103bcc        0xc C:/fs3_vsd/projects/sifive_hifive1_empty_1/bsp/install/lib/release/\libmetal.a(riscv_cpu.o)
                0x20103bcc                __metal_default_interrupt_handler
 .text.__metal_driver_cpu_mtimecmp_set
                0x20103bd8       0x22 C:/fs3_vsd/projects/sifive_hifive1_empty_1/bsp/install/lib/release/\libmetal.a(riscv_cpu.o)
                0x20103bd8                __metal_driver_cpu_mtimecmp_set
 .text.__metal_driver_riscv_cpu_controller_interrupt_init
                0x20103bfa       0x5e C:/fs3_vsd/projects/sifive_hifive1_empty_1/bsp/install/lib/release/\libmetal.a(riscv_cpu.o)
                0x20103bfa                __metal_driver_riscv_cpu_controller_interrupt_init
 .text.__metal_driver_cpu_sw_controller_interrupt
                0x20103c58        0x6 C:/fs3_vsd/projects/sifive_hifive1_empty_1/bsp/install/lib/release/\libmetal.a(riscv_cpu.o)
                0x20103c58                __metal_driver_cpu_sw_controller_interrupt
 .text.__metal_driver_riscv_cpu_controller_set_vector_mode
                0x20103c5e       0x32 C:/fs3_vsd/projects/sifive_hifive1_empty_1/bsp/install/lib/release/\libmetal.a(riscv_cpu.o)
                0x20103c5e                __metal_driver_riscv_cpu_controller_set_vector_mode
 .text.__metal_driver_cpu_get
                0x20103c90       0x18 C:/fs3_vsd/projects/sifive_hifive1_empty_1/bsp/install/lib/release/\libmetal.a(riscv_cpu.o)
                0x20103c90                __metal_driver_cpu_get
 .text.__metal_default_timer_handler
                0x20103ca8       0x26 C:/fs3_vsd/projects/sifive_hifive1_empty_1/bsp/install/lib/release/\libmetal.a(riscv_cpu.o)
                0x20103ca8                __metal_default_timer_handler
 .text.__metal_myhart_id
                0x20103cce        0x6 C:/fs3_vsd/projects/sifive_hifive1_empty_1/bsp/install/lib/release/\libmetal.a(riscv_cpu.o)
                0x20103cce                __metal_myhart_id
 .text.metal_interrupt_vector_handler
                0x20103cd4       0x2a C:/fs3_vsd/projects/sifive_hifive1_empty_1/bsp/install/lib/release/\libmetal.a(riscv_cpu.o)
                0x20103cd4                metal_interrupt_vector_handler
 .text.metal_software_interrupt_vector_handler
                0x20103cfe       0x7e C:/fs3_vsd/projects/sifive_hifive1_empty_1/bsp/install/lib/release/\libmetal.a(riscv_cpu.o)
                0x20103cfe                metal_software_interrupt_vector_handler
 .text.metal_timer_interrupt_vector_handler
                0x20103d7c       0x7e C:/fs3_vsd/projects/sifive_hifive1_empty_1/bsp/install/lib/release/\libmetal.a(riscv_cpu.o)
                0x20103d7c                metal_timer_interrupt_vector_handler
 .text.metal_lc0_interrupt_vector_handler
                0x20103dfa       0x7e C:/fs3_vsd/projects/sifive_hifive1_empty_1/bsp/install/lib/release/\libmetal.a(riscv_cpu.o)
                0x20103dfa                metal_lc0_interrupt_vector_handler
 .text.metal_lc1_interrupt_vector_handler
                0x20103e78       0x7e C:/fs3_vsd/projects/sifive_hifive1_empty_1/bsp/install/lib/release/\libmetal.a(riscv_cpu.o)
                0x20103e78                metal_lc1_interrupt_vector_handler
 .text.metal_lc2_interrupt_vector_handler
                0x20103ef6       0x7e C:/fs3_vsd/projects/sifive_hifive1_empty_1/bsp/install/lib/release/\libmetal.a(riscv_cpu.o)
                0x20103ef6                metal_lc2_interrupt_vector_handler
 .text.metal_lc3_interrupt_vector_handler
                0x20103f74       0x7e C:/fs3_vsd/projects/sifive_hifive1_empty_1/bsp/install/lib/release/\libmetal.a(riscv_cpu.o)
                0x20103f74                metal_lc3_interrupt_vector_handler
 .text.metal_lc4_interrupt_vector_handler
                0x20103ff2       0x7e C:/fs3_vsd/projects/sifive_hifive1_empty_1/bsp/install/lib/release/\libmetal.a(riscv_cpu.o)
                0x20103ff2                metal_lc4_interrupt_vector_handler
 .text.metal_lc5_interrupt_vector_handler
                0x20104070       0x7e C:/fs3_vsd/projects/sifive_hifive1_empty_1/bsp/install/lib/release/\libmetal.a(riscv_cpu.o)
                0x20104070                metal_lc5_interrupt_vector_handler
 .text.metal_lc6_interrupt_vector_handler
                0x201040ee       0x7e C:/fs3_vsd/projects/sifive_hifive1_empty_1/bsp/install/lib/release/\libmetal.a(riscv_cpu.o)
                0x201040ee                metal_lc6_interrupt_vector_handler
 .text.metal_lc7_interrupt_vector_handler
                0x2010416c       0x7e C:/fs3_vsd/projects/sifive_hifive1_empty_1/bsp/install/lib/release/\libmetal.a(riscv_cpu.o)
                0x2010416c                metal_lc7_interrupt_vector_handler
 .text.metal_lc8_interrupt_vector_handler
                0x201041ea       0x7e C:/fs3_vsd/projects/sifive_hifive1_empty_1/bsp/install/lib/release/\libmetal.a(riscv_cpu.o)
                0x201041ea                metal_lc8_interrupt_vector_handler
 .text.metal_lc9_interrupt_vector_handler
                0x20104268       0x7e C:/fs3_vsd/projects/sifive_hifive1_empty_1/bsp/install/lib/release/\libmetal.a(riscv_cpu.o)
                0x20104268                metal_lc9_interrupt_vector_handler
 .text.metal_lc10_interrupt_vector_handler
                0x201042e6       0x7e C:/fs3_vsd/projects/sifive_hifive1_empty_1/bsp/install/lib/release/\libmetal.a(riscv_cpu.o)
                0x201042e6                metal_lc10_interrupt_vector_handler
 .text.metal_lc11_interrupt_vector_handler
                0x20104364       0x7e C:/fs3_vsd/projects/sifive_hifive1_empty_1/bsp/install/lib/release/\libmetal.a(riscv_cpu.o)
                0x20104364                metal_lc11_interrupt_vector_handler
 .text.metal_lc12_interrupt_vector_handler
                0x201043e2       0x7e C:/fs3_vsd/projects/sifive_hifive1_empty_1/bsp/install/lib/release/\libmetal.a(riscv_cpu.o)
                0x201043e2                metal_lc12_interrupt_vector_handler
 .text.metal_lc13_interrupt_vector_handler
                0x20104460       0x7e C:/fs3_vsd/projects/sifive_hifive1_empty_1/bsp/install/lib/release/\libmetal.a(riscv_cpu.o)
                0x20104460                metal_lc13_interrupt_vector_handler
 .text.metal_lc14_interrupt_vector_handler
                0x201044de       0x7e C:/fs3_vsd/projects/sifive_hifive1_empty_1/bsp/install/lib/release/\libmetal.a(riscv_cpu.o)
                0x201044de                metal_lc14_interrupt_vector_handler
 .text.metal_lc15_interrupt_vector_handler
                0x2010455c       0x7e C:/fs3_vsd/projects/sifive_hifive1_empty_1/bsp/install/lib/release/\libmetal.a(riscv_cpu.o)
                0x2010455c                metal_lc15_interrupt_vector_handler
 .text.__metal_controller_interrupt_vector_mode
                0x201045da       0x22 C:/fs3_vsd/projects/sifive_hifive1_empty_1/bsp/install/lib/release/\libmetal.a(riscv_cpu.o)
                0x201045da                __metal_controller_interrupt_vector_mode
 .text.__metal_driver_riscv_cpu_controller_get_vector_mode
                0x201045fc        0x2 C:/fs3_vsd/projects/sifive_hifive1_empty_1/bsp/install/lib/release/\libmetal.a(riscv_cpu.o)
                0x201045fc                __metal_driver_riscv_cpu_controller_get_vector_mode
 .text.__metal_valid_interrupt_id
                0x201045fe       0x28 C:/fs3_vsd/projects/sifive_hifive1_empty_1/bsp/install/lib/release/\libmetal.a(riscv_cpu.o)
                0x201045fe                __metal_valid_interrupt_id
 .text.__metal_driver_riscv_cpu_controller_interrupt_register
                0x20104626       0xd8 C:/fs3_vsd/projects/sifive_hifive1_empty_1/bsp/install/lib/release/\libmetal.a(riscv_cpu.o)
                0x20104626                __metal_driver_riscv_cpu_controller_interrupt_register
 .text.__metal_local_interrupt_enable
                0x201046fe       0x62 C:/fs3_vsd/projects/sifive_hifive1_empty_1/bsp/install/lib/release/\libmetal.a(riscv_cpu.o)
                0x201046fe                __metal_local_interrupt_enable
 .text.__metal_driver_riscv_cpu_controller_interrupt_enable
                0x20104760        0x4 C:/fs3_vsd/projects/sifive_hifive1_empty_1/bsp/install/lib/release/\libmetal.a(riscv_cpu.o)
                0x20104760                __metal_driver_riscv_cpu_controller_interrupt_enable
 .text.__metal_driver_riscv_cpu_controller_interrupt_disable
                0x20104764        0x4 C:/fs3_vsd/projects/sifive_hifive1_empty_1/bsp/install/lib/release/\libmetal.a(riscv_cpu.o)
                0x20104764                __metal_driver_riscv_cpu_controller_interrupt_disable
 .text.__metal_exception_register
                0x20104768       0x1c C:/fs3_vsd/projects/sifive_hifive1_empty_1/bsp/install/lib/release/\libmetal.a(riscv_cpu.o)
                0x20104768                __metal_exception_register
 .text.__metal_driver_cpu_exception_register
                0x20104784       0x16 C:/fs3_vsd/projects/sifive_hifive1_empty_1/bsp/install/lib/release/\libmetal.a(riscv_cpu.o)
                0x20104784                __metal_driver_cpu_exception_register
 .text.__metal_driver_riscv_plic0_set_priority
                0x2010479a       0x26 C:/fs3_vsd/projects/sifive_hifive1_empty_1/bsp/install/lib/release/\libmetal.a(riscv_plic0.o)
                0x2010479a                __metal_driver_riscv_plic0_set_priority
 .text.__metal_driver_riscv_plic0_get_priority
                0x201047c0       0x1c C:/fs3_vsd/projects/sifive_hifive1_empty_1/bsp/install/lib/release/\libmetal.a(riscv_plic0.o)
                0x201047c0                __metal_driver_riscv_plic0_get_priority
 .text.__metal_driver_riscv_plic0_register
                0x201047dc       0x86 C:/fs3_vsd/projects/sifive_hifive1_empty_1/bsp/install/lib/release/\libmetal.a(riscv_plic0.o)
                0x201047dc                __metal_driver_riscv_plic0_register
 .text.__metal_plic0_default_handler
                0x20104862        0xc C:/fs3_vsd/projects/sifive_hifive1_empty_1/bsp/install/lib/release/\libmetal.a(riscv_plic0.o)
                0x20104862                __metal_plic0_default_handler
 .text.__metal_plic0_claim_interrupt
                0x2010486e       0x22 C:/fs3_vsd/projects/sifive_hifive1_empty_1/bsp/install/lib/release/\libmetal.a(riscv_plic0.o)
                0x2010486e                __metal_plic0_claim_interrupt
 .text.__metal_plic0_complete_interrupt
                0x20104890       0x22 C:/fs3_vsd/projects/sifive_hifive1_empty_1/bsp/install/lib/release/\libmetal.a(riscv_plic0.o)
                0x20104890                __metal_plic0_complete_interrupt
 .text.__metal_plic0_handler
                0x201048b2       0x5c C:/fs3_vsd/projects/sifive_hifive1_empty_1/bsp/install/lib/release/\libmetal.a(riscv_plic0.o)
                0x201048b2                __metal_plic0_handler
 .text.__metal_plic0_set_threshold
                0x2010490e       0x22 C:/fs3_vsd/projects/sifive_hifive1_empty_1/bsp/install/lib/release/\libmetal.a(riscv_plic0.o)
                0x2010490e                __metal_plic0_set_threshold
 .text.__metal_driver_riscv_plic0_set_threshold
                0x20104930       0x1c C:/fs3_vsd/projects/sifive_hifive1_empty_1/bsp/install/lib/release/\libmetal.a(riscv_plic0.o)
                0x20104930                __metal_driver_riscv_plic0_set_threshold
 .text.__metal_driver_riscv_plic0_affinity_set_threshold
                0x2010494c       0x48 C:/fs3_vsd/projects/sifive_hifive1_empty_1/bsp/install/lib/release/\libmetal.a(riscv_plic0.o)
                0x2010494c                __metal_driver_riscv_plic0_affinity_set_threshold
 .text.__metal_plic0_get_threshold
                0x20104994       0x22 C:/fs3_vsd/projects/sifive_hifive1_empty_1/bsp/install/lib/release/\libmetal.a(riscv_plic0.o)
                0x20104994                __metal_plic0_get_threshold
 .text.__metal_driver_riscv_plic0_get_threshold
                0x201049b6       0x18 C:/fs3_vsd/projects/sifive_hifive1_empty_1/bsp/install/lib/release/\libmetal.a(riscv_plic0.o)
                0x201049b6                __metal_driver_riscv_plic0_get_threshold
 .text.__metal_driver_riscv_plic0_affinity_get_threshold
                0x201049ce        0xe C:/fs3_vsd/projects/sifive_hifive1_empty_1/bsp/install/lib/release/\libmetal.a(riscv_plic0.o)
                0x201049ce                __metal_driver_riscv_plic0_affinity_get_threshold
 .text.__metal_plic0_enable
                0x201049dc       0x3e C:/fs3_vsd/projects/sifive_hifive1_empty_1/bsp/install/lib/release/\libmetal.a(riscv_plic0.o)
                0x201049dc                __metal_plic0_enable
 .text.__metal_driver_riscv_plic0_init
                0x20104a1a       0xd6 C:/fs3_vsd/projects/sifive_hifive1_empty_1/bsp/install/lib/release/\libmetal.a(riscv_plic0.o)
                0x20104a1a                __metal_driver_riscv_plic0_init
 .text.__metal_driver_riscv_plic0_enable
                0x20104af0       0x3c C:/fs3_vsd/projects/sifive_hifive1_empty_1/bsp/install/lib/release/\libmetal.a(riscv_plic0.o)
                0x20104af0                __metal_driver_riscv_plic0_enable
 .text.__metal_driver_riscv_plic0_disable
                0x20104b2c       0x3c C:/fs3_vsd/projects/sifive_hifive1_empty_1/bsp/install/lib/release/\libmetal.a(riscv_plic0.o)
                0x20104b2c                __metal_driver_riscv_plic0_disable
 .text.__metal_driver_riscv_plic0_affinity_enable
                0x20104b68       0x62 C:/fs3_vsd/projects/sifive_hifive1_empty_1/bsp/install/lib/release/\libmetal.a(riscv_plic0.o)
                0x20104b68                __metal_driver_riscv_plic0_affinity_enable
 .text.__metal_driver_riscv_plic0_affinity_disable
                0x20104bca       0x62 C:/fs3_vsd/projects/sifive_hifive1_empty_1/bsp/install/lib/release/\libmetal.a(riscv_plic0.o)
                0x20104bca                __metal_driver_riscv_plic0_affinity_disable
 .text.__metal_driver_sifive_fe310_g000_hfrosc_get_rate_hz
                0x20104c2c       0x44 C:/fs3_vsd/projects/sifive_hifive1_empty_1/bsp/install/lib/release/\libmetal.a(sifive_fe310-g000_hfrosc.o)
                0x20104c2c                __metal_driver_sifive_fe310_g000_hfrosc_get_rate_hz
 .text.__metal_driver_sifive_fe310_g000_hfrosc_set_rate_hz
                0x20104c70        0x2 C:/fs3_vsd/projects/sifive_hifive1_empty_1/bsp/install/lib/release/\libmetal.a(sifive_fe310-g000_hfrosc.o)
                0x20104c70                __metal_driver_sifive_fe310_g000_hfrosc_set_rate_hz
 .text.__metal_driver_sifive_fe310_g000_hfxosc_get_rate_hz
                0x20104c72       0x38 C:/fs3_vsd/projects/sifive_hifive1_empty_1/bsp/install/lib/release/\libmetal.a(sifive_fe310-g000_hfxosc.o)
                0x20104c72                __metal_driver_sifive_fe310_g000_hfxosc_get_rate_hz
 .text.__metal_driver_sifive_fe310_g000_hfxosc_set_rate_hz
                0x20104caa        0x2 C:/fs3_vsd/projects/sifive_hifive1_empty_1/bsp/install/lib/release/\libmetal.a(sifive_fe310-g000_hfxosc.o)
                0x20104caa                __metal_driver_sifive_fe310_g000_hfxosc_set_rate_hz
 .text.__metal_driver_sifive_fe310_g000_pll_init
                0x20104cac       0x52 C:/fs3_vsd/projects/sifive_hifive1_empty_1/bsp/install/lib/release/\libmetal.a(sifive_fe310-g000_pll.o)
                0x20104cac                __metal_driver_sifive_fe310_g000_pll_init
 .text.__metal_driver_sifive_fe310_g000_pll_get_rate_hz
                0x20104cfe       0xc2 C:/fs3_vsd/projects/sifive_hifive1_empty_1/bsp/install/lib/release/\libmetal.a(sifive_fe310-g000_pll.o)
                0x20104cfe                __metal_driver_sifive_fe310_g000_pll_get_rate_hz
 .text.__metal_driver_sifive_fe310_g000_pll_set_rate_hz
                0x20104dc0      0x1e4 C:/fs3_vsd/projects/sifive_hifive1_empty_1/bsp/install/lib/release/\libmetal.a(sifive_fe310-g000_pll.o)
                0x20104dc0                __metal_driver_sifive_fe310_g000_pll_set_rate_hz
 .text.__metal_driver_sifive_fe310_g000_prci_get_reg
                0x20104fa4        0xa C:/fs3_vsd/projects/sifive_hifive1_empty_1/bsp/install/lib/release/\libmetal.a(sifive_fe310-g000_prci.o)
                0x20104fa4                __metal_driver_sifive_fe310_g000_prci_get_reg
 .text.__metal_driver_sifive_fe310_g000_prci_set_reg
                0x20104fae        0xc C:/fs3_vsd/projects/sifive_hifive1_empty_1/bsp/install/lib/release/\libmetal.a(sifive_fe310-g000_prci.o)
                0x20104fae                __metal_driver_sifive_fe310_g000_prci_set_reg
 .text.__metal_driver_sifive_gpio0_enable_input
                0x20104fba       0x18 C:/fs3_vsd/projects/sifive_hifive1_empty_1/bsp/install/lib/release/\libmetal.a(sifive_gpio0.o)
                0x20104fba                __metal_driver_sifive_gpio0_enable_input
 .text.__metal_driver_sifive_gpio0_disable_input
                0x20104fd2       0x1c C:/fs3_vsd/projects/sifive_hifive1_empty_1/bsp/install/lib/release/\libmetal.a(sifive_gpio0.o)
                0x20104fd2                __metal_driver_sifive_gpio0_disable_input
 .text.__metal_driver_sifive_gpio0_input
                0x20104fee       0x14 C:/fs3_vsd/projects/sifive_hifive1_empty_1/bsp/install/lib/release/\libmetal.a(sifive_gpio0.o)
                0x20104fee                __metal_driver_sifive_gpio0_input
 .text.__metal_driver_sifive_gpio0_output
                0x20105002       0x14 C:/fs3_vsd/projects/sifive_hifive1_empty_1/bsp/install/lib/release/\libmetal.a(sifive_gpio0.o)
                0x20105002                __metal_driver_sifive_gpio0_output
 .text.__metal_driver_sifive_gpio0_disable_output
                0x20105016       0x1c C:/fs3_vsd/projects/sifive_hifive1_empty_1/bsp/install/lib/release/\libmetal.a(sifive_gpio0.o)
                0x20105016                __metal_driver_sifive_gpio0_disable_output
 .text.__metal_driver_sifive_gpio0_enable_output
                0x20105032       0x18 C:/fs3_vsd/projects/sifive_hifive1_empty_1/bsp/install/lib/release/\libmetal.a(sifive_gpio0.o)
                0x20105032                __metal_driver_sifive_gpio0_enable_output
 .text.__metal_driver_sifive_gpio0_output_set
                0x2010504a       0x18 C:/fs3_vsd/projects/sifive_hifive1_empty_1/bsp/install/lib/release/\libmetal.a(sifive_gpio0.o)
                0x2010504a                __metal_driver_sifive_gpio0_output_set
 .text.__metal_driver_sifive_gpio0_output_clear
                0x20105062       0x1c C:/fs3_vsd/projects/sifive_hifive1_empty_1/bsp/install/lib/release/\libmetal.a(sifive_gpio0.o)
                0x20105062                __metal_driver_sifive_gpio0_output_clear
 .text.__metal_driver_sifive_gpio0_output_toggle
                0x2010507e       0x18 C:/fs3_vsd/projects/sifive_hifive1_empty_1/bsp/install/lib/release/\libmetal.a(sifive_gpio0.o)
                0x2010507e                __metal_driver_sifive_gpio0_output_toggle
 .text.__metal_driver_sifive_gpio0_enable_io
                0x20105096       0x1e C:/fs3_vsd/projects/sifive_hifive1_empty_1/bsp/install/lib/release/\libmetal.a(sifive_gpio0.o)
                0x20105096                __metal_driver_sifive_gpio0_enable_io
 .text.__metal_driver_sifive_gpio0_disable_io
                0x201050b4       0x1c C:/fs3_vsd/projects/sifive_hifive1_empty_1/bsp/install/lib/release/\libmetal.a(sifive_gpio0.o)
                0x201050b4                __metal_driver_sifive_gpio0_disable_io
 .text.__metal_driver_sifive_gpio0_config_int
                0x201050d0       0x88 C:/fs3_vsd/projects/sifive_hifive1_empty_1/bsp/install/lib/release/\libmetal.a(sifive_gpio0.o)
                0x201050d0                __metal_driver_sifive_gpio0_config_int
 .text.__metal_driver_sifive_gpio0_clear_int
                0x20105158       0x6e C:/fs3_vsd/projects/sifive_hifive1_empty_1/bsp/install/lib/release/\libmetal.a(sifive_gpio0.o)
                0x20105158                __metal_driver_sifive_gpio0_clear_int
 .text.__metal_driver_gpio_interrupt_controller
                0x201051c6       0x16 C:/fs3_vsd/projects/sifive_hifive1_empty_1/bsp/install/lib/release/\libmetal.a(sifive_gpio0.o)
                0x201051c6                __metal_driver_gpio_interrupt_controller
 .text.__metal_driver_gpio_get_interrupt_id
                0x201051dc       0x88 C:/fs3_vsd/projects/sifive_hifive1_empty_1/bsp/install/lib/release/\libmetal.a(sifive_gpio0.o)
                0x201051dc                __metal_driver_gpio_get_interrupt_id
 .text.__metal_driver_sifive_uart0_interrupt_controller
                0x20105264       0x1a C:/fs3_vsd/projects/sifive_hifive1_empty_1/bsp/install/lib/release/\libmetal.a(sifive_uart0.o)
                0x20105264                __metal_driver_sifive_uart0_interrupt_controller
 .text.__metal_driver_sifive_uart0_get_interrupt_id
                0x2010527e       0x14 C:/fs3_vsd/projects/sifive_hifive1_empty_1/bsp/install/lib/release/\libmetal.a(sifive_uart0.o)
                0x2010527e                __metal_driver_sifive_uart0_get_interrupt_id
 .text.__metal_driver_sifive_uart0_tx_interrupt_enable
                0x20105292       0x1e C:/fs3_vsd/projects/sifive_hifive1_empty_1/bsp/install/lib/release/\libmetal.a(sifive_uart0.o)
                0x20105292                __metal_driver_sifive_uart0_tx_interrupt_enable
 .text.__metal_driver_sifive_uart0_tx_interrupt_disable
                0x201052b0       0x1c C:/fs3_vsd/projects/sifive_hifive1_empty_1/bsp/install/lib/release/\libmetal.a(sifive_uart0.o)
                0x201052b0                __metal_driver_sifive_uart0_tx_interrupt_disable
 .text.__metal_driver_sifive_uart0_rx_interrupt_enable
                0x201052cc       0x1e C:/fs3_vsd/projects/sifive_hifive1_empty_1/bsp/install/lib/release/\libmetal.a(sifive_uart0.o)
                0x201052cc                __metal_driver_sifive_uart0_rx_interrupt_enable
 .text.__metal_driver_sifive_uart0_rx_interrupt_disable
                0x201052ea       0x1c C:/fs3_vsd/projects/sifive_hifive1_empty_1/bsp/install/lib/release/\libmetal.a(sifive_uart0.o)
                0x201052ea                __metal_driver_sifive_uart0_rx_interrupt_disable
 .text.__metal_driver_sifive_uart0_txready
                0x20105306       0x1a C:/fs3_vsd/projects/sifive_hifive1_empty_1/bsp/install/lib/release/\libmetal.a(sifive_uart0.o)
                0x20105306                __metal_driver_sifive_uart0_txready
 .text.__metal_driver_sifive_uart0_set_tx_watermark
                0x20105320       0x24 C:/fs3_vsd/projects/sifive_hifive1_empty_1/bsp/install/lib/release/\libmetal.a(sifive_uart0.o)
                0x20105320                __metal_driver_sifive_uart0_set_tx_watermark
 .text.__metal_driver_sifive_uart0_get_tx_watermark
                0x20105344       0x1c C:/fs3_vsd/projects/sifive_hifive1_empty_1/bsp/install/lib/release/\libmetal.a(sifive_uart0.o)
                0x20105344                __metal_driver_sifive_uart0_get_tx_watermark
 .text.__metal_driver_sifive_uart0_set_rx_watermark
                0x20105360       0x24 C:/fs3_vsd/projects/sifive_hifive1_empty_1/bsp/install/lib/release/\libmetal.a(sifive_uart0.o)
                0x20105360                __metal_driver_sifive_uart0_set_rx_watermark
 .text.__metal_driver_sifive_uart0_get_rx_watermark
                0x20105384       0x1c C:/fs3_vsd/projects/sifive_hifive1_empty_1/bsp/install/lib/release/\libmetal.a(sifive_uart0.o)
                0x20105384                __metal_driver_sifive_uart0_get_rx_watermark
 .text.__metal_driver_sifive_uart0_putc
                0x201053a0       0x36 C:/fs3_vsd/projects/sifive_hifive1_empty_1/bsp/install/lib/release/\libmetal.a(sifive_uart0.o)
                0x201053a0                __metal_driver_sifive_uart0_putc
 .text.__metal_driver_sifive_uart0_getc
                0x201053d6       0x24 C:/fs3_vsd/projects/sifive_hifive1_empty_1/bsp/install/lib/release/\libmetal.a(sifive_uart0.o)
                0x201053d6                __metal_driver_sifive_uart0_getc
 .text.__metal_driver_sifive_uart0_get_baud_rate
                0x201053fa        0x4 C:/fs3_vsd/projects/sifive_hifive1_empty_1/bsp/install/lib/release/\libmetal.a(sifive_uart0.o)
                0x201053fa                __metal_driver_sifive_uart0_get_baud_rate
 .text.__metal_driver_sifive_uart0_set_baud_rate
                0x201053fe       0x56 C:/fs3_vsd/projects/sifive_hifive1_empty_1/bsp/install/lib/release/\libmetal.a(sifive_uart0.o)
                0x201053fe                __metal_driver_sifive_uart0_set_baud_rate
 .text.pre_rate_change_callback_func
                0x20105454       0x7c C:/fs3_vsd/projects/sifive_hifive1_empty_1/bsp/install/lib/release/\libmetal.a(sifive_uart0.o)
 .text.__metal_driver_sifive_uart0_init
                0x201054d0       0x94 C:/fs3_vsd/projects/sifive_hifive1_empty_1/bsp/install/lib/release/\libmetal.a(sifive_uart0.o)
                0x201054d0                __metal_driver_sifive_uart0_init
 .text.post_rate_change_callback_func
                0x20105564        0x8 C:/fs3_vsd/projects/sifive_hifive1_empty_1/bsp/install/lib/release/\libmetal.a(sifive_uart0.o)
 .text._metal_clock_call_all_callbacks
                0x2010556c       0x1c C:/fs3_vsd/projects/sifive_hifive1_empty_1/bsp/install/lib/release/\libmetal.a(clock.o)
                0x2010556c                _metal_clock_call_all_callbacks
 .text._metal_clock_append_to_callbacks
                0x20105588       0x18 C:/fs3_vsd/projects/sifive_hifive1_empty_1/bsp/install/lib/release/\libmetal.a(clock.o)
                0x20105588                _metal_clock_append_to_callbacks
 .text.metal_clock_get_rate_hz
                0x201055a0        0x6 C:/fs3_vsd/projects/sifive_hifive1_empty_1/bsp/install/lib/release/\libmetal.a(clock.o)
                0x201055a0                metal_clock_get_rate_hz
 .text.metal_clock_register_pre_rate_change_callback
                0x201055a6       0x16 C:/fs3_vsd/projects/sifive_hifive1_empty_1/bsp/install/lib/release/\libmetal.a(clock.o)
                0x201055a6                metal_clock_register_pre_rate_change_callback
 .text.metal_clock_register_post_rate_change_callback
                0x201055bc       0x16 C:/fs3_vsd/projects/sifive_hifive1_empty_1/bsp/install/lib/release/\libmetal.a(clock.o)
                0x201055bc                metal_clock_register_post_rate_change_callback
 .text.metal_cpu_interrupt_controller
                0x201055d2        0x6 C:/fs3_vsd/projects/sifive_hifive1_empty_1/bsp/install/lib/release/\libmetal.a(cpu.o)
                0x201055d2                metal_cpu_interrupt_controller
 .text.metal_cpu_get
                0x201055d8       0x10 C:/fs3_vsd/projects/sifive_hifive1_empty_1/bsp/install/lib/release/\libmetal.a(cpu.o)
                0x201055d8                metal_cpu_get
 .text.metal_cpu_get_current_hartid
                0x201055e8        0x6 C:/fs3_vsd/projects/sifive_hifive1_empty_1/bsp/install/lib/release/\libmetal.a(cpu.o)
                0x201055e8                metal_cpu_get_current_hartid
 *fill*         0x201055ee       0x12 
 .text          0x20105600       0x80 C:/fs3_vsd/projects/sifive_hifive1_empty_1/bsp/install/lib/release/\libmetal.a(vector.o)
                0x20105600                __metal_vector_table
 .text.__metal_driver_fixed_clock_get_rate_hz
                0x20105680       0x44 C:/fs3_vsd/projects/sifive_hifive1_empty_1/bsp/install/lib/release/\libmetal.a(fixed-clock.o)
                0x20105680                __metal_driver_fixed_clock_get_rate_hz
 .text.__metal_driver_fixed_clock_set_rate_hz
                0x201056c4       0x44 C:/fs3_vsd/projects/sifive_hifive1_empty_1/bsp/install/lib/release/\libmetal.a(fixed-clock.o)
                0x201056c4                __metal_driver_fixed_clock_set_rate_hz
 .text          0x20105708       0x28 G:/vsd/FS/FS_installer/SiFive/riscv64-unknown-elf-toolsuite-2.0.3/bin/../lib/gcc/riscv64-unknown-elf/13.2.0/rv32imac/ilp32\libgcc.a(_ashldi3.o)
                0x20105708                __ashldi3
 .text._ZN6tflite12_GLOBAL__N_118FullyConnectedInitEP13TfLiteContextPKcj
                0x20105730        0xa C:\fs3_vsd\projects\sifive_hifive1_empty_1\/tflm_src\libtflite.a(fully_connected.o)
 .text._ZNK6tflite12RuntimeShape8FlatSizeEv
                0x2010573a       0x1c C:\fs3_vsd\projects\sifive_hifive1_empty_1\/tflm_src\libtflite.a(fully_connected.o)
                0x2010573a                tflite::RuntimeShape::FlatSize() const
 .text._ZN6tflite12_GLOBAL__N_121FullyConnectedPrepareEP13TfLiteContextP10TfLiteNode
                0x20105756      0x1c2 C:\fs3_vsd\projects\sifive_hifive1_empty_1\/tflm_src\libtflite.a(fully_connected.o)
 .text._ZN6tflite15FlatSizeSkipDimERKNS_12RuntimeShapeEi
                0x20105918       0x24 C:\fs3_vsd\projects\sifive_hifive1_empty_1\/tflm_src\libtflite.a(fully_connected.o)
                0x20105918                tflite::FlatSizeSkipDim(tflite::RuntimeShape const&, int)
 .text._ZN6tflite24Register_FULLY_CONNECTEDEv
                0x2010593c       0x32 C:\fs3_vsd\projects\sifive_hifive1_empty_1\/tflm_src\libtflite.a(fully_connected.o)
                0x2010593c                tflite::Register_FULLY_CONNECTED()
 .text._ZN6tflite33RegisterInference_FULLY_CONNECTEDEv
                0x2010596e       0x12 C:\fs3_vsd\projects\sifive_hifive1_empty_1\/tflm_src\libtflite.a(fully_connected.o)
                0x2010596e                tflite::RegisterInference_FULLY_CONNECTED()
 .text._ZN6tflite21reference_integer_ops14FullyConnectedIaaalEEvRKNS_20FullyConnectedParamsERKNS_12RuntimeShapeEPKT_S7_PKT0_S7_PKT2_S7_PT1_
                0x20105980      0x10c C:\fs3_vsd\projects\sifive_hifive1_empty_1\/tflm_src\libtflite.a(fully_connected.o)
                0x20105980                void tflite::reference_integer_ops::FullyConnected<signed char, signed char, signed char, long>(tflite::FullyConnectedParams const&, tflite::RuntimeShape const&, signed char const*, tflite::RuntimeShape const&, signed char const*, tflite::RuntimeShape const&, long const*, tflite::RuntimeShape const&, signed char*)
 .text._ZN6tflite12_GLOBAL__N_118FullyConnectedEvalEP13TfLiteContextP10TfLiteNode
                0x20105a8c      0x47c C:\fs3_vsd\projects\sifive_hifive1_empty_1\/tflm_src\libtflite.a(fully_connected.o)
 .text._ZN6tflite29FullyConnectedParamsQuantizedERKNS_20OpDataFullyConnectedE
                0x20105f08       0x26 C:\fs3_vsd\projects\sifive_hifive1_empty_1\/tflm_src\libtflite.a(fully_connected_common.o)
                0x20105f08                tflite::FullyConnectedParamsQuantized(tflite::OpDataFullyConnected const&)
 .text._ZN6tflite25FullyConnectedParamsFloatE21TfLiteFusedActivation
                0x20105f2e       0x52 C:\fs3_vsd\projects\sifive_hifive1_empty_1\/tflm_src\libtflite.a(fully_connected_common.o)
                0x20105f2e                tflite::FullyConnectedParamsFloat(TfLiteFusedActivation)
 .text._ZN6tflite29CalculateOpDataFullyConnectedEP13TfLiteContext21TfLiteFusedActivation10TfLiteTypePK12TfLiteTensorS6_S6_PS4_PNS_20OpDataFullyConnectedE
                0x20105f80      0x1e6 C:\fs3_vsd\projects\sifive_hifive1_empty_1\/tflm_src\libtflite.a(fully_connected_common.o)
                0x20105f80                tflite::CalculateOpDataFullyConnected(TfLiteContext*, TfLiteFusedActivation, TfLiteType, TfLiteTensor const*, TfLiteTensor const*, TfLiteTensor const*, TfLiteTensor*, tflite::OpDataFullyConnected*)
 .text._ZN6tflite5micro10RegisterOpEPFPvP13TfLiteContextPKcjEPF12TfLiteStatusS3_P10TfLiteNodeESC_PFvS3_S1_ESE_
                0x20106166       0x14 C:\fs3_vsd\projects\sifive_hifive1_empty_1\/tflm_src\libtflite.a(kernel_util.o)
                0x20106166                tflite::micro::RegisterOp(void* (*)(TfLiteContext*, char const*, unsigned int), TfLiteStatus (*)(TfLiteContext*, TfLiteNode*), TfLiteStatus (*)(TfLiteContext*, TfLiteNode*), void (*)(TfLiteContext*, void*), void (*)(TfLiteContext*, void*))
 .text._ZN6tflite5micro10RegisterOpEPF12TfLiteStatusP13TfLiteContextP10TfLiteNodeEPFvS3_PvE
                0x2010617a        0x6 C:\fs3_vsd\projects\sifive_hifive1_empty_1\/tflm_src\libtflite.a(kernel_util.o)
                0x2010617a                tflite::micro::RegisterOp(TfLiteStatus (*)(TfLiteContext*, TfLiteNode*), void (*)(TfLiteContext*, void*))
 .text._ZN6tflite5micro19GetMutableEvalInputEPK13TfLiteContextPK10TfLiteNodei
                0x20106180       0x28 C:\fs3_vsd\projects\sifive_hifive1_empty_1\/tflm_src\libtflite.a(kernel_util.o)
                0x20106180                tflite::micro::GetMutableEvalInput(TfLiteContext const*, TfLiteNode const*, int)
 .text._ZN6tflite5micro12GetEvalInputEPK13TfLiteContextPK10TfLiteNodei
                0x201061a8        0x2 C:\fs3_vsd\projects\sifive_hifive1_empty_1\/tflm_src\libtflite.a(kernel_util.o)
                0x201061a8                tflite::micro::GetEvalInput(TfLiteContext const*, TfLiteNode const*, int)
 .text._ZN6tflite5micro13GetEvalOutputEPK13TfLiteContextPK10TfLiteNodei
                0x201061aa        0xe C:\fs3_vsd\projects\sifive_hifive1_empty_1\/tflm_src\libtflite.a(kernel_util.o)
                0x201061aa                tflite::micro::GetEvalOutput(TfLiteContext const*, TfLiteNode const*, int)
 .text._ZN6tflite5micro14GetTensorShapeEPK16TfLiteEvalTensor
                0x201061b8       0x2e C:\fs3_vsd\projects\sifive_hifive1_empty_1\/tflm_src\libtflite.a(kernel_util.o)
                0x201061b8                tflite::micro::GetTensorShape(TfLiteEvalTensor const*)
 .text._ZN6tflite12MicroContext23AllocateTempInputTensorEPK10TfLiteNodei
                0x201061e6       0x24 C:\fs3_vsd\projects\sifive_hifive1_empty_1\/tflm_src\libtflite.a(micro_context.o)
                0x201061e6                tflite::MicroContext::AllocateTempInputTensor(TfLiteNode const*, int)
 .text._ZN6tflite12MicroContext24AllocateTempOutputTensorEPK10TfLiteNodei
                0x2010620a       0x24 C:\fs3_vsd\projects\sifive_hifive1_empty_1\/tflm_src\libtflite.a(micro_context.o)
                0x2010620a                tflite::MicroContext::AllocateTempOutputTensor(TfLiteNode const*, int)
 .text.TfLiteTypeGetName
                0x2010622e       0x22 C:\fs3_vsd\projects\sifive_hifive1_empty_1\/tflm_src\libtflite.a(common.o)
                0x2010622e                TfLiteTypeGetName
 .text._ZN6tflite29MultiplyByQuantizedMultiplierElli
                0x20106250       0xa2 C:\fs3_vsd\projects\sifive_hifive1_empty_1\/tflm_src\libtflite.a(common.o)
                0x20106250                tflite::MultiplyByQuantizedMultiplier(long, long, int)
 .text._ZN6tflite29MultiplyByQuantizedMultiplierExli
                0x201062f2       0x66 C:\fs3_vsd\projects\sifive_hifive1_empty_1\/tflm_src\libtflite.a(common.o)
                0x201062f2                tflite::MultiplyByQuantizedMultiplier(long long, long, int)
 .text._ZN6tflite12tensor_utils17ApplyReluToVectorEPKfiPf
                0x20106358       0x56 C:\fs3_vsd\projects\sifive_hifive1_empty_1\/tflm_src\libtflite.a(portable_tensor_utils.o)
                0x20106358                tflite::tensor_utils::ApplyReluToVector(float const*, int, float*)
 .text._ZN6tflite12tensor_utils18ApplyRelu1ToVectorEPKfiPf
                0x201063ae       0x8a C:\fs3_vsd\projects\sifive_hifive1_empty_1\/tflm_src\libtflite.a(portable_tensor_utils.o)
                0x201063ae                tflite::tensor_utils::ApplyRelu1ToVector(float const*, int, float*)
 .text._ZN6tflite12tensor_utils18ApplyRelu6ToVectorEPKfiPf
                0x20106438       0x7e C:\fs3_vsd\projects\sifive_hifive1_empty_1\/tflm_src\libtflite.a(portable_tensor_utils.o)
                0x20106438                tflite::tensor_utils::ApplyRelu6ToVector(float const*, int, float*)
 .text._ZN6tflite12tensor_utils20ApplySignbitToVectorEPKfiPf
                0x201064b6       0x46 C:\fs3_vsd\projects\sifive_hifive1_empty_1\/tflm_src\libtflite.a(portable_tensor_utils.o)
                0x201064b6                tflite::tensor_utils::ApplySignbitToVector(float const*, int, float*)
 .text._ZN6tflite12tensor_utils23UnpackDenseInt4IntoInt8EPKaiPa
                0x201064fc       0x48 C:\fs3_vsd\projects\sifive_hifive1_empty_1\/tflm_src\libtflite.a(portable_tensor_utils.o)
                0x201064fc                tflite::tensor_utils::UnpackDenseInt4IntoInt8(signed char const*, int, signed char*)
 .text._ZN6tflite18QuantizeMultiplierEdPlPi
                0x20106544       0xa2 C:\fs3_vsd\projects\sifive_hifive1_empty_1\/tflm_src\libtflite.a(quantization_util.o)
                0x20106544                tflite::QuantizeMultiplier(double, long*, int*)
 .text._ZN6tflite12_GLOBAL__N_18QuantizeEP13TfLiteContextflfRl
                0x201065e6       0xa6 C:\fs3_vsd\projects\sifive_hifive1_empty_1\/tflm_src\libtflite.a(kernel_util.o)
 .text._ZN6tflite32GetQuantizedConvolutionMultiplerEP13TfLiteContextPK12TfLiteTensorS4_PS2_Pd
                0x2010668c       0x9a C:\fs3_vsd\projects\sifive_hifive1_empty_1\/tflm_src\libtflite.a(kernel_util.o)
                0x2010668c                tflite::GetQuantizedConvolutionMultipler(TfLiteContext*, TfLiteTensor const*, TfLiteTensor const*, TfLiteTensor*, double*)
 .text._ZN6tflite32GetQuantizedConvolutionMultiplerEP13TfLiteContextPK12TfLiteTensorS4_S4_PS2_Pd
                0x20106726      0x100 C:\fs3_vsd\projects\sifive_hifive1_empty_1\/tflm_src\libtflite.a(kernel_util.o)
                0x20106726                tflite::GetQuantizedConvolutionMultipler(TfLiteContext*, TfLiteTensor const*, TfLiteTensor const*, TfLiteTensor const*, TfLiteTensor*, double*)
 .text._ZN6tflite33CalculateActivationRangeQuantizedEP13TfLiteContext21TfLiteFusedActivationP12TfLiteTensorPlS5_
                0x20106826      0x134 C:\fs3_vsd\projects\sifive_hifive1_empty_1\/tflm_src\libtflite.a(kernel_util.o)
                0x20106826                tflite::CalculateActivationRangeQuantized(TfLiteContext*, TfLiteFusedActivation, TfLiteTensor*, long*, long*)
 *(.gnu.linkonce.t.*)

.rela.dyn       0x2010695c        0x0
 .rela.text._Z33LoadQuantModelAndPerformInferencev
                0x2010695c        0x0 C:\Users\ankit\AppData\Local\Temp\ccgXMhsw.o
 .rela.rodata._ZTVN6tflite22MicroMutableOpResolverILj1EEE
                0x2010695c        0x0 C:\Users\ankit\AppData\Local\Temp\ccgXMhsw.o
 .rela.text._vfprintf_r
                0x2010695c        0x0 C:\Users\ankit\AppData\Local\Temp\ccgXMhsw.o
 .rela.text.metal.init.enter
                0x2010695c        0x0 C:\Users\ankit\AppData\Local\Temp\ccgXMhsw.o
 .rela.text.metal.init.scrub
                0x2010695c        0x0 C:\Users\ankit\AppData\Local\Temp\ccgXMhsw.o
 .rela.text.libgloss.start
                0x2010695c        0x0 C:\Users\ankit\AppData\Local\Temp\ccgXMhsw.o
 .rela.text._sbrk
                0x2010695c        0x0 C:\Users\ankit\AppData\Local\Temp\ccgXMhsw.o
 .rela.sdata.__brk
                0x2010695c        0x0 C:\Users\ankit\AppData\Local\Temp\ccgXMhsw.o
 .rela.text.__libc_init_array
                0x2010695c        0x0 C:\Users\ankit\AppData\Local\Temp\ccgXMhsw.o
 .rela.text.__libc_fini_array
                0x2010695c        0x0 C:\Users\ankit\AppData\Local\Temp\ccgXMhsw.o
 .rela.text.__register_exitproc
                0x2010695c        0x0 C:\Users\ankit\AppData\Local\Temp\ccgXMhsw.o
 .rela.text.metal_init
                0x2010695c        0x0 C:\Users\ankit\AppData\Local\Temp\ccgXMhsw.o
 .rela.text.metal_fini
                0x2010695c        0x0 C:\Users\ankit\AppData\Local\Temp\ccgXMhsw.o
 .rela.text.__metal_default_sw_handler
                0x2010695c        0x0 C:\Users\ankit\AppData\Local\Temp\ccgXMhsw.o
 .rela.text.__metal_exception_handler
                0x2010695c        0x0 C:\Users\ankit\AppData\Local\Temp\ccgXMhsw.o
 .rela.text.__metal_driver_cpu_get
                0x2010695c        0x0 C:\Users\ankit\AppData\Local\Temp\ccgXMhsw.o
 .rela.text.metal_software_interrupt_vector_handler
                0x2010695c        0x0 C:\Users\ankit\AppData\Local\Temp\ccgXMhsw.o
 .rela.text.metal_timer_interrupt_vector_handler
                0x2010695c        0x0 C:\Users\ankit\AppData\Local\Temp\ccgXMhsw.o
 .rela.text.metal_lc0_interrupt_vector_handler
                0x2010695c        0x0 C:\Users\ankit\AppData\Local\Temp\ccgXMhsw.o
 .rela.text.metal_lc1_interrupt_vector_handler
                0x2010695c        0x0 C:\Users\ankit\AppData\Local\Temp\ccgXMhsw.o
 .rela.text.metal_lc2_interrupt_vector_handler
                0x2010695c        0x0 C:\Users\ankit\AppData\Local\Temp\ccgXMhsw.o
 .rela.text.metal_lc3_interrupt_vector_handler
                0x2010695c        0x0 C:\Users\ankit\AppData\Local\Temp\ccgXMhsw.o
 .rela.text.metal_lc4_interrupt_vector_handler
                0x2010695c        0x0 C:\Users\ankit\AppData\Local\Temp\ccgXMhsw.o
 .rela.text.metal_lc5_interrupt_vector_handler
                0x2010695c        0x0 C:\Users\ankit\AppData\Local\Temp\ccgXMhsw.o
 .rela.text.metal_lc6_interrupt_vector_handler
                0x2010695c        0x0 C:\Users\ankit\AppData\Local\Temp\ccgXMhsw.o
 .rela.text.metal_lc7_interrupt_vector_handler
                0x2010695c        0x0 C:\Users\ankit\AppData\Local\Temp\ccgXMhsw.o
 .rela.text.metal_lc8_interrupt_vector_handler
                0x2010695c        0x0 C:\Users\ankit\AppData\Local\Temp\ccgXMhsw.o
 .rela.text.metal_lc9_interrupt_vector_handler
                0x2010695c        0x0 C:\Users\ankit\AppData\Local\Temp\ccgXMhsw.o
 .rela.text.metal_lc10_interrupt_vector_handler
                0x2010695c        0x0 C:\Users\ankit\AppData\Local\Temp\ccgXMhsw.o
 .rela.text.metal_lc11_interrupt_vector_handler
                0x2010695c        0x0 C:\Users\ankit\AppData\Local\Temp\ccgXMhsw.o
 .rela.text.metal_lc12_interrupt_vector_handler
                0x2010695c        0x0 C:\Users\ankit\AppData\Local\Temp\ccgXMhsw.o
 .rela.text.metal_lc13_interrupt_vector_handler
                0x2010695c        0x0 C:\Users\ankit\AppData\Local\Temp\ccgXMhsw.o
 .rela.text.metal_lc14_interrupt_vector_handler
                0x2010695c        0x0 C:\Users\ankit\AppData\Local\Temp\ccgXMhsw.o
 .rela.text.metal_lc15_interrupt_vector_handler
                0x2010695c        0x0 C:\Users\ankit\AppData\Local\Temp\ccgXMhsw.o
 .rela.text.metal_cpu_get
                0x2010695c        0x0 C:\Users\ankit\AppData\Local\Temp\ccgXMhsw.o
 .rela.text     0x2010695c        0x0 C:\Users\ankit\AppData\Local\Temp\ccgXMhsw.o

.data           0x80000000      0xaa4 load address 0x20106960
 *(.data .data.*)
 .data._impure_data
                0x80000000       0x4c G:/vsd/FS/FS_installer/SiFive/riscv64-unknown-elf-toolsuite-2.0.3/bin/../lib/gcc/riscv64-unknown-elf/13.2.0/../../../../riscv64-unknown-elf/lib/rv32imac/ilp32\libc_nano.a(libc_a-impure.o)
                0x80000000                _impure_data
 .data.__sglue  0x8000004c        0xc G:/vsd/FS/FS_installer/SiFive/riscv64-unknown-elf-toolsuite-2.0.3/bin/../lib/gcc/riscv64-unknown-elf/13.2.0/../../../../riscv64-unknown-elf/lib/rv32imac/ilp32\libc_nano.a(libc_a-findfp.o)
                0x8000004c                __sglue
 .data.__metal_dt_clock_4
                0x80000058        0xc C:/fs3_vsd/projects/sifive_hifive1_empty_1/bsp/install/lib/release/\libmetal.a(inline.o)
                0x80000058                __metal_dt_clock_4
 .data.__metal_dt_clock_1
                0x80000064        0xc C:/fs3_vsd/projects/sifive_hifive1_empty_1/bsp/install/lib/release/\libmetal.a(inline.o)
                0x80000064                __metal_dt_clock_1
 .data.__metal_dt_clock_3
                0x80000070        0xc C:/fs3_vsd/projects/sifive_hifive1_empty_1/bsp/install/lib/release/\libmetal.a(inline.o)
                0x80000070                __metal_dt_clock_3
 .data.__metal_dt_serial_10013000
                0x8000007c       0x20 C:/fs3_vsd/projects/sifive_hifive1_empty_1/bsp/install/lib/release/\libmetal.a(inline.o)
                0x8000007c                __metal_dt_serial_10013000
 *fill*         0x8000009c        0x4 
 .data.__metal_dt_interrupt_controller_c000000
                0x800000a0      0x5d8 C:/fs3_vsd/projects/sifive_hifive1_empty_1/bsp/install/lib/release/\libmetal.a(inline.o)
                0x800000a0                __metal_dt_interrupt_controller_c000000
 .data.__metal_dt_cpu_0_interrupt_controller
                0x80000678      0x3d0 C:/fs3_vsd/projects/sifive_hifive1_empty_1/bsp/install/lib/release/\libmetal.a(inline.o)
                0x80000678                __metal_dt_cpu_0_interrupt_controller
 .data.__metal_dt_clock_5
                0x80000a48        0xc C:/fs3_vsd/projects/sifive_hifive1_empty_1/bsp/install/lib/release/\libmetal.a(inline.o)
                0x80000a48                __metal_dt_clock_5
 .data.__metal_dt_clock_2
                0x80000a54        0xc C:/fs3_vsd/projects/sifive_hifive1_empty_1/bsp/install/lib/release/\libmetal.a(inline.o)
                0x80000a54                __metal_dt_clock_2
 .data.__metal_dt_clock_0
                0x80000a60        0xc C:/fs3_vsd/projects/sifive_hifive1_empty_1/bsp/install/lib/release/\libmetal.a(inline.o)
                0x80000a60                __metal_dt_clock_0
 *(.gnu.linkonce.d.*)
                0x80000a70                        . = ALIGN (0x8)
 *fill*         0x80000a6c        0x4 
                0x80001270                        PROVIDE (__global_pointer$ = (. + 0x800))
 *(.sdata .sdata.* .sdata2.*)
 .sdata._impure_ptr
                0x80000a70        0x4 G:/vsd/FS/FS_installer/SiFive/riscv64-unknown-elf-toolsuite-2.0.3/bin/../lib/gcc/riscv64-unknown-elf/13.2.0/../../../../riscv64-unknown-elf/lib/rv32imac/ilp32\libc_nano.a(libc_a-impure.o)
                0x80000a70                _impure_ptr
 .sdata.__brk   0x80000a74        0x4 C:/fs3_vsd/projects/sifive_hifive1_empty_1/bsp/install/lib/release/\libmetal-gloss.a(sys_sbrk.o)
 .sdata.__metal_cpu_table
                0x80000a78        0x4 C:/fs3_vsd/projects/sifive_hifive1_empty_1/bsp/install/lib/release/\libmetal.a(shutdown.o)
                0x80000a78                __metal_cpu_table
 .sdata.__metal_dt_prci_10008000
                0x80000a7c        0x4 C:/fs3_vsd/projects/sifive_hifive1_empty_1/bsp/install/lib/release/\libmetal.a(inline.o)
                0x80000a7c                __metal_dt_prci_10008000
 .sdata.__metal_dt_gpio_10012000
                0x80000a80        0x4 C:/fs3_vsd/projects/sifive_hifive1_empty_1/bsp/install/lib/release/\libmetal.a(inline.o)
                0x80000a80                __metal_dt_gpio_10012000
 .sdata.__metal_dt_cpu_0
                0x80000a84        0x8 C:/fs3_vsd/projects/sifive_hifive1_empty_1/bsp/install/lib/release/\libmetal.a(inline.o)
                0x80000a84                __metal_dt_cpu_0
 .sdata.__metal_dt_clint_2000000
                0x80000a8c        0x8 C:/fs3_vsd/projects/sifive_hifive1_empty_1/bsp/install/lib/release/\libmetal.a(inline.o)
                0x80000a8c                __metal_dt_clint_2000000
 .sdata2._ZN6tflite25kFullyConnectedBiasTensorE
                0x80000a94        0x4 C:\fs3_vsd\projects\sifive_hifive1_empty_1\/tflm_src\libtflite.a(fully_connected_common.o)
                0x80000a94                tflite::kFullyConnectedBiasTensor
 .sdata2._ZN6tflite26kFullyConnectedInputTensorE
                0x80000a98        0x4 C:\fs3_vsd\projects\sifive_hifive1_empty_1\/tflm_src\libtflite.a(fully_connected_common.o)
                0x80000a98                tflite::kFullyConnectedInputTensor
 .sdata2._ZN6tflite27kFullyConnectedOutputTensorE
                0x80000a9c        0x4 C:\fs3_vsd\projects\sifive_hifive1_empty_1\/tflm_src\libtflite.a(fully_connected_common.o)
                0x80000a9c                tflite::kFullyConnectedOutputTensor
 .sdata2._ZN6tflite28kFullyConnectedWeightsTensorE
                0x80000aa0        0x4 C:\fs3_vsd\projects\sifive_hifive1_empty_1\/tflm_src\libtflite.a(fully_connected_common.o)
                0x80000aa0                tflite::kFullyConnectedWeightsTensor
 *(.gnu.linkonce.s.*)

.tdata          0x80000aa8        0x0 load address 0x20107408
                0x80000aa8                        PROVIDE (__tls_base = .)
 *(.tdata .tdata.* .gnu.linkonce.td.*)
                [!provide]                        PROVIDE (__tdata_source = LOADADDR (.tdata))
                [!provide]                        PROVIDE (__tdata_size = SIZEOF (.tdata))
                0x20106960                        PROVIDE (metal_segment_data_source_start = LOADADDR (.data))
                0x80000000                        PROVIDE (metal_segment_data_target_start = ADDR (.data))
                0x80000aa8                        PROVIDE (metal_segment_data_target_end = (ADDR (.tdata) + SIZEOF (.tdata)))

.tbss           0x80000aa8        0x0
 *(.tbss .tbss.* .gnu.linkonce.tb.*)
 *(.tcommon .tcommon.*)
                [!provide]                        PROVIDE (__tls_end = .)
                0x00000000                        PROVIDE (__tbss_size = SIZEOF (.tbss))
                [!provide]                        PROVIDE (__tls_size = (__tls_end - __tls_base))

.tbss_space     0x80000aa8        0x0
                0x80000aa8                        . = (. + __tbss_size)

.bss            0x80000aa8      0x1e0
 *(.sbss*)
 .sbss.__malloc_sbrk_start
                0x80000aa8        0x4 G:/vsd/FS/FS_installer/SiFive/riscv64-unknown-elf-toolsuite-2.0.3/bin/../lib/gcc/riscv64-unknown-elf/13.2.0/../../../../riscv64-unknown-elf/lib/rv32imac/ilp32\libc_nano.a(libc_a-mallocr.o)
                0x80000aa8                __malloc_sbrk_start
 .sbss.__malloc_free_list
                0x80000aac        0x4 G:/vsd/FS/FS_installer/SiFive/riscv64-unknown-elf-toolsuite-2.0.3/bin/../lib/gcc/riscv64-unknown-elf/13.2.0/../../../../riscv64-unknown-elf/lib/rv32imac/ilp32\libc_nano.a(libc_a-mallocr.o)
                0x80000aac                __malloc_free_list
 .sbss.__stdio_exit_handler
                0x80000ab0        0x4 G:/vsd/FS/FS_installer/SiFive/riscv64-unknown-elf-toolsuite-2.0.3/bin/../lib/gcc/riscv64-unknown-elf/13.2.0/../../../../riscv64-unknown-elf/lib/rv32imac/ilp32\libc_nano.a(libc_a-findfp.o)
                0x80000ab0                __stdio_exit_handler
 .sbss.errno    0x80000ab4        0x4 G:/vsd/FS/FS_installer/SiFive/riscv64-unknown-elf-toolsuite-2.0.3/bin/../lib/gcc/riscv64-unknown-elf/13.2.0/../../../../riscv64-unknown-elf/lib/rv32imac/ilp32\libc_nano.a(libc_a-reent.o)
                0x80000ab4                errno
 .sbss.__atexit
                0x80000ab8        0x4 G:/vsd/FS/FS_installer/SiFive/riscv64-unknown-elf-toolsuite-2.0.3/bin/../lib/gcc/riscv64-unknown-elf/13.2.0/../../../../riscv64-unknown-elf/lib/rv32imac/ilp32\libc_nano.a(libc_a-__call_atexit.o)
                0x80000ab8                __atexit
 .sbss.fini_done.0