Archive member included to satisfy reference by file (symbol)

g:/vsd/fs/fs_installer/sifive/riscv64-unknown-elf-toolsuite-17.9.0-2023.10.0/bin/../lib/gcc/riscv64-unknown-elf/12.2.1/../../../../riscv64-unknown-elf/lib/rv32imac/ilp32\libc_nano.a(lib_a-printf.o)
                              C:\Users\ankit\AppData\Local\Temp\ccWvz1R2.o (printf)
g:/vsd/fs/fs_installer/sifive/riscv64-unknown-elf-toolsuite-17.9.0-2023.10.0/bin/../lib/gcc/riscv64-unknown-elf/12.2.1/../../../../riscv64-unknown-elf/lib/rv32imac/ilp32\libc_nano.a(lib_a-putchar.o)
                              C:\Users\ankit\AppData\Local\Temp\ccWvz1R2.o (putchar)
g:/vsd/fs/fs_installer/sifive/riscv64-unknown-elf-toolsuite-17.9.0-2023.10.0/bin/../lib/gcc/riscv64-unknown-elf/12.2.1/../../../../riscv64-unknown-elf/lib/rv32imac/ilp32\libc_nano.a(lib_a-putc.o)
                              g:/vsd/fs/fs_installer/sifive/riscv64-unknown-elf-toolsuite-17.9.0-2023.10.0/bin/../lib/gcc/riscv64-unknown-elf/12.2.1/../../../../riscv64-unknown-elf/lib/rv32imac/ilp32\libc_nano.a(lib_a-putchar.o) (_putc_r)
g:/vsd/fs/fs_installer/sifive/riscv64-unknown-elf-toolsuite-17.9.0-2023.10.0/bin/../lib/gcc/riscv64-unknown-elf/12.2.1/../../../../riscv64-unknown-elf/lib/rv32imac/ilp32\libc_nano.a(lib_a-puts.o)
                              C:\Users\ankit\AppData\Local\Temp\ccWvz1R2.o (puts)
g:/vsd/fs/fs_installer/sifive/riscv64-unknown-elf-toolsuite-17.9.0-2023.10.0/bin/../lib/gcc/riscv64-unknown-elf/12.2.1/../../../../riscv64-unknown-elf/lib/rv32imac/ilp32\libc_nano.a(lib_a-wbuf.o)
                              g:/vsd/fs/fs_installer/sifive/riscv64-unknown-elf-toolsuite-17.9.0-2023.10.0/bin/../lib/gcc/riscv64-unknown-elf/12.2.1/../../../../riscv64-unknown-elf/lib/rv32imac/ilp32\libc_nano.a(lib_a-putc.o) (__swbuf_r)
g:/vsd/fs/fs_installer/sifive/riscv64-unknown-elf-toolsuite-17.9.0-2023.10.0/bin/../lib/gcc/riscv64-unknown-elf/12.2.1/../../../../riscv64-unknown-elf/lib/rv32imac/ilp32\libc_nano.a(lib_a-wsetup.o)
                              g:/vsd/fs/fs_installer/sifive/riscv64-unknown-elf-toolsuite-17.9.0-2023.10.0/bin/../lib/gcc/riscv64-unknown-elf/12.2.1/../../../../riscv64-unknown-elf/lib/rv32imac/ilp32\libc_nano.a(lib_a-puts.o) (__swsetup_r)
g:/vsd/fs/fs_installer/sifive/riscv64-unknown-elf-toolsuite-17.9.0-2023.10.0/bin/../lib/gcc/riscv64-unknown-elf/12.2.1/../../../../riscv64-unknown-elf/lib/rv32imac/ilp32\libc_nano.a(lib_a-fflush.o)
                              g:/vsd/fs/fs_installer/sifive/riscv64-unknown-elf-toolsuite-17.9.0-2023.10.0/bin/../lib/gcc/riscv64-unknown-elf/12.2.1/../../../../riscv64-unknown-elf/lib/rv32imac/ilp32\libc_nano.a(lib_a-wbuf.o) (_fflush_r)
g:/vsd/fs/fs_installer/sifive/riscv64-unknown-elf-toolsuite-17.9.0-2023.10.0/bin/../lib/gcc/riscv64-unknown-elf/12.2.1/../../../../riscv64-unknown-elf/lib/rv32imac/ilp32\libc_nano.a(lib_a-findfp.o)
                              g:/vsd/fs/fs_installer/sifive/riscv64-unknown-elf-toolsuite-17.9.0-2023.10.0/bin/../lib/gcc/riscv64-unknown-elf/12.2.1/../../../../riscv64-unknown-elf/lib/rv32imac/ilp32\libc_nano.a(lib_a-printf.o) (__sinit)
g:/vsd/fs/fs_installer/sifive/riscv64-unknown-elf-toolsuite-17.9.0-2023.10.0/bin/../lib/gcc/riscv64-unknown-elf/12.2.1/../../../../riscv64-unknown-elf/lib/rv32imac/ilp32\libc_nano.a(lib_a-fwalk.o)
                              g:/vsd/fs/fs_installer/sifive/riscv64-unknown-elf-toolsuite-17.9.0-2023.10.0/bin/../lib/gcc/riscv64-unknown-elf/12.2.1/../../../../riscv64-unknown-elf/lib/rv32imac/ilp32\libc_nano.a(lib_a-findfp.o) (_fwalk)
g:/vsd/fs/fs_installer/sifive/riscv64-unknown-elf-toolsuite-17.9.0-2023.10.0/bin/../lib/gcc/riscv64-unknown-elf/12.2.1/../../../../riscv64-unknown-elf/lib/rv32imac/ilp32\libc_nano.a(lib_a-impure.o)
                              g:/vsd/fs/fs_installer/sifive/riscv64-unknown-elf-toolsuite-17.9.0-2023.10.0/bin/../lib/gcc/riscv64-unknown-elf/12.2.1/../../../../riscv64-unknown-elf/lib/rv32imac/ilp32\libc_nano.a(lib_a-fflush.o) (_global_impure_ptr)
g:/vsd/fs/fs_installer/sifive/riscv64-unknown-elf-toolsuite-17.9.0-2023.10.0/bin/../lib/gcc/riscv64-unknown-elf/12.2.1/../../../../riscv64-unknown-elf/lib/rv32imac/ilp32\libc_nano.a(lib_a-makebuf.o)
                              g:/vsd/fs/fs_installer/sifive/riscv64-unknown-elf-toolsuite-17.9.0-2023.10.0/bin/../lib/gcc/riscv64-unknown-elf/12.2.1/../../../../riscv64-unknown-elf/lib/rv32imac/ilp32\libc_nano.a(lib_a-wsetup.o) (__smakebuf_r)
g:/vsd/fs/fs_installer/sifive/riscv64-unknown-elf-toolsuite-17.9.0-2023.10.0/bin/../lib/gcc/riscv64-unknown-elf/12.2.1/../../../../riscv64-unknown-elf/lib/rv32imac/ilp32\libc_nano.a(lib_a-memset.o)
                              g:/vsd/fs/fs_installer/sifive/riscv64-unknown-elf-toolsuite-17.9.0-2023.10.0/bin/../lib/gcc/riscv64-unknown-elf/12.2.1/../../../../riscv64-unknown-elf/lib/rv32imac/ilp32\libc_nano.a(lib_a-findfp.o) (memset)
[...]
Memory Configuration

Name             Origin             Length             Attributes
ram              0x80000000         0x00004000         axrwl
rom              0x20100000         0x1fc00000         xrl!aw
*default*        0x00000000         0xffffffff

Linker script and memory map

LOAD C:\Users\ankit\AppData\Local\Temp\ccWvz1R2.o
START GROUP
LOAD g:/vsd/fs/fs_installer/sifive/riscv64-unknown-elf-toolsuite-17.9.0-2023.10.0/bin/../lib/gcc/riscv64-unknown-elf/12.2.1/../../../../riscv64-unknown-elf/lib/rv32imac/ilp32\libc_nano.a
LOAD g:/vsd/fs/fs_installer/sifive/riscv64-unknown-elf-toolsuite-17.9.0-2023.10.0/bin/../lib/gcc/riscv64-unknown-elf/12.2.1/rv32imac/ilp32\libgcc.a
LOAD g:/vsd/fs/fs_installer/sifive/riscv64-unknown-elf-toolsuite-17.9.0-2023.10.0/bin/../lib/gcc/riscv64-unknown-elf/12.2.1/../../../../riscv64-unknown-elf/lib/rv32imac/ilp32\libm_nano.a
LOAD C:/fs3_vsd/projects/SiFive_BitNET_MCU/bsp/install/lib/debug/\libmetal.a
LOAD C:/fs3_vsd/projects/SiFive_BitNET_MCU/bsp/install/lib/debug/\libmetal-gloss.a
END GROUP
                0x00000400                        __stack_size = DEFINED (__stack_size)?__stack_size:0x400
                [!provide]                        PROVIDE (__stack_size = __stack_size)
                0x00000800                        __heap_size = DEFINED (__heap_size)?__heap_size:0x800
                0x00000000                        PROVIDE (__metal_boot_hart = 0x0)
                0x00000001                        PROVIDE (__metal_chicken_bit = 0x1)
                0x00000000                        PROVIDE (__metal_eccscrub_bit = 0x0)
                [!provide]                        PROVIDE (metal_dtim_0_memory_start = 0x80000000)
                [!provide]                        PROVIDE (metal_dtim_0_memory_end = 0x80004000)

.init           0x20100000      0x2b8
 *(.text.metal.init.enter)
 .text.metal.init.enter
                0x20100000       0x88 C:/fs3_vsd/projects/SiFive_BitNET_MCU/bsp/install/lib/debug/\libmetal.a(entry.o)
                0x20100000                _enter
 *(.text.metal.init.*)
 .text.metal.init.__register_frame_info
                0x20100088        0x2 C:/fs3_vsd/projects/SiFive_BitNET_MCU/bsp/install/lib/debug/\libmetal.a(entry.o)
                0x20100088                __register_frame_info
 .text.metal.init.scrub
                0x2010008a       0xa8 C:/fs3_vsd/projects/SiFive_BitNET_MCU/bsp/install/lib/debug/\libmetal.a(scrub.o)
                0x2010008a                metal_mem_scrub
                0x201000cc                __metal_before_start
 *fill*         0x20100132        0x2 
 .text.metal.init.trapvec
                0x20100134        0xe C:/fs3_vsd/projects/SiFive_BitNET_MCU/bsp/install/lib/debug/\libmetal.a(trap.o)
                0x20100134                early_trap_vector
 *(SORT_NONE(.init))
 .init          0x20100142        0xe C:/fs3_vsd/projects/SiFive_BitNET_MCU/bsp/install/lib/debug/\libmetal.a(synchronize_harts.o)
                0x20100142                __metal_synchronize_harts
 *(.text.libgloss.start)
 .text.libgloss.start
                0x20100150      0x168 C:/fs3_vsd/projects/SiFive_BitNET_MCU/bsp/install/lib/debug/\libmetal-gloss.a(crt0.o)
                0x20100150                _start
                0x20100296                _fini
                0x20100296                _init
                0x20100298                secondary_main

.fini
 *(SORT_NONE(.fini))

.preinit_array  0x201002b8        0x0
                0x201002b8                        PROVIDE (__preinit_array_start = .)
 *(.preinit_array)
                0x201002b8                        PROVIDE (__preinit_array_end = .)

.init_array     0x201002b8        0xc
                0x201002b8                        PROVIDE (__init_array_start = .)
 *(SORT_BY_INIT_PRIORITY(.init_array.*) SORT_BY_INIT_PRIORITY(.ctors.*))
 *(.init_array EXCLUDE_FILE(*crtend?.o *crtend.o *crtbegin?.o *crtbegin.o) .ctors)
                0x201002b8                        PROVIDE (__init_array_end = .)
                0x201002b8                        PROVIDE (metal_constructors_start = .)
 *(SORT_BY_INIT_PRIORITY(.metal.init_array.*))
 .metal.init_array.5000
                0x201002b8        0x8 C:/fs3_vsd/projects/SiFive_BitNET_MCU/bsp/install/lib/debug/\libmetal.a(sifive_fe310-g000_pll.o)
                0x201002b8                _metal_sifive_fe310_g000_pll_init_ptr
                0x201002bc                _use_hfxosc_ptr
 .metal.init_array.5000
                0x201002c0        0x4 C:/fs3_vsd/projects/SiFive_BitNET_MCU/bsp/install/lib/debug/\libmetal.a(tty.o)
                0x201002c0                _metal_tty_init_ptr
 *(.metal.init_array)
                0x201002c4                        PROVIDE (metal_constructors_end = .)

.fini_array     0x201002c8        0x0
                0x201002c8                        PROVIDE (__fini_array_start = .)
 *(SORT_BY_INIT_PRIORITY(.fini_array.*) SORT_BY_INIT_PRIORITY(.dtors.*))
 *(.fini_array EXCLUDE_FILE(*crtend?.o *crtend.o *crtbegin?.o *crtbegin.o) .dtors)
                0x201002c8                        PROVIDE (__fini_array_end = .)
                0x201002c8                        PROVIDE (metal_destructors_start = .)
 *(SORT_BY_INIT_PRIORITY(.metal.fini_array.*))
 *(.metal.fini_array)
                0x201002c8                        PROVIDE (metal_destructors_end = .)

.ctors          0x201002c4       0x7a
 *crtbegin.o(.ctors)
 *crtbegin?.o(.ctors)
 *(EXCLUDE_FILE(*crtend?.o *crtend.o) .ctors)
 *(SORT_BY_NAME(.ctors.*))
 *(.ctors)
 *(.metal.ctors .metal.ctors.*)
 .metal.ctors   0x201002c4       0x56 C:/fs3_vsd/projects/SiFive_BitNET_MCU/bsp/install/lib/debug/\libmetal.a(sifive_fe310-g000_pll.o)
                0x201002c4                metal_sifive_fe310_g000_pll_init
                0x201002f0                use_hfxosc
 .metal.ctors   0x2010031a       0x24 C:/fs3_vsd/projects/SiFive_BitNET_MCU/bsp/install/lib/debug/\libmetal.a(tty.o)
                0x2010031a                metal_tty_init

.dtors
 *crtbegin.o(.dtors)
 *crtbegin?.o(.dtors)
 *(EXCLUDE_FILE(*crtend?.o *crtend.o) .dtors)
 *(SORT_BY_NAME(.dtors.*))
 *(.dtors)
 *(.metal.dtors .metal.dtors.*)

.rodata         0x20100340     0x4ac0
 *(.rdata)
 *(.rodata .rodata.*)
 .rodata.L1_weights
                0x20100340     0x2000 C:\Users\ankit\AppData\Local\Temp\ccWvz1R2.o
                0x20100340                L1_weights
 .rodata.L2_weights
                0x20102340      0x800 C:\Users\ankit\AppData\Local\Temp\ccWvz1R2.o
                0x20102340                L2_weights
 .rodata.L3_weights
                0x20102b40      0x800 C:\Users\ankit\AppData\Local\Temp\ccWvz1R2.o
                0x20102b40                L3_weights
 .rodata.L4_weights
                0x20103340      0x140 C:\Users\ankit\AppData\Local\Temp\ccWvz1R2.o
                0x20103340                L4_weights
 .rodata.input_data_0
                0x20103480      0x100 C:\Users\ankit\AppData\Local\Temp\ccWvz1R2.o
                0x20103480                input_data_0
 .rodata.input_data_1
                0x20103580      0x100 C:\Users\ankit\AppData\Local\Temp\ccWvz1R2.o
                0x20103580                input_data_1
 .rodata.input_data_2
                0x20103680      0x100 C:\Users\ankit\AppData\Local\Temp\ccWvz1R2.o
                0x20103680                input_data_2
 .rodata.input_data_3
                0x20103780      0x100 C:\Users\ankit\AppData\Local\Temp\ccWvz1R2.o
                0x20103780                input_data_3
 .rodata        0x20103880      0x4b4 C:\Users\ankit\AppData\Local\Temp\ccWvz1R2.o
 .rodata.__sf_fake_stderr
                0x20103d34       0x20 g:/vsd/fs/fs_installer/sifive/riscv64-unknown-elf-toolsuite-17.9.0-2023.10.0/bin/../lib/gcc/riscv64-unknown-elf/12.2.1/../../../../riscv64-unknown-elf/lib/rv32imac/ilp32\libc_nano.a(lib_a-findfp.o)
                0x20103d34                __sf_fake_stderr
 .rodata.__sf_fake_stdout
                0x20103d54       0x20 g:/vsd/fs/fs_installer/sifive/riscv64-unknown-elf-toolsuite-17.9.0-2023.10.0/bin/../lib/gcc/riscv64-unknown-elf/12.2.1/../../../../riscv64-unknown-elf/lib/rv32imac/ilp32\libc_nano.a(lib_a-findfp.o)
                0x20103d54                __sf_fake_stdout
 .rodata.__sf_fake_stdin
                0x20103d74       0x20 g:/vsd/fs/fs_installer/sifive/riscv64-unknown-elf-toolsuite-17.9.0-2023.10.0/bin/../lib/gcc/riscv64-unknown-elf/12.2.1/../../../../riscv64-unknown-elf/lib/rv32imac/ilp32\libc_nano.a(lib_a-findfp.o)
                0x20103d74                __sf_fake_stdin
 .rodata._vfprintf_r.str1.4
                0x20103d94       0x39 g:/vsd/fs/fs_installer/sifive/riscv64-unknown-elf-toolsuite-17.9.0-2023.10.0/bin/../lib/gcc/riscv64-unknown-elf/12.2.1/../../../../riscv64-unknown-elf/lib/rv32imac/ilp32\libc_nano.a(lib_a-nano-vfprintf.o)
                                 0x13 (size before relaxing)
 .rodata._printf_i.str1.4
                0x20103dcd       0x25 g:/vsd/fs/fs_installer/sifive/riscv64-unknown-elf-toolsuite-17.9.0-2023.10.0/bin/../lib/gcc/riscv64-unknown-elf/12.2.1/../../../../riscv64-unknown-elf/lib/rv32imac/ilp32\libc_nano.a(lib_a-nano-vfprintf_i.o)
 *fill*         0x20103dcd        0x3 
 .rodata._printf_i
                0x20103dd0       0x58 g:/vsd/fs/fs_installer/sifive/riscv64-unknown-elf-toolsuite-17.9.0-2023.10.0/bin/../lib/gcc/riscv64-unknown-elf/12.2.1/../../../../riscv64-unknown-elf/lib/rv32imac/ilp32\libc_nano.a(lib_a-nano-vfprintf_i.o)
 .rodata.__metal_driver_vtable_riscv_clint0
                0x20103e28       0x64 C:/fs3_vsd/projects/SiFive_BitNET_MCU/bsp/install/lib/debug/\libmetal.a(riscv_clint0.o)
                0x20103e28                __metal_driver_vtable_riscv_clint0
 .rodata.__metal_local_interrupt_enable
                0x20103e8c       0x80 C:/fs3_vsd/projects/SiFive_BitNET_MCU/bsp/install/lib/debug/\libmetal.a(riscv_cpu.o)
 .rodata.__metal_driver_vtable_riscv_cpu_intc
                0x20103f0c       0x64 C:/fs3_vsd/projects/SiFive_BitNET_MCU/bsp/install/lib/debug/\libmetal.a(riscv_cpu.o)
                0x20103f0c                __metal_driver_vtable_riscv_cpu_intc
 .rodata.__metal_driver_vtable_cpu
                0x20103f70       0x44 C:/fs3_vsd/projects/SiFive_BitNET_MCU/bsp/install/lib/debug/\libmetal.a(riscv_cpu.o)
                0x20103f70                __metal_driver_vtable_cpu
 .rodata.__metal_driver_vtable_riscv_plic0
                0x20103fb4       0x64 C:/fs3_vsd/projects/SiFive_BitNET_MCU/bsp/install/lib/debug/\libmetal.a(riscv_plic0.o)
                0x20103fb4                __metal_driver_vtable_riscv_plic0
 .rodata.pll_configs
                0x20104018      0x880 C:/fs3_vsd/projects/SiFive_BitNET_MCU/bsp/install/lib/debug/\libmetal.a(sifive_fe310-g000_pll.o)
 .rodata.__metal_driver_vtable_sifive_fe310_g000_pll
                0x20104898        0xc C:/fs3_vsd/projects/SiFive_BitNET_MCU/bsp/install/lib/debug/\libmetal.a(sifive_fe310-g000_pll.o)
                0x20104898                __metal_driver_vtable_sifive_fe310_g000_pll
 .rodata        0x201048a4       0x1d C:/fs3_vsd/projects/SiFive_BitNET_MCU/bsp/install/lib/debug/\libmetal.a(sifive_gpio-leds.o)
 *fill*         0x201048c1        0x3 
 .rodata.__metal_driver_vtable_sifive_led
                0x201048c4       0x14 C:/fs3_vsd/projects/SiFive_BitNET_MCU/bsp/install/lib/debug/\libmetal.a(sifive_gpio-leds.o)
                0x201048c4                __metal_driver_vtable_sifive_led
 .rodata.__metal_driver_sifive_gpio0_config_int
                0x201048d8       0x20 C:/fs3_vsd/projects/SiFive_BitNET_MCU/bsp/install/lib/debug/\libmetal.a(sifive_gpio0.o)
 .rodata.__metal_driver_sifive_gpio0_clear_int
                0x201048f8       0x20 C:/fs3_vsd/projects/SiFive_BitNET_MCU/bsp/install/lib/debug/\libmetal.a(sifive_gpio0.o)
 .rodata.__metal_driver_vtable_sifive_gpio0
                0x20104918       0x3c C:/fs3_vsd/projects/SiFive_BitNET_MCU/bsp/install/lib/debug/\libmetal.a(sifive_gpio0.o)
                0x20104918                __metal_driver_vtable_sifive_gpio0
 .rodata.__metal_driver_vtable_sifive_uart0
                0x20104954       0x40 C:/fs3_vsd/projects/SiFive_BitNET_MCU/bsp/install/lib/debug/\libmetal.a(sifive_uart0.o)
                0x20104954                __metal_driver_vtable_sifive_uart0
 *fill*         0x20104994        0x4 
 .rodata.libgloss.start
                0x20104998       0x11 C:/fs3_vsd/projects/SiFive_BitNET_MCU/bsp/install/lib/debug/\libmetal-gloss.a(crt0.o)
 *(.gnu.linkonce.r.*)
                0x201049b0                        . = ALIGN (0x8)
 *fill*         0x201049a9        0x7 
 *(.srodata.cst16)
 *(.srodata.cst8)
 *(.srodata.cst4)
 *(.srodata.cst2)
 *(.srodata .srodata.*)
 .srodata       0x201049b0      0x42a C:\Users\ankit\AppData\Local\Temp\ccWvz1R2.o
                0x201049b0                processfclayer
 *fill*         0x20104dda        0x2 
 .srodata._global_impure_ptr
                0x20104ddc        0x4 g:/vsd/fs/fs_installer/sifive/riscv64-unknown-elf-toolsuite-17.9.0-2023.10.0/bin/../lib/gcc/riscv64-unknown-elf/12.2.1/../../../../riscv64-unknown-elf/lib/rv32imac/ilp32\libc_nano.a(lib_a-impure.o)
                0x20104ddc                _global_impure_ptr
 .srodata.__metal_driver_vtable_sifive_fe310_g000_hfrosc
                0x20104de0        0x8 C:/fs3_vsd/projects/SiFive_BitNET_MCU/bsp/install/lib/debug/\libmetal.a(sifive_fe310-g000_hfrosc.o)
                0x20104de0                __metal_driver_vtable_sifive_fe310_g000_hfrosc
 .srodata.__metal_driver_vtable_sifive_fe310_g000_hfxosc
                0x20104de8        0x8 C:/fs3_vsd/projects/SiFive_BitNET_MCU/bsp/install/lib/debug/\libmetal.a(sifive_fe310-g000_hfxosc.o)
                0x20104de8                __metal_driver_vtable_sifive_fe310_g000_hfxosc
 .srodata.__metal_driver_vtable_sifive_fe310_g000_prci
                0x20104df0        0x8 C:/fs3_vsd/projects/SiFive_BitNET_MCU/bsp/install/lib/debug/\libmetal.a(sifive_fe310-g000_prci.o)
                0x20104df0                __metal_driver_vtable_sifive_fe310_g000_prci
 .srodata.__metal_driver_vtable_fixed_clock
                0x20104df8        0x8 C:/fs3_vsd/projects/SiFive_BitNET_MCU/bsp/install/lib/debug/\libmetal.a(fixed-clock.o)
                0x20104df8                __metal_driver_vtable_fixed_clock

.itim           0x80000000        0x0 load address 0x20104e00
 *(.itim .itim.*)
                0x20104e00                        PROVIDE (metal_segment_itim_source_start = LOADADDR (.itim))
                0x80000000                        PROVIDE (metal_segment_itim_target_start = ADDR (.itim))
                0x80000000                        PROVIDE (metal_segment_itim_target_end = (ADDR (.itim) + SIZEOF (.itim)))

.lim            0x80000000        0x0 load address 0x20104e00
 *(.lim .lim.*)
                0x20104e00                        PROVIDE (metal_segment_lim_source_start = LOADADDR (.lim))
                0x80000000                        PROVIDE (metal_segment_lim_target_start = ADDR (.lim))
                0x80000000                        PROVIDE (metal_segment_lim_target_end = (ADDR (.lim) + SIZEOF (.lim)))

.text           0x20104e00     0x6b5e
 *(.text.unlikely .text.unlikely.*)
 *(.text.startup .text.startup.*)
 *(.text .text.*)
 .text.ReLUNorm
                0x20104e00      0x14a C:\Users\ankit\AppData\Local\Temp\ccWvz1R2.o
                0x20104e00                ReLUNorm
 .text.BitMnistInference
                0x20104f4a      0x106 C:\Users\ankit\AppData\Local\Temp\ccWvz1R2.o
                0x20104f4a                BitMnistInference
 .text.display_banner
                0x20105050      0x10c C:\Users\ankit\AppData\Local\Temp\ccWvz1R2.o
                0x20105050                display_banner
 .text.timer_isr
                0x2010515c       0x30 C:\Users\ankit\AppData\Local\Temp\ccWvz1R2.o
                0x2010515c                timer_isr
 .text.wait_for_timer
                0x2010518c       0x7e C:\Users\ankit\AppData\Local\Temp\ccWvz1R2.o
                0x2010518c                wait_for_timer
 .text.main     0x2010520a      0x1fa C:\Users\ankit\AppData\Local\Temp\ccWvz1R2.o
                0x2010520a                main
 .text.printf   0x20105404       0x3e g:/vsd/fs/fs_installer/sifive/riscv64-unknown-elf-toolsuite-17.9.0-2023.10.0/bin/../lib/gcc/riscv64-unknown-elf/12.2.1/../../../../riscv64-unknown-elf/lib/rv32imac/ilp32\libc_nano.a(lib_a-printf.o)
                0x20105404                iprintf
                0x20105404                printf
 .text.putchar  0x20105442       0x2a g:/vsd/fs/fs_installer/sifive/riscv64-unknown-elf-toolsuite-17.9.0-2023.10.0/bin/../lib/gcc/riscv64-unknown-elf/12.2.1/../../../../riscv64-unknown-elf/lib/rv32imac/ilp32\libc_nano.a(lib_a-putchar.o)
                0x20105442                putchar
 .text._putc_r  0x2010546c       0x82 g:/vsd/fs/fs_installer/sifive/riscv64-unknown-elf-toolsuite-17.9.0-2023.10.0/bin/../lib/gcc/riscv64-unknown-elf/12.2.1/../../../../riscv64-unknown-elf/lib/rv32imac/ilp32\libc_nano.a(lib_a-putc.o)
                0x2010546c                _putc_r
 .text._puts_r  0x201054ee       0xe4 g:/vsd/fs/fs_installer/sifive/riscv64-unknown-elf-toolsuite-17.9.0-2023.10.0/bin/../lib/gcc/riscv64-unknown-elf/12.2.1/../../../../riscv64-unknown-elf/lib/rv32imac/ilp32\libc_nano.a(lib_a-puts.o)
                0x201054ee                _puts_r
 .text.puts     0x201055d2        0xc g:/vsd/fs/fs_installer/sifive/riscv64-unknown-elf-toolsuite-17.9.0-2023.10.0/bin/../lib/gcc/riscv64-unknown-elf/12.2.1/../../../../riscv64-unknown-elf/lib/rv32imac/ilp32\libc_nano.a(lib_a-puts.o)
                0x201055d2                puts
 .text.__swbuf_r
                0x201055de       0xc0 g:/vsd/fs/fs_installer/sifive/riscv64-unknown-elf-toolsuite-17.9.0-2023.10.0/bin/../lib/gcc/riscv64-unknown-elf/12.2.1/../../../../riscv64-unknown-elf/lib/rv32imac/ilp32\libc_nano.a(lib_a-wbuf.o)
                0x201055de                __swbuf_r
 .text.__swsetup_r
                0x2010569e       0xfe g:/vsd/fs/fs_installer/sifive/riscv64-unknown-elf-toolsuite-17.9.0-2023.10.0/bin/../lib/gcc/riscv64-unknown-elf/12.2.1/../../../../riscv64-unknown-elf/lib/rv32imac/ilp32\libc_nano.a(lib_a-wsetup.o)
                0x2010569e                __swsetup_r
 .text.__sflush_r
                0x2010579c      0x138 g:/vsd/fs/fs_installer/sifive/riscv64-unknown-elf-toolsuite-17.9.0-2023.10.0/bin/../lib/gcc/riscv64-unknown-elf/12.2.1/../../../../riscv64-unknown-elf/lib/rv32imac/ilp32\libc_nano.a(lib_a-fflush.o)
                0x2010579c                __sflush_r
 .text._fflush_r
                0x201058d4       0x64 g:/vsd/fs/fs_installer/sifive/riscv64-unknown-elf-toolsuite-17.9.0-2023.10.0/bin/../lib/gcc/riscv64-unknown-elf/12.2.1/../../../../riscv64-unknown-elf/lib/rv32imac/ilp32\libc_nano.a(lib_a-fflush.o)
                0x201058d4                _fflush_r
 .text.std      0x20105938       0x68 g:/vsd/fs/fs_installer/sifive/riscv64-unknown-elf-toolsuite-17.9.0-2023.10.0/bin/../lib/gcc/riscv64-unknown-elf/12.2.1/../../../../riscv64-unknown-elf/lib/rv32imac/ilp32\libc_nano.a(lib_a-findfp.o)
 .text._cleanup_r
                0x201059a0        0xa g:/vsd/fs/fs_installer/sifive/riscv64-unknown-elf-toolsuite-17.9.0-2023.10.0/bin/../lib/gcc/riscv64-unknown-elf/12.2.1/../../../../riscv64-unknown-elf/lib/rv32imac/ilp32\libc_nano.a(lib_a-findfp.o)
                0x201059a0                _cleanup_r
 .text.__sfmoreglue
                0x201059aa       0x44 g:/vsd/fs/fs_installer/sifive/riscv64-unknown-elf-toolsuite-17.9.0-2023.10.0/bin/../lib/gcc/riscv64-unknown-elf/12.2.1/../../../../riscv64-unknown-elf/lib/rv32imac/ilp32\libc_nano.a(lib_a-findfp.o)
                0x201059aa                __sfmoreglue
 .text.__sinit  0x201059ee       0x6a g:/vsd/fs/fs_installer/sifive/riscv64-unknown-elf-toolsuite-17.9.0-2023.10.0/bin/../lib/gcc/riscv64-unknown-elf/12.2.1/../../../../riscv64-unknown-elf/lib/rv32imac/ilp32\libc_nano.a(lib_a-findfp.o)
                0x201059ee                __sinit
 .text.__sfp    0x20105a58       0x9c g:/vsd/fs/fs_installer/sifive/riscv64-unknown-elf-toolsuite-17.9.0-2023.10.0/bin/../lib/gcc/riscv64-unknown-elf/12.2.1/../../../../riscv64-unknown-elf/lib/rv32imac/ilp32\libc_nano.a(lib_a-findfp.o)
                0x20105a58                __sfp
 .text._fwalk_reent
                0x20105af4       0x6a g:/vsd/fs/fs_installer/sifive/riscv64-unknown-elf-toolsuite-17.9.0-2023.10.0/bin/../lib/gcc/riscv64-unknown-elf/12.2.1/../../../../riscv64-unknown-elf/lib/rv32imac/ilp32\libc_nano.a(lib_a-fwalk.o)
                0x20105af4                _fwalk_reent
 .text.__swhatbuf_r
                0x20105b5e       0x5c g:/vsd/fs/fs_installer/sifive/riscv64-unknown-elf-toolsuite-17.9.0-2023.10.0/bin/../lib/gcc/riscv64-unknown-elf/12.2.1/../../../../riscv64-unknown-elf/lib/rv32imac/ilp32\libc_nano.a(lib_a-makebuf.o)
                0x20105b5e                __swhatbuf_r
 .text.__smakebuf_r
                0x20105bba       0xa2 g:/vsd/fs/fs_installer/sifive/riscv64-unknown-elf-toolsuite-17.9.0-2023.10.0/bin/../lib/gcc/riscv64-unknown-elf/12.2.1/../../../../riscv64-unknown-elf/lib/rv32imac/ilp32\libc_nano.a(lib_a-makebuf.o)
                0x20105bba                __smakebuf_r
 .text          0x20105c5c       0xa8 g:/vsd/fs/fs_installer/sifive/riscv64-unknown-elf-toolsuite-17.9.0-2023.10.0/bin/../lib/gcc/riscv64-unknown-elf/12.2.1/../../../../riscv64-unknown-elf/lib/rv32imac/ilp32\libc_nano.a(lib_a-memset.o)
                0x20105c5c                memset
 .text._free_r  0x20105d04       0x9e g:/vsd/fs/fs_installer/sifive/riscv64-unknown-elf-toolsuite-17.9.0-2023.10.0/bin/../lib/gcc/riscv64-unknown-elf/12.2.1/../../../../riscv64-unknown-elf/lib/rv32imac/ilp32\libc_nano.a(lib_a-nano-freer.o)
                0x20105d04                _free_r
 .text._malloc_r
                0x20105da2       0xd0 g:/vsd/fs/fs_installer/sifive/riscv64-unknown-elf-toolsuite-17.9.0-2023.10.0/bin/../lib/gcc/riscv64-unknown-elf/12.2.1/../../../../riscv64-unknown-elf/lib/rv32imac/ilp32\libc_nano.a(lib_a-nano-mallocr.o)
                0x20105da2                _malloc_r
 .text.__sfputc_r
                0x20105e72       0x2a g:/vsd/fs/fs_installer/sifive/riscv64-unknown-elf-toolsuite-17.9.0-2023.10.0/bin/../lib/gcc/riscv64-unknown-elf/12.2.1/../../../../riscv64-unknown-elf/lib/rv32imac/ilp32\libc_nano.a(lib_a-nano-vfprintf.o)
 .text.__sfputs_r
                0x20105e9c       0x42 g:/vsd/fs/fs_installer/sifive/riscv64-unknown-elf-toolsuite-17.9.0-2023.10.0/bin/../lib/gcc/riscv64-unknown-elf/12.2.1/../../../../riscv64-unknown-elf/lib/rv32imac/ilp32\libc_nano.a(lib_a-nano-vfprintf.o)
                0x20105e9c                __sfputs_r
 .text._vfprintf_r
                0x20105ede      0x294 g:/vsd/fs/fs_installer/sifive/riscv64-unknown-elf-toolsuite-17.9.0-2023.10.0/bin/../lib/gcc/riscv64-unknown-elf/12.2.1/../../../../riscv64-unknown-elf/lib/rv32imac/ilp32\libc_nano.a(lib_a-nano-vfprintf.o)
                0x20105ede                _vfprintf_r
                0x20105ede                _vfiprintf_r
 .text._sbrk_r  0x20106172       0x28 g:/vsd/fs/fs_installer/sifive/riscv64-unknown-elf-toolsuite-17.9.0-2023.10.0/bin/../lib/gcc/riscv64-unknown-elf/12.2.1/../../../../riscv64-unknown-elf/lib/rv32imac/ilp32\libc_nano.a(lib_a-sbrkr.o)
                0x20106172                _sbrk_r
 .text.__sread  0x2010619a       0x30 g:/vsd/fs/fs_installer/sifive/riscv64-unknown-elf-toolsuite-17.9.0-2023.10.0/bin/../lib/gcc/riscv64-unknown-elf/12.2.1/../../../../riscv64-unknown-elf/lib/rv32imac/ilp32\libc_nano.a(lib_a-stdio.o)
                0x2010619a                __sread
 .text.__swrite
                0x201061ca       0x4e g:/vsd/fs/fs_installer/sifive/riscv64-unknown-elf-toolsuite-17.9.0-2023.10.0/bin/../lib/gcc/riscv64-unknown-elf/12.2.1/../../../../riscv64-unknown-elf/lib/rv32imac/ilp32\libc_nano.a(lib_a-stdio.o)
                0x201061ca                __swrite
 .text.__sseek  0x20106218       0x36 g:/vsd/fs/fs_installer/sifive/riscv64-unknown-elf-toolsuite-17.9.0-2023.10.0/bin/../lib/gcc/riscv64-unknown-elf/12.2.1/../../../../riscv64-unknown-elf/lib/rv32imac/ilp32\libc_nano.a(lib_a-stdio.o)
                0x20106218                __sseek
 .text.__sclose
                0x2010624e        0x6 g:/vsd/fs/fs_installer/sifive/riscv64-unknown-elf-toolsuite-17.9.0-2023.10.0/bin/../lib/gcc/riscv64-unknown-elf/12.2.1/../../../../riscv64-unknown-elf/lib/rv32imac/ilp32\libc_nano.a(lib_a-stdio.o)
                0x2010624e                __sclose
 .text._write_r
                0x20106254       0x2c g:/vsd/fs/fs_installer/sifive/riscv64-unknown-elf-toolsuite-17.9.0-2023.10.0/bin/../lib/gcc/riscv64-unknown-elf/12.2.1/../../../../riscv64-unknown-elf/lib/rv32imac/ilp32\libc_nano.a(lib_a-writer.o)
                0x20106254                _write_r
 .text._close_r
                0x20106280       0x28 g:/vsd/fs/fs_installer/sifive/riscv64-unknown-elf-toolsuite-17.9.0-2023.10.0/bin/../lib/gcc/riscv64-unknown-elf/12.2.1/../../../../riscv64-unknown-elf/lib/rv32imac/ilp32\libc_nano.a(lib_a-closer.o)
                0x20106280                _close_r
 .text._fstat_r
                0x201062a8       0x2a g:/vsd/fs/fs_installer/sifive/riscv64-unknown-elf-toolsuite-17.9.0-2023.10.0/bin/../lib/gcc/riscv64-unknown-elf/12.2.1/../../../../riscv64-unknown-elf/lib/rv32imac/ilp32\libc_nano.a(lib_a-fstatr.o)
                0x201062a8                _fstat_r
 .text._isatty_r
                0x201062d2       0x28 g:/vsd/fs/fs_installer/sifive/riscv64-unknown-elf-toolsuite-17.9.0-2023.10.0/bin/../lib/gcc/riscv64-unknown-elf/12.2.1/../../../../riscv64-unknown-elf/lib/rv32imac/ilp32\libc_nano.a(lib_a-isattyr.o)
                0x201062d2                _isatty_r
 .text._lseek_r
                0x201062fa       0x2c g:/vsd/fs/fs_installer/sifive/riscv64-unknown-elf-toolsuite-17.9.0-2023.10.0/bin/../lib/gcc/riscv64-unknown-elf/12.2.1/../../../../riscv64-unknown-elf/lib/rv32imac/ilp32\libc_nano.a(lib_a-lseekr.o)
                0x201062fa                _lseek_r
 .text.memchr   0x20106326       0x1a g:/vsd/fs/fs_installer/sifive/riscv64-unknown-elf-toolsuite-17.9.0-2023.10.0/bin/../lib/gcc/riscv64-unknown-elf/12.2.1/../../../../riscv64-unknown-elf/lib/rv32imac/ilp32\libc_nano.a(lib_a-memchr.o)
                0x20106326                memchr
 .text.__malloc_lock
                0x20106340        0x2 g:/vsd/fs/fs_installer/sifive/riscv64-unknown-elf-toolsuite-17.9.0-2023.10.0/bin/../lib/gcc/riscv64-unknown-elf/12.2.1/../../../../riscv64-unknown-elf/lib/rv32imac/ilp32\libc_nano.a(lib_a-mlock.o)
                0x20106340                __malloc_lock
 .text.__malloc_unlock
                0x20106342        0x2 g:/vsd/fs/fs_installer/sifive/riscv64-unknown-elf-toolsuite-17.9.0-2023.10.0/bin/../lib/gcc/riscv64-unknown-elf/12.2.1/../../../../riscv64-unknown-elf/lib/rv32imac/ilp32\libc_nano.a(lib_a-mlock.o)
                0x20106342                __malloc_unlock
 .text._printf_common
                0x20106344      0x110 g:/vsd/fs/fs_installer/sifive/riscv64-unknown-elf-toolsuite-17.9.0-2023.10.0/bin/../lib/gcc/riscv64-unknown-elf/12.2.1/../../../../riscv64-unknown-elf/lib/rv32imac/ilp32\libc_nano.a(lib_a-nano-vfprintf_i.o)
                0x20106344                _printf_common
 .text._printf_i
                0x20106454      0x276 g:/vsd/fs/fs_installer/sifive/riscv64-unknown-elf-toolsuite-17.9.0-2023.10.0/bin/../lib/gcc/riscv64-unknown-elf/12.2.1/../../../../riscv64-unknown-elf/lib/rv32imac/ilp32\libc_nano.a(lib_a-nano-vfprintf_i.o)
                0x20106454                _printf_i
 .text._read_r  0x201066ca       0x2c g:/vsd/fs/fs_installer/sifive/riscv64-unknown-elf-toolsuite-17.9.0-2023.10.0/bin/../lib/gcc/riscv64-unknown-elf/12.2.1/../../../../riscv64-unknown-elf/lib/rv32imac/ilp32\libc_nano.a(lib_a-readr.o)
                0x201066ca                _read_r
 .text.metal_cpu_get_mtime
                0x201066f6       0x2a C:/fs3_vsd/projects/SiFive_BitNET_MCU/bsp/install/lib/debug/\libmetal.a(cpu.o)
                0x201066f6                metal_cpu_get_mtime
 .text.metal_cpu_set_mtimecmp
                0x20106720       0x36 C:/fs3_vsd/projects/SiFive_BitNET_MCU/bsp/install/lib/debug/\libmetal.a(cpu.o)
                0x20106720                metal_cpu_set_mtimecmp
 .text.metal_cpu_timer_interrupt_controller
                0x20106756       0x26 C:/fs3_vsd/projects/SiFive_BitNET_MCU/bsp/install/lib/debug/\libmetal.a(cpu.o)
                0x20106756                metal_cpu_timer_interrupt_controller
 .text.metal_cpu_timer_get_interrupt_id
                0x2010677c       0x26 C:/fs3_vsd/projects/SiFive_BitNET_MCU/bsp/install/lib/debug/\libmetal.a(cpu.o)
                0x2010677c                metal_cpu_timer_get_interrupt_id
 .text.metal_cpu_interrupt_controller
                0x201067a2       0x26 C:/fs3_vsd/projects/SiFive_BitNET_MCU/bsp/install/lib/debug/\libmetal.a(cpu.o)
                0x201067a2                metal_cpu_interrupt_controller
 .text.metal_cpu_get
                0x201067c8       0x2e C:/fs3_vsd/projects/SiFive_BitNET_MCU/bsp/install/lib/debug/\libmetal.a(cpu.o)
                0x201067c8                metal_cpu_get
 .text.metal_cpu_get_current_hartid
                0x201067f6       0x1a C:/fs3_vsd/projects/SiFive_BitNET_MCU/bsp/install/lib/debug/\libmetal.a(cpu.o)
                0x201067f6                metal_cpu_get_current_hartid
 .text.metal_interrupt_init
                0x20106810       0x24 C:/fs3_vsd/projects/SiFive_BitNET_MCU/bsp/install/lib/debug/\libmetal.a(interrupt.o)
                0x20106810                metal_interrupt_init
 .text.metal_interrupt_register_handler
                0x20106834       0x3e C:/fs3_vsd/projects/SiFive_BitNET_MCU/bsp/install/lib/debug/\libmetal.a(interrupt.o)
                0x20106834                metal_interrupt_register_handler
 .text.metal_interrupt_enable
                0x20106872       0x2e C:/fs3_vsd/projects/SiFive_BitNET_MCU/bsp/install/lib/debug/\libmetal.a(interrupt.o)
                0x20106872                metal_interrupt_enable
 .text.metal_interrupt_disable
                0x201068a0       0x2e C:/fs3_vsd/projects/SiFive_BitNET_MCU/bsp/install/lib/debug/\libmetal.a(interrupt.o)
                0x201068a0                metal_interrupt_disable
 .text.metal_led_enable
                0x201068ce       0x24 C:/fs3_vsd/projects/SiFive_BitNET_MCU/bsp/install/lib/debug/\libmetal.a(led.o)
                0x201068ce                metal_led_enable
 .text.metal_led_on
                0x201068f2       0x24 C:/fs3_vsd/projects/SiFive_BitNET_MCU/bsp/install/lib/debug/\libmetal.a(led.o)
                0x201068f2                metal_led_on
 .text.metal_led_off
                0x20106916       0x24 C:/fs3_vsd/projects/SiFive_BitNET_MCU/bsp/install/lib/debug/\libmetal.a(led.o)
                0x20106916                metal_led_off
 .text.metal_led_get_rgb
                0x2010693a       0x96 C:/fs3_vsd/projects/SiFive_BitNET_MCU/bsp/install/lib/debug/\libmetal.a(led.o)
                0x2010693a                metal_led_get_rgb
 .text.__metal_driver_sifive_clint0_control_base
                0x201069d0       0x2a C:/fs3_vsd/projects/SiFive_BitNET_MCU/bsp/install/lib/debug/\libmetal.a(riscv_clint0.o)
 .text.__metal_driver_sifive_clint0_num_interrupts
                0x201069fa       0x28 C:/fs3_vsd/projects/SiFive_BitNET_MCU/bsp/install/lib/debug/\libmetal.a(riscv_clint0.o)
 .text.__metal_driver_sifive_clint0_interrupt_parents
                0x20106a22       0x3c C:/fs3_vsd/projects/SiFive_BitNET_MCU/bsp/install/lib/debug/\libmetal.a(riscv_clint0.o)
 .text.__metal_driver_sifive_clint0_interrupt_lines
                0x20106a5e       0x30 C:/fs3_vsd/projects/SiFive_BitNET_MCU/bsp/install/lib/debug/\libmetal.a(riscv_clint0.o)
 .text.__metal_clint0_mtime_get
                0x20106a8e       0x9a C:/fs3_vsd/projects/SiFive_BitNET_MCU/bsp/install/lib/debug/\libmetal.a(riscv_clint0.o)
                0x20106a8e                __metal_clint0_mtime_get
 .text.__metal_driver_riscv_clint0_mtimecmp_set
                0x20106b28       0x96 C:/fs3_vsd/projects/SiFive_BitNET_MCU/bsp/install/lib/debug/\libmetal.a(riscv_clint0.o)
                0x20106b28                __metal_driver_riscv_clint0_mtimecmp_set
 .text._get_cpu_intc
                0x20106bbe       0x36 C:/fs3_vsd/projects/SiFive_BitNET_MCU/bsp/install/lib/debug/\libmetal.a(riscv_clint0.o)
 .text.__metal_driver_riscv_clint0_init
                0x20106bf4       0x88 C:/fs3_vsd/projects/SiFive_BitNET_MCU/bsp/install/lib/debug/\libmetal.a(riscv_clint0.o)
                0x20106bf4                __metal_driver_riscv_clint0_init
 .text.__metal_driver_riscv_clint0_register
                0x20106c7c       0xda C:/fs3_vsd/projects/SiFive_BitNET_MCU/bsp/install/lib/debug/\libmetal.a(riscv_clint0.o)
                0x20106c7c                __metal_driver_riscv_clint0_register
 .text.__metal_driver_riscv_clint0_vector_register
                0x20106d56       0x28 C:/fs3_vsd/projects/SiFive_BitNET_MCU/bsp/install/lib/debug/\libmetal.a(riscv_clint0.o)
                0x20106d56                __metal_driver_riscv_clint0_vector_register
 .text.__metal_driver_riscv_clint0_get_vector_mode
                0x20106d7e       0x1c C:/fs3_vsd/projects/SiFive_BitNET_MCU/bsp/install/lib/debug/\libmetal.a(riscv_clint0.o)
                0x20106d7e                __metal_driver_riscv_clint0_get_vector_mode
 .text.__metal_driver_riscv_clint0_set_vector_mode
                0x20106d9a       0x54 C:/fs3_vsd/projects/SiFive_BitNET_MCU/bsp/install/lib/debug/\libmetal.a(riscv_clint0.o)
                0x20106d9a                __metal_driver_riscv_clint0_set_vector_mode
 .text.__metal_driver_riscv_clint0_enable
                0x20106dee       0xb8 C:/fs3_vsd/projects/SiFive_BitNET_MCU/bsp/install/lib/debug/\libmetal.a(riscv_clint0.o)
                0x20106dee                __metal_driver_riscv_clint0_enable
 .text.__metal_driver_riscv_clint0_disable
                0x20106ea6       0xb8 C:/fs3_vsd/projects/SiFive_BitNET_MCU/bsp/install/lib/debug/\libmetal.a(riscv_clint0.o)
                0x20106ea6                __metal_driver_riscv_clint0_disable
 .text.__metal_driver_riscv_clint0_command_request
                0x20106f5e      0x140 C:/fs3_vsd/projects/SiFive_BitNET_MCU/bsp/install/lib/debug/\libmetal.a(riscv_clint0.o)
                0x20106f5e                __metal_driver_riscv_clint0_command_request
 .text.__metal_driver_riscv_clint0_clear_interrupt
                0x2010709e       0x34 C:/fs3_vsd/projects/SiFive_BitNET_MCU/bsp/install/lib/debug/\libmetal.a(riscv_clint0.o)
                0x2010709e                __metal_driver_riscv_clint0_clear_interrupt
 .text.__metal_driver_riscv_clint0_set_interrupt
                0x201070d2       0x34 C:/fs3_vsd/projects/SiFive_BitNET_MCU/bsp/install/lib/debug/\libmetal.a(riscv_clint0.o)
                0x201070d2                __metal_driver_riscv_clint0_set_interrupt
 .text.__metal_driver_cpu_hartid
                0x20107106       0x24 C:/fs3_vsd/projects/SiFive_BitNET_MCU/bsp/install/lib/debug/\libmetal.a(riscv_cpu.o)
 .text.__metal_driver_cpu_timebase
                0x2010712a       0x2a C:/fs3_vsd/projects/SiFive_BitNET_MCU/bsp/install/lib/debug/\libmetal.a(riscv_cpu.o)
 .text.__metal_driver_cpu_interrupt_controller
                0x20107154       0x2a C:/fs3_vsd/projects/SiFive_BitNET_MCU/bsp/install/lib/debug/\libmetal.a(riscv_cpu.o)
 .text.__metal_driver_cpu_buserror
                0x2010717e       0x24 C:/fs3_vsd/projects/SiFive_BitNET_MCU/bsp/install/lib/debug/\libmetal.a(riscv_cpu.o)
 .text.__metal_driver_cpu_get
                0x201071a2       0x30 C:/fs3_vsd/projects/SiFive_BitNET_MCU/bsp/install/lib/debug/\libmetal.a(riscv_cpu.o)
                0x201071a2                __metal_driver_cpu_get
 .text.__metal_myhart_id
                0x201071d2       0x1a C:/fs3_vsd/projects/SiFive_BitNET_MCU/bsp/install/lib/debug/\libmetal.a(riscv_cpu.o)
                0x201071d2                __metal_myhart_id
 .text.__metal_interrupt_global_enable
                0x201071ec       0x18 C:/fs3_vsd/projects/SiFive_BitNET_MCU/bsp/install/lib/debug/\libmetal.a(riscv_cpu.o)
                0x201071ec                __metal_interrupt_global_enable
 .text.__metal_interrupt_global_disable
                0x20107204       0x18 C:/fs3_vsd/projects/SiFive_BitNET_MCU/bsp/install/lib/debug/\libmetal.a(riscv_cpu.o)
                0x20107204                __metal_interrupt_global_disable
 .text.__metal_interrupt_software_enable
                0x2010721c       0x18 C:/fs3_vsd/projects/SiFive_BitNET_MCU/bsp/install/lib/debug/\libmetal.a(riscv_cpu.o)
                0x2010721c                __metal_interrupt_software_enable
 .text.__metal_interrupt_software_disable
                0x20107234       0x18 C:/fs3_vsd/projects/SiFive_BitNET_MCU/bsp/install/lib/debug/\libmetal.a(riscv_cpu.o)
                0x20107234                __metal_interrupt_software_disable
 .text.__metal_interrupt_timer_enable
                0x2010724c       0x1a C:/fs3_vsd/projects/SiFive_BitNET_MCU/bsp/install/lib/debug/\libmetal.a(riscv_cpu.o)
                0x2010724c                __metal_interrupt_timer_enable
 .text.__metal_interrupt_timer_disable
                0x20107266       0x1a C:/fs3_vsd/projects/SiFive_BitNET_MCU/bsp/install/lib/debug/\libmetal.a(riscv_cpu.o)
                0x20107266                __metal_interrupt_timer_disable
 .text.__metal_interrupt_external_enable
                0x20107280       0x1c C:/fs3_vsd/projects/SiFive_BitNET_MCU/bsp/install/lib/debug/\libmetal.a(riscv_cpu.o)
                0x20107280                __metal_interrupt_external_enable
 .text.__metal_interrupt_external_disable
                0x2010729c       0x1c C:/fs3_vsd/projects/SiFive_BitNET_MCU/bsp/install/lib/debug/\libmetal.a(riscv_cpu.o)
                0x2010729c                __metal_interrupt_external_disable
 .text.__metal_interrupt_local_enable
                0x201072b8       0x2c C:/fs3_vsd/projects/SiFive_BitNET_MCU/bsp/install/lib/debug/\libmetal.a(riscv_cpu.o)
                0x201072b8                __metal_interrupt_local_enable
 .text.__metal_interrupt_local_disable
                0x201072e4       0x2c C:/fs3_vsd/projects/SiFive_BitNET_MCU/bsp/install/lib/debug/\libmetal.a(riscv_cpu.o)
                0x201072e4                __metal_interrupt_local_disable
 .text.__metal_default_exception_handler
                0x20107310       0x18 C:/fs3_vsd/projects/SiFive_BitNET_MCU/bsp/install/lib/debug/\libmetal.a(riscv_cpu.o)
                0x20107310                __metal_default_exception_handler
 .text.__metal_default_interrupt_handler
                0x20107328       0x18 C:/fs3_vsd/projects/SiFive_BitNET_MCU/bsp/install/lib/debug/\libmetal.a(riscv_cpu.o)
                0x20107328                __metal_default_interrupt_handler
 .text.metal_interrupt_vector_handler
                0x20107340       0x2e C:/fs3_vsd/projects/SiFive_BitNET_MCU/bsp/install/lib/debug/\libmetal.a(riscv_cpu.o)
                0x20107340                metal_interrupt_vector_handler
 .text.metal_software_interrupt_vector_handler
                0x2010736e       0x92 C:/fs3_vsd/projects/SiFive_BitNET_MCU/bsp/install/lib/debug/\libmetal.a(riscv_cpu.o)
                0x2010736e                metal_software_interrupt_vector_handler
 .text.__metal_default_sw_handler
                0x20107400       0x68 C:/fs3_vsd/projects/SiFive_BitNET_MCU/bsp/install/lib/debug/\libmetal.a(riscv_cpu.o)
                0x20107400                __metal_default_sw_handler
 .text.metal_timer_interrupt_vector_handler
                0x20107468       0x94 C:/fs3_vsd/projects/SiFive_BitNET_MCU/bsp/install/lib/debug/\libmetal.a(riscv_cpu.o)
                0x20107468                metal_timer_interrupt_vector_handler
 .text.__metal_default_beu_handler
                0x201074fc       0x16 C:/fs3_vsd/projects/SiFive_BitNET_MCU/bsp/install/lib/debug/\libmetal.a(riscv_cpu.o)
                0x201074fc                __metal_default_beu_handler
 .text.__metal_default_timer_handler
                0x20107512       0x6a C:/fs3_vsd/projects/SiFive_BitNET_MCU/bsp/install/lib/debug/\libmetal.a(riscv_cpu.o)
                0x20107512                __metal_default_timer_handler
 *fill*         0x2010757c        0x4 
 .text.__metal_exception_handler
                0x20107580      0x1fa C:/fs3_vsd/projects/SiFive_BitNET_MCU/bsp/install/lib/debug/\libmetal.a(riscv_cpu.o)
                0x20107580                __metal_exception_handler
 .text.metal_lc0_interrupt_vector_handler
                0x2010777a       0x96 C:/fs3_vsd/projects/SiFive_BitNET_MCU/bsp/install/lib/debug/\libmetal.a(riscv_cpu.o)
                0x2010777a                metal_lc0_interrupt_vector_handler
 .text.metal_lc1_interrupt_vector_handler
                0x20107810       0x96 C:/fs3_vsd/projects/SiFive_BitNET_MCU/bsp/install/lib/debug/\libmetal.a(riscv_cpu.o)
                0x20107810                metal_lc1_interrupt_vector_handler
 .text.metal_lc2_interrupt_vector_handler
                0x201078a6       0x96 C:/fs3_vsd/projects/SiFive_BitNET_MCU/bsp/install/lib/debug/\libmetal.a(riscv_cpu.o)
                0x201078a6                metal_lc2_interrupt_vector_handler
 .text.metal_lc3_interrupt_vector_handler
                0x2010793c       0x96 C:/fs3_vsd/projects/SiFive_BitNET_MCU/bsp/install/lib/debug/\libmetal.a(riscv_cpu.o)
                0x2010793c                metal_lc3_interrupt_vector_handler
 .text.metal_lc4_interrupt_vector_handler
                0x201079d2       0x96 C:/fs3_vsd/projects/SiFive_BitNET_MCU/bsp/install/lib/debug/\libmetal.a(riscv_cpu.o)
                0x201079d2                metal_lc4_interrupt_vector_handler
 .text.metal_lc5_interrupt_vector_handler
                0x20107a68       0x96 C:/fs3_vsd/projects/SiFive_BitNET_MCU/bsp/install/lib/debug/\libmetal.a(riscv_cpu.o)
                0x20107a68                metal_lc5_interrupt_vector_handler
 .text.metal_lc6_interrupt_vector_handler
                0x20107afe       0x96 C:/fs3_vsd/projects/SiFive_BitNET_MCU/bsp/install/lib/debug/\libmetal.a(riscv_cpu.o)
                0x20107afe                metal_lc6_interrupt_vector_handler
 .text.metal_lc7_interrupt_vector_handler
                0x20107b94       0x96 C:/fs3_vsd/projects/SiFive_BitNET_MCU/bsp/install/lib/debug/\libmetal.a(riscv_cpu.o)
                0x20107b94                metal_lc7_interrupt_vector_handler
 .text.metal_lc8_interrupt_vector_handler
                0x20107c2a       0x96 C:/fs3_vsd/projects/SiFive_BitNET_MCU/bsp/install/lib/debug/\libmetal.a(riscv_cpu.o)
                0x20107c2a                metal_lc8_interrupt_vector_handler
 .text.metal_lc9_interrupt_vector_handler
                0x20107cc0       0x96 C:/fs3_vsd/projects/SiFive_BitNET_MCU/bsp/install/lib/debug/\libmetal.a(riscv_cpu.o)
                0x20107cc0                metal_lc9_interrupt_vector_handler
 .text.metal_lc10_interrupt_vector_handler
                0x20107d56       0x96 C:/fs3_vsd/projects/SiFive_BitNET_MCU/bsp/install/lib/debug/\libmetal.a(riscv_cpu.o)
                0x20107d56                metal_lc10_interrupt_vector_handler
 .text.metal_lc11_interrupt_vector_handler
                0x20107dec       0x96 C:/fs3_vsd/projects/SiFive_BitNET_MCU/bsp/install/lib/debug/\libmetal.a(riscv_cpu.o)
                0x20107dec                metal_lc11_interrupt_vector_handler
 .text.metal_lc12_interrupt_vector_handler
                0x20107e82       0x96 C:/fs3_vsd/projects/SiFive_BitNET_MCU/bsp/install/lib/debug/\libmetal.a(riscv_cpu.o)
                0x20107e82                metal_lc12_interrupt_vector_handler
 .text.metal_lc13_interrupt_vector_handler
                0x20107f18       0x96 C:/fs3_vsd/projects/SiFive_BitNET_MCU/bsp/install/lib/debug/\libmetal.a(riscv_cpu.o)
                0x20107f18                metal_lc13_interrupt_vector_handler
 .text.metal_lc14_interrupt_vector_handler
                0x20107fae       0x96 C:/fs3_vsd/projects/SiFive_BitNET_MCU/bsp/install/lib/debug/\libmetal.a(riscv_cpu.o)
                0x20107fae                metal_lc14_interrupt_vector_handler
 .text.metal_lc15_interrupt_vector_handler
                0x20108044       0x96 C:/fs3_vsd/projects/SiFive_BitNET_MCU/bsp/install/lib/debug/\libmetal.a(riscv_cpu.o)
                0x20108044                metal_lc15_interrupt_vector_handler
 .text.__metal_controller_interrupt_vector_mode
                0x201080da       0x58 C:/fs3_vsd/projects/SiFive_BitNET_MCU/bsp/install/lib/debug/\libmetal.a(riscv_cpu.o)
                0x201080da                __metal_controller_interrupt_vector_mode
 .text.__metal_controller_interrupt_vector
                0x20108132       0xb2 C:/fs3_vsd/projects/SiFive_BitNET_MCU/bsp/install/lib/debug/\libmetal.a(riscv_cpu.o)
                0x20108132                __metal_controller_interrupt_vector
 .text.__metal_valid_interrupt_id
                0x201081e4       0x56 C:/fs3_vsd/projects/SiFive_BitNET_MCU/bsp/install/lib/debug/\libmetal.a(riscv_cpu.o)
                0x201081e4                __metal_valid_interrupt_id
 .text.__metal_local_interrupt_enable
                0x2010823a       0xbc C:/fs3_vsd/projects/SiFive_BitNET_MCU/bsp/install/lib/debug/\libmetal.a(riscv_cpu.o)
                0x2010823a                __metal_local_interrupt_enable
 .text.__metal_exception_register
                0x201082f6       0x4e C:/fs3_vsd/projects/SiFive_BitNET_MCU/bsp/install/lib/debug/\libmetal.a(riscv_cpu.o)
                0x201082f6                __metal_exception_register
 .text.__metal_driver_riscv_cpu_controller_interrupt_init
                0x20108344       0xe4 C:/fs3_vsd/projects/SiFive_BitNET_MCU/bsp/install/lib/debug/\libmetal.a(riscv_cpu.o)
                0x20108344                __metal_driver_riscv_cpu_controller_interrupt_init
 .text.__metal_driver_riscv_cpu_controller_interrupt_register
                0x20108428      0x1e4 C:/fs3_vsd/projects/SiFive_BitNET_MCU/bsp/install/lib/debug/\libmetal.a(riscv_cpu.o)
                0x20108428                __metal_driver_riscv_cpu_controller_interrupt_register
 .text.__metal_driver_riscv_cpu_controller_interrupt_enable
                0x2010860c       0x2c C:/fs3_vsd/projects/SiFive_BitNET_MCU/bsp/install/lib/debug/\libmetal.a(riscv_cpu.o)
                0x2010860c                __metal_driver_riscv_cpu_controller_interrupt_enable
 .text.__metal_driver_riscv_cpu_controller_interrupt_disable
                0x20108638       0x2c C:/fs3_vsd/projects/SiFive_BitNET_MCU/bsp/install/lib/debug/\libmetal.a(riscv_cpu.o)
                0x20108638                __metal_driver_riscv_cpu_controller_interrupt_disable
 .text.__metal_driver_riscv_cpu_controller_get_vector_mode
                0x20108664       0x1c C:/fs3_vsd/projects/SiFive_BitNET_MCU/bsp/install/lib/debug/\libmetal.a(riscv_cpu.o)
                0x20108664                __metal_driver_riscv_cpu_controller_get_vector_mode
 .text.__metal_driver_riscv_cpu_controller_set_vector_mode
                0x20108680       0x54 C:/fs3_vsd/projects/SiFive_BitNET_MCU/bsp/install/lib/debug/\libmetal.a(riscv_cpu.o)
                0x20108680                __metal_driver_riscv_cpu_controller_set_vector_mode
 .text.__metal_driver_riscv_cpu_controller_command_request
                0x201086d4       0x1c C:/fs3_vsd/projects/SiFive_BitNET_MCU/bsp/install/lib/debug/\libmetal.a(riscv_cpu.o)
                0x201086d4                __metal_driver_riscv_cpu_controller_command_request
 .text.__metal_driver_cpu_mcycle_get
                0x201086f0       0x70 C:/fs3_vsd/projects/SiFive_BitNET_MCU/bsp/install/lib/debug/\libmetal.a(riscv_cpu.o)
                0x201086f0                __metal_driver_cpu_mcycle_get
 .text.__metal_driver_cpu_timebase_get
                0x20108760       0x46 C:/fs3_vsd/projects/SiFive_BitNET_MCU/bsp/install/lib/debug/\libmetal.a(riscv_cpu.o)
                0x20108760                __metal_driver_cpu_timebase_get
 .text.__metal_driver_cpu_mtime_get
                0x201087a6       0x66 C:/fs3_vsd/projects/SiFive_BitNET_MCU/bsp/install/lib/debug/\libmetal.a(riscv_cpu.o)
                0x201087a6                __metal_driver_cpu_mtime_get
 .text.__metal_driver_cpu_mtimecmp_set
                0x2010880c       0x76 C:/fs3_vsd/projects/SiFive_BitNET_MCU/bsp/install/lib/debug/\libmetal.a(riscv_cpu.o)
                0x2010880c                __metal_driver_cpu_mtimecmp_set
 .text.__metal_driver_cpu_timer_controller_interrupt
                0x20108882       0x1a C:/fs3_vsd/projects/SiFive_BitNET_MCU/bsp/install/lib/debug/\libmetal.a(riscv_cpu.o)
                0x20108882                __metal_driver_cpu_timer_controller_interrupt
 .text.__metal_driver_cpu_get_timer_interrupt_id
                0x2010889c       0x14 C:/fs3_vsd/projects/SiFive_BitNET_MCU/bsp/install/lib/debug/\libmetal.a(riscv_cpu.o)
                0x2010889c                __metal_driver_cpu_get_timer_interrupt_id
 .text.__metal_driver_cpu_sw_controller_interrupt
                0x201088b0       0x1a C:/fs3_vsd/projects/SiFive_BitNET_MCU/bsp/install/lib/debug/\libmetal.a(riscv_cpu.o)
                0x201088b0                __metal_driver_cpu_sw_controller_interrupt
 .text.__metal_driver_cpu_get_sw_interrupt_id
                0x201088ca       0x14 C:/fs3_vsd/projects/SiFive_BitNET_MCU/bsp/install/lib/debug/\libmetal.a(riscv_cpu.o)
                0x201088ca                __metal_driver_cpu_get_sw_interrupt_id
 .text.__metal_driver_cpu_set_sw_ipi
                0x201088de       0x62 C:/fs3_vsd/projects/SiFive_BitNET_MCU/bsp/install/lib/debug/\libmetal.a(riscv_cpu.o)
                0x201088de                __metal_driver_cpu_set_sw_ipi
 .text.__metal_driver_cpu_clear_sw_ipi
                0x20108940       0x62 C:/fs3_vsd/projects/SiFive_BitNET_MCU/bsp/install/lib/debug/\libmetal.a(riscv_cpu.o)
                0x20108940                __metal_driver_cpu_clear_sw_ipi
 .text.__metal_driver_cpu_get_msip
                0x201089a2       0x60 C:/fs3_vsd/projects/SiFive_BitNET_MCU/bsp/install/lib/debug/\libmetal.a(riscv_cpu.o)
                0x201089a2                __metal_driver_cpu_get_msip
 .text.__metal_driver_cpu_controller_interrupt
                0x20108a02       0x20 C:/fs3_vsd/projects/SiFive_BitNET_MCU/bsp/install/lib/debug/\libmetal.a(riscv_cpu.o)
                0x20108a02                __metal_driver_cpu_controller_interrupt
 .text.__metal_driver_cpu_exception_register
                0x20108a22       0x46 C:/fs3_vsd/projects/SiFive_BitNET_MCU/bsp/install/lib/debug/\libmetal.a(riscv_cpu.o)
                0x20108a22                __metal_driver_cpu_exception_register
 .text.__metal_driver_cpu_get_instruction_length
                0x20108a68       0x2e C:/fs3_vsd/projects/SiFive_BitNET_MCU/bsp/install/lib/debug/\libmetal.a(riscv_cpu.o)
                0x20108a68                __metal_driver_cpu_get_instruction_length
 .text.__metal_driver_cpu_get_exception_pc
                0x20108a96       0x1e C:/fs3_vsd/projects/SiFive_BitNET_MCU/bsp/install/lib/debug/\libmetal.a(riscv_cpu.o)
                0x20108a96                __metal_driver_cpu_get_exception_pc
 .text.__metal_driver_cpu_set_exception_pc
                0x20108ab4       0x20 C:/fs3_vsd/projects/SiFive_BitNET_MCU/bsp/install/lib/debug/\libmetal.a(riscv_cpu.o)
                0x20108ab4                __metal_driver_cpu_set_exception_pc
 .text.__metal_driver_cpu_get_buserror
                0x20108ad4       0x20 C:/fs3_vsd/projects/SiFive_BitNET_MCU/bsp/install/lib/debug/\libmetal.a(riscv_cpu.o)
                0x20108ad4                __metal_driver_cpu_get_buserror
 .text.__metal_driver_sifive_plic0_control_base
                0x20108af4       0x2a C:/fs3_vsd/projects/SiFive_BitNET_MCU/bsp/install/lib/debug/\libmetal.a(riscv_plic0.o)
 .text.__metal_driver_sifive_plic0_num_interrupts
                0x20108b1e       0x2a C:/fs3_vsd/projects/SiFive_BitNET_MCU/bsp/install/lib/debug/\libmetal.a(riscv_plic0.o)
 .text.__metal_driver_sifive_plic0_max_priority
                0x20108b48       0x28 C:/fs3_vsd/projects/SiFive_BitNET_MCU/bsp/install/lib/debug/\libmetal.a(riscv_plic0.o)
 .text.__metal_driver_sifive_plic0_interrupt_parents
                0x20108b70       0x28 C:/fs3_vsd/projects/SiFive_BitNET_MCU/bsp/install/lib/debug/\libmetal.a(riscv_plic0.o)
 .text.__metal_driver_sifive_plic0_interrupt_lines
                0x20108b98       0x22 C:/fs3_vsd/projects/SiFive_BitNET_MCU/bsp/install/lib/debug/\libmetal.a(riscv_plic0.o)
 .text.__metal_driver_sifive_plic0_context_ids
                0x20108bba       0x1e C:/fs3_vsd/projects/SiFive_BitNET_MCU/bsp/install/lib/debug/\libmetal.a(riscv_plic0.o)
 .text.__metal_plic0_claim_interrupt
                0x20108bd8       0x3c C:/fs3_vsd/projects/SiFive_BitNET_MCU/bsp/install/lib/debug/\libmetal.a(riscv_plic0.o)
                0x20108bd8                __metal_plic0_claim_interrupt
 .text.__metal_plic0_complete_interrupt
                0x20108c14       0x46 C:/fs3_vsd/projects/SiFive_BitNET_MCU/bsp/install/lib/debug/\libmetal.a(riscv_plic0.o)
                0x20108c14                __metal_plic0_complete_interrupt
 .text.__metal_plic0_set_threshold
                0x20108c5a       0x48 C:/fs3_vsd/projects/SiFive_BitNET_MCU/bsp/install/lib/debug/\libmetal.a(riscv_plic0.o)
                0x20108c5a                __metal_plic0_set_threshold
 .text.__metal_plic0_get_threshold
                0x20108ca2       0x3c C:/fs3_vsd/projects/SiFive_BitNET_MCU/bsp/install/lib/debug/\libmetal.a(riscv_plic0.o)
                0x20108ca2                __metal_plic0_get_threshold
 .text.__metal_driver_riscv_plic0_set_priority
                0x20108cde       0x66 C:/fs3_vsd/projects/SiFive_BitNET_MCU/bsp/install/lib/debug/\libmetal.a(riscv_plic0.o)
                0x20108cde                __metal_driver_riscv_plic0_set_priority
 .text.__metal_driver_riscv_plic0_get_priority
                0x20108d44       0x36 C:/fs3_vsd/projects/SiFive_BitNET_MCU/bsp/install/lib/debug/\libmetal.a(riscv_plic0.o)
                0x20108d44                __metal_driver_riscv_plic0_get_priority
 .text.__metal_plic0_enable
                0x20108d7a       0xa4 C:/fs3_vsd/projects/SiFive_BitNET_MCU/bsp/install/lib/debug/\libmetal.a(riscv_plic0.o)
                0x20108d7a                __metal_plic0_enable
 .text.__metal_plic0_default_handler
                0x20108e1e       0x18 C:/fs3_vsd/projects/SiFive_BitNET_MCU/bsp/install/lib/debug/\libmetal.a(riscv_plic0.o)
                0x20108e1e                __metal_plic0_default_handler
 .text.__metal_plic0_handler
                0x20108e36       0xa8 C:/fs3_vsd/projects/SiFive_BitNET_MCU/bsp/install/lib/debug/\libmetal.a(riscv_plic0.o)
                0x20108e36                __metal_plic0_handler
 .text.__metal_driver_riscv_plic0_init
                0x20108ede      0x15c C:/fs3_vsd/projects/SiFive_BitNET_MCU/bsp/install/lib/debug/\libmetal.a(riscv_plic0.o)
                0x20108ede                __metal_driver_riscv_plic0_init
 .text.__metal_driver_riscv_plic0_register
                0x2010903a       0xc2 C:/fs3_vsd/projects/SiFive_BitNET_MCU/bsp/install/lib/debug/\libmetal.a(riscv_plic0.o)
                0x2010903a                __metal_driver_riscv_plic0_register
 .text.__metal_driver_riscv_plic0_enable
                0x201090fc       0x50 C:/fs3_vsd/projects/SiFive_BitNET_MCU/bsp/install/lib/debug/\libmetal.a(riscv_plic0.o)
                0x201090fc                __metal_driver_riscv_plic0_enable
 .text.__metal_driver_riscv_plic0_disable
                0x2010914c       0x50 C:/fs3_vsd/projects/SiFive_BitNET_MCU/bsp/install/lib/debug/\libmetal.a(riscv_plic0.o)
                0x2010914c                __metal_driver_riscv_plic0_disable
 .text.__metal_driver_riscv_plic0_set_threshold
                0x2010919c       0x30 C:/fs3_vsd/projects/SiFive_BitNET_MCU/bsp/install/lib/debug/\libmetal.a(riscv_plic0.o)
                0x2010919c                __metal_driver_riscv_plic0_set_threshold
 .text.__metal_driver_riscv_plic0_get_threshold
                0x201091cc       0x28 C:/fs3_vsd/projects/SiFive_BitNET_MCU/bsp/install/lib/debug/\libmetal.a(riscv_plic0.o)
                0x201091cc                __metal_driver_riscv_plic0_get_threshold
 .text.__metal_driver_riscv_plic0_affinity_enable
                0x201091f4       0x9c C:/fs3_vsd/projects/SiFive_BitNET_MCU/bsp/install/lib/debug/\libmetal.a(riscv_plic0.o)
                0x201091f4                __metal_driver_riscv_plic0_affinity_enable
 .text.__metal_driver_riscv_plic0_affinity_disable
                0x20109290       0x9c C:/fs3_vsd/projects/SiFive_BitNET_MCU/bsp/install/lib/debug/\libmetal.a(riscv_plic0.o)
                0x20109290                __metal_driver_riscv_plic0_affinity_disable
 .text.__metal_driver_riscv_plic0_affinity_set_threshold
                0x2010932c       0x74 C:/fs3_vsd/projects/SiFive_BitNET_MCU/bsp/install/lib/debug/\libmetal.a(riscv_plic0.o)
                0x2010932c                __metal_driver_riscv_plic0_affinity_set_threshold
 .text.__metal_driver_riscv_plic0_affinity_get_threshold
                0x201093a0       0x28 C:/fs3_vsd/projects/SiFive_BitNET_MCU/bsp/install/lib/debug/\libmetal.a(riscv_plic0.o)
                0x201093a0                __metal_driver_riscv_plic0_affinity_get_threshold
 .text.__metal_driver_sifive_fe310_g000_hfrosc_ref
                0x201093c8       0x1a C:/fs3_vsd/projects/SiFive_BitNET_MCU/bsp/install/lib/debug/\libmetal.a(sifive_fe310-g000_hfrosc.o)
 .text.__metal_driver_sifive_fe310_g000_hfrosc_config_base
                0x201093e2       0x16 C:/fs3_vsd/projects/SiFive_BitNET_MCU/bsp/install/lib/debug/\libmetal.a(sifive_fe310-g000_hfrosc.o)
 .text.__metal_driver_sifive_fe310_g000_hfrosc_config_offset
                0x201093f8       0x14 C:/fs3_vsd/projects/SiFive_BitNET_MCU/bsp/install/lib/debug/\libmetal.a(sifive_fe310-g000_hfrosc.o)
 .text.__metal_driver_sifive_fe310_g000_prci_vtable
                0x2010940c       0x16 C:/fs3_vsd/projects/SiFive_BitNET_MCU/bsp/install/lib/debug/\libmetal.a(sifive_fe310-g000_hfrosc.o)
 .text.__metal_driver_sifive_fe310_g000_hfrosc_get_rate_hz
                0x20109422       0x84 C:/fs3_vsd/projects/SiFive_BitNET_MCU/bsp/install/lib/debug/\libmetal.a(sifive_fe310-g000_hfrosc.o)
                0x20109422                __metal_driver_sifive_fe310_g000_hfrosc_get_rate_hz
 .text.__metal_driver_sifive_fe310_g000_hfrosc_set_rate_hz
                0x201094a6       0x22 C:/fs3_vsd/projects/SiFive_BitNET_MCU/bsp/install/lib/debug/\libmetal.a(sifive_fe310-g000_hfrosc.o)
                0x201094a6                __metal_driver_sifive_fe310_g000_hfrosc_set_rate_hz
 .text.__metal_driver_sifive_fe310_g000_hfxosc_ref
                0x201094c8       0x1a C:/fs3_vsd/projects/SiFive_BitNET_MCU/bsp/install/lib/debug/\libmetal.a(sifive_fe310-g000_hfxosc.o)
 .text.__metal_driver_sifive_fe310_g000_hfxosc_config_base
                0x201094e2       0x16 C:/fs3_vsd/projects/SiFive_BitNET_MCU/bsp/install/lib/debug/\libmetal.a(sifive_fe310-g000_hfxosc.o)
 .text.__metal_driver_sifive_fe310_g000_hfxosc_config_offset
                0x201094f8       0x14 C:/fs3_vsd/projects/SiFive_BitNET_MCU/bsp/install/lib/debug/\libmetal.a(sifive_fe310-g000_hfxosc.o)
 .text.__metal_driver_sifive_fe310_g000_prci_vtable
                0x2010950c       0x16 C:/fs3_vsd/projects/SiFive_BitNET_MCU/bsp/install/lib/debug/\libmetal.a(sifive_fe310-g000_hfxosc.o)
 .text.__metal_driver_sifive_fe310_g000_hfxosc_get_rate_hz
                0x20109522       0x74 C:/fs3_vsd/projects/SiFive_BitNET_MCU/bsp/install/lib/debug/\libmetal.a(sifive_fe310-g000_hfxosc.o)
                0x20109522                __metal_driver_sifive_fe310_g000_hfxosc_get_rate_hz
 .text.__metal_driver_sifive_fe310_g000_hfxosc_set_rate_hz
                0x20109596       0x22 C:/fs3_vsd/projects/SiFive_BitNET_MCU/bsp/install/lib/debug/\libmetal.a(sifive_fe310-g000_hfxosc.o)
                0x20109596                __metal_driver_sifive_fe310_g000_hfxosc_set_rate_hz
 .text.__metal_driver_sifive_fe310_g000_pll_pllsel0
                0x201095b8       0x1a C:/fs3_vsd/projects/SiFive_BitNET_MCU/bsp/install/lib/debug/\libmetal.a(sifive_fe310-g000_pll.o)
 .text.__metal_driver_sifive_fe310_g000_pll_pllref
                0x201095d2       0x1a C:/fs3_vsd/projects/SiFive_BitNET_MCU/bsp/install/lib/debug/\libmetal.a(sifive_fe310-g000_pll.o)
 .text.__metal_driver_sifive_fe310_g000_pll_divider_base
                0x201095ec       0x16 C:/fs3_vsd/projects/SiFive_BitNET_MCU/bsp/install/lib/debug/\libmetal.a(sifive_fe310-g000_pll.o)
 .text.__metal_driver_sifive_fe310_g000_pll_divider_offset
                0x20109602       0x14 C:/fs3_vsd/projects/SiFive_BitNET_MCU/bsp/install/lib/debug/\libmetal.a(sifive_fe310-g000_pll.o)
 .text.__metal_driver_sifive_fe310_g000_pll_config_base
                0x20109616       0x12 C:/fs3_vsd/projects/SiFive_BitNET_MCU/bsp/install/lib/debug/\libmetal.a(sifive_fe310-g000_pll.o)
 .text.__metal_driver_sifive_fe310_g000_pll_config_offset
                0x20109628       0x10 C:/fs3_vsd/projects/SiFive_BitNET_MCU/bsp/install/lib/debug/\libmetal.a(sifive_fe310-g000_pll.o)
 .text.__metal_driver_sifive_fe310_g000_pll_init_rate
                0x20109638       0x16 C:/fs3_vsd/projects/SiFive_BitNET_MCU/bsp/install/lib/debug/\libmetal.a(sifive_fe310-g000_pll.o)
 .text.__metal_driver_sifive_fe310_g000_prci_base
                0x2010964e       0x12 C:/fs3_vsd/projects/SiFive_BitNET_MCU/bsp/install/lib/debug/\libmetal.a(sifive_fe310-g000_pll.o)
 .text.__metal_driver_sifive_fe310_g000_prci_vtable
                0x20109660       0x16 C:/fs3_vsd/projects/SiFive_BitNET_MCU/bsp/install/lib/debug/\libmetal.a(sifive_fe310-g000_pll.o)
 .text.get_pll_config_freq
                0x20109676       0x4e C:/fs3_vsd/projects/SiFive_BitNET_MCU/bsp/install/lib/debug/\libmetal.a(sifive_fe310-g000_pll.o)
 .text.__metal_driver_sifive_fe310_g000_pll_init
                0x201096c4       0xac C:/fs3_vsd/projects/SiFive_BitNET_MCU/bsp/install/lib/debug/\libmetal.a(sifive_fe310-g000_pll.o)
                0x201096c4                __metal_driver_sifive_fe310_g000_pll_init
 .text.__metal_driver_sifive_fe310_g000_pll_get_rate_hz
                0x20109770      0x17e C:/fs3_vsd/projects/SiFive_BitNET_MCU/bsp/install/lib/debug/\libmetal.a(sifive_fe310-g000_pll.o)
                0x20109770                __metal_driver_sifive_fe310_g000_pll_get_rate_hz
 .text.find_closest_config
                0x201098ee       0xaa C:/fs3_vsd/projects/SiFive_BitNET_MCU/bsp/install/lib/debug/\libmetal.a(sifive_fe310-g000_pll.o)
 .text.configure_pll
                0x20109998      0x1b0 C:/fs3_vsd/projects/SiFive_BitNET_MCU/bsp/install/lib/debug/\libmetal.a(sifive_fe310-g000_pll.o)
 .text.__metal_driver_sifive_fe310_g000_pll_set_rate_hz
                0x20109b48      0x166 C:/fs3_vsd/projects/SiFive_BitNET_MCU/bsp/install/lib/debug/\libmetal.a(sifive_fe310-g000_pll.o)
                0x20109b48                __metal_driver_sifive_fe310_g000_pll_set_rate_hz
 .text.__metal_driver_sifive_fe310_g000_prci_base
                0x20109cae       0x12 C:/fs3_vsd/projects/SiFive_BitNET_MCU/bsp/install/lib/debug/\libmetal.a(sifive_fe310-g000_prci.o)
 .text.__metal_driver_sifive_fe310_g000_prci_get_reg
                0x20109cc0       0x2e C:/fs3_vsd/projects/SiFive_BitNET_MCU/bsp/install/lib/debug/\libmetal.a(sifive_fe310-g000_prci.o)
                0x20109cc0                __metal_driver_sifive_fe310_g000_prci_get_reg
 .text.__metal_driver_sifive_fe310_g000_prci_set_reg
                0x20109cee       0x3a C:/fs3_vsd/projects/SiFive_BitNET_MCU/bsp/install/lib/debug/\libmetal.a(sifive_fe310-g000_prci.o)
                0x20109cee                __metal_driver_sifive_fe310_g000_prci_set_reg
 .text.__metal_driver_sifive_gpio_led_gpio
                0x20109d28       0x4a C:/fs3_vsd/projects/SiFive_BitNET_MCU/bsp/install/lib/debug/\libmetal.a(sifive_gpio-leds.o)
 .text.__metal_driver_sifive_gpio_led_pin
                0x20109d72       0x44 C:/fs3_vsd/projects/SiFive_BitNET_MCU/bsp/install/lib/debug/\libmetal.a(sifive_gpio-leds.o)
 .text.__metal_driver_sifive_gpio_led_label
                0x20109db6       0x5c C:/fs3_vsd/projects/SiFive_BitNET_MCU/bsp/install/lib/debug/\libmetal.a(sifive_gpio-leds.o)
 .text.__metal_driver_led_exist
                0x20109e12       0x38 C:/fs3_vsd/projects/SiFive_BitNET_MCU/bsp/install/lib/debug/\libmetal.a(sifive_gpio-leds.o)
                0x20109e12                __metal_driver_led_exist
 .text.__metal_driver_led_enable
                0x20109e4a       0x4c C:/fs3_vsd/projects/SiFive_BitNET_MCU/bsp/install/lib/debug/\libmetal.a(sifive_gpio-leds.o)
                0x20109e4a                __metal_driver_led_enable
 .text.__metal_driver_led_on
                0x20109e96       0x42 C:/fs3_vsd/projects/SiFive_BitNET_MCU/bsp/install/lib/debug/\libmetal.a(sifive_gpio-leds.o)
                0x20109e96                __metal_driver_led_on
 .text.__metal_driver_led_off
                0x20109ed8       0x42 C:/fs3_vsd/projects/SiFive_BitNET_MCU/bsp/install/lib/debug/\libmetal.a(sifive_gpio-leds.o)
                0x20109ed8                __metal_driver_led_off
 .text.__metal_driver_led_toggle
                0x20109f1a       0x40 C:/fs3_vsd/projects/SiFive_BitNET_MCU/bsp/install/lib/debug/\libmetal.a(sifive_gpio-leds.o)
                0x20109f1a                __metal_driver_led_toggle
 .text.__metal_driver_sifive_gpio0_base
                0x20109f5a       0x26 C:/fs3_vsd/projects/SiFive_BitNET_MCU/bsp/install/lib/debug/\libmetal.a(sifive_gpio0.o)
 .text.__metal_driver_sifive_gpio0_interrupt_parent
                0x20109f80       0x2a C:/fs3_vsd/projects/SiFive_BitNET_MCU/bsp/install/lib/debug/\libmetal.a(sifive_gpio0.o)
 .text.__metal_driver_sifive_gpio0_interrupt_lines
                0x20109faa      0x1b4 C:/fs3_vsd/projects/SiFive_BitNET_MCU/bsp/install/lib/debug/\libmetal.a(sifive_gpio0.o)
 .text.__metal_driver_sifive_gpio0_enable_input
                0x2010a15e       0x40 C:/fs3_vsd/projects/SiFive_BitNET_MCU/bsp/install/lib/debug/\libmetal.a(sifive_gpio0.o)
                0x2010a15e                __metal_driver_sifive_gpio0_enable_input
 .text.__metal_driver_sifive_gpio0_disable_input
                0x2010a19e       0x46 C:/fs3_vsd/projects/SiFive_BitNET_MCU/bsp/install/lib/debug/\libmetal.a(sifive_gpio0.o)
                0x2010a19e                __metal_driver_sifive_gpio0_disable_input
 .text.__metal_driver_sifive_gpio0_input
                0x2010a1e4       0x2a C:/fs3_vsd/projects/SiFive_BitNET_MCU/bsp/install/lib/debug/\libmetal.a(sifive_gpio0.o)
                0x2010a1e4                __metal_driver_sifive_gpio0_input
 .text.__metal_driver_sifive_gpio0_output
                0x2010a20e       0x2c C:/fs3_vsd/projects/SiFive_BitNET_MCU/bsp/install/lib/debug/\libmetal.a(sifive_gpio0.o)
                0x2010a20e                __metal_driver_sifive_gpio0_output
 .text.__metal_driver_sifive_gpio0_disable_output
                0x2010a23a       0x46 C:/fs3_vsd/projects/SiFive_BitNET_MCU/bsp/install/lib/debug/\libmetal.a(sifive_gpio0.o)
                0x2010a23a                __metal_driver_sifive_gpio0_disable_output
 .text.__metal_driver_sifive_gpio0_enable_output
                0x2010a280       0x40 C:/fs3_vsd/projects/SiFive_BitNET_MCU/bsp/install/lib/debug/\libmetal.a(sifive_gpio0.o)
                0x2010a280                __metal_driver_sifive_gpio0_enable_output
 .text.__metal_driver_sifive_gpio0_output_set
                0x2010a2c0       0x40 C:/fs3_vsd/projects/SiFive_BitNET_MCU/bsp/install/lib/debug/\libmetal.a(sifive_gpio0.o)
                0x2010a2c0                __metal_driver_sifive_gpio0_output_set
 .text.__metal_driver_sifive_gpio0_output_clear
                0x2010a300       0x46 C:/fs3_vsd/projects/SiFive_BitNET_MCU/bsp/install/lib/debug/\libmetal.a(sifive_gpio0.o)
                0x2010a300                __metal_driver_sifive_gpio0_output_clear
 .text.__metal_driver_sifive_gpio0_output_toggle
                0x2010a346       0x40 C:/fs3_vsd/projects/SiFive_BitNET_MCU/bsp/install/lib/debug/\libmetal.a(sifive_gpio0.o)
                0x2010a346                __metal_driver_sifive_gpio0_output_toggle
 .text.__metal_driver_sifive_gpio0_enable_io
                0x2010a386       0x62 C:/fs3_vsd/projects/SiFive_BitNET_MCU/bsp/install/lib/debug/\libmetal.a(sifive_gpio0.o)
                0x2010a386                __metal_driver_sifive_gpio0_enable_io
 .text.__metal_driver_sifive_gpio0_disable_io
                0x2010a3e8       0x4a C:/fs3_vsd/projects/SiFive_BitNET_MCU/bsp/install/lib/debug/\libmetal.a(sifive_gpio0.o)
                0x2010a3e8                __metal_driver_sifive_gpio0_disable_io
 .text.__metal_driver_sifive_gpio0_config_int
                0x2010a432      0x206 C:/fs3_vsd/projects/SiFive_BitNET_MCU/bsp/install/lib/debug/\libmetal.a(sifive_gpio0.o)
                0x2010a432                __metal_driver_sifive_gpio0_config_int
 .text.__metal_driver_sifive_gpio0_clear_int
                0x2010a638      0x188 C:/fs3_vsd/projects/SiFive_BitNET_MCU/bsp/install/lib/debug/\libmetal.a(sifive_gpio0.o)
                0x2010a638                __metal_driver_sifive_gpio0_clear_int
 .text.__metal_driver_gpio_interrupt_controller
                0x2010a7c0       0x20 C:/fs3_vsd/projects/SiFive_BitNET_MCU/bsp/install/lib/debug/\libmetal.a(sifive_gpio0.o)
                0x2010a7c0                __metal_driver_gpio_interrupt_controller
 .text.__metal_driver_gpio_get_interrupt_id
                0x2010a7e0       0x2e C:/fs3_vsd/projects/SiFive_BitNET_MCU/bsp/install/lib/debug/\libmetal.a(sifive_gpio0.o)
                0x2010a7e0                __metal_driver_gpio_get_interrupt_id
 .text.__metal_driver_sifive_uart0_control_base
                0x2010a80e       0x2a C:/fs3_vsd/projects/SiFive_BitNET_MCU/bsp/install/lib/debug/\libmetal.a(sifive_uart0.o)
 .text.__metal_driver_sifive_uart0_interrupt_parent
                0x2010a838       0x2e C:/fs3_vsd/projects/SiFive_BitNET_MCU/bsp/install/lib/debug/\libmetal.a(sifive_uart0.o)
 .text.__metal_driver_sifive_uart0_interrupt_line
                0x2010a866       0x28 C:/fs3_vsd/projects/SiFive_BitNET_MCU/bsp/install/lib/debug/\libmetal.a(sifive_uart0.o)
 .text.__metal_driver_sifive_uart0_clock
                0x2010a88e       0x2e C:/fs3_vsd/projects/SiFive_BitNET_MCU/bsp/install/lib/debug/\libmetal.a(sifive_uart0.o)
 .text.__metal_driver_sifive_uart0_pinmux
                0x2010a8bc       0x2a C:/fs3_vsd/projects/SiFive_BitNET_MCU/bsp/install/lib/debug/\libmetal.a(sifive_uart0.o)
 .text.__metal_driver_sifive_uart0_pinmux_output_selector
                0x2010a8e6       0x28 C:/fs3_vsd/projects/SiFive_BitNET_MCU/bsp/install/lib/debug/\libmetal.a(sifive_uart0.o)
 .text.__metal_driver_sifive_uart0_pinmux_source_selector
                0x2010a90e       0x2a C:/fs3_vsd/projects/SiFive_BitNET_MCU/bsp/install/lib/debug/\libmetal.a(sifive_uart0.o)
 .text.__metal_driver_sifive_uart0_interrupt_controller
                0x2010a938       0x20 C:/fs3_vsd/projects/SiFive_BitNET_MCU/bsp/install/lib/debug/\libmetal.a(sifive_uart0.o)
                0x2010a938                __metal_driver_sifive_uart0_interrupt_controller
 .text.__metal_driver_sifive_uart0_get_interrupt_id
                0x2010a958       0x20 C:/fs3_vsd/projects/SiFive_BitNET_MCU/bsp/install/lib/debug/\libmetal.a(sifive_uart0.o)
                0x2010a958                __metal_driver_sifive_uart0_get_interrupt_id
 .text.__metal_driver_sifive_uart0_tx_interrupt_enable
                0x2010a978       0x3a C:/fs3_vsd/projects/SiFive_BitNET_MCU/bsp/install/lib/debug/\libmetal.a(sifive_uart0.o)
                0x2010a978                __metal_driver_sifive_uart0_tx_interrupt_enable
 .text.__metal_driver_sifive_uart0_tx_interrupt_disable
                0x2010a9b2       0x38 C:/fs3_vsd/projects/SiFive_BitNET_MCU/bsp/install/lib/debug/\libmetal.a(sifive_uart0.o)
                0x2010a9b2                __metal_driver_sifive_uart0_tx_interrupt_disable
 .text.__metal_driver_sifive_uart0_rx_interrupt_enable
                0x2010a9ea       0x3a C:/fs3_vsd/projects/SiFive_BitNET_MCU/bsp/install/lib/debug/\libmetal.a(sifive_uart0.o)
                0x2010a9ea                __metal_driver_sifive_uart0_rx_interrupt_enable
 .text.__metal_driver_sifive_uart0_rx_interrupt_disable
                0x2010aa24       0x38 C:/fs3_vsd/projects/SiFive_BitNET_MCU/bsp/install/lib/debug/\libmetal.a(sifive_uart0.o)
                0x2010aa24                __metal_driver_sifive_uart0_rx_interrupt_disable
 .text.__metal_driver_sifive_uart0_txready
                0x2010aa5c       0x30 C:/fs3_vsd/projects/SiFive_BitNET_MCU/bsp/install/lib/debug/\libmetal.a(sifive_uart0.o)
                0x2010aa5c                __metal_driver_sifive_uart0_txready
 .text.__metal_driver_sifive_uart0_set_tx_watermark
                0x2010aa8c       0x4a C:/fs3_vsd/projects/SiFive_BitNET_MCU/bsp/install/lib/debug/\libmetal.a(sifive_uart0.o)
                0x2010aa8c                __metal_driver_sifive_uart0_set_tx_watermark
 .text.__metal_driver_sifive_uart0_get_tx_watermark
                0x2010aad6       0x30 C:/fs3_vsd/projects/SiFive_BitNET_MCU/bsp/install/lib/debug/\libmetal.a(sifive_uart0.o)
                0x2010aad6                __metal_driver_sifive_uart0_get_tx_watermark
 .text.__metal_driver_sifive_uart0_set_rx_watermark
                0x2010ab06       0x4a C:/fs3_vsd/projects/SiFive_BitNET_MCU/bsp/install/lib/debug/\libmetal.a(sifive_uart0.o)
                0x2010ab06                __metal_driver_sifive_uart0_set_rx_watermark
 .text.__metal_driver_sifive_uart0_get_rx_watermark
                0x2010ab50       0x30 C:/fs3_vsd/projects/SiFive_BitNET_MCU/bsp/install/lib/debug/\libmetal.a(sifive_uart0.o)
                0x2010ab50                __metal_driver_sifive_uart0_get_rx_watermark
 .text.__metal_driver_sifive_uart0_putc
                0x2010ab80       0x42 C:/fs3_vsd/projects/SiFive_BitNET_MCU/bsp/install/lib/debug/\libmetal.a(sifive_uart0.o)
                0x2010ab80                __metal_driver_sifive_uart0_putc
 .text.__metal_driver_sifive_uart0_getc
                0x2010abc2       0x56 C:/fs3_vsd/projects/SiFive_BitNET_MCU/bsp/install/lib/debug/\libmetal.a(sifive_uart0.o)
                0x2010abc2                __metal_driver_sifive_uart0_getc
 .text.__metal_driver_sifive_uart0_get_baud_rate
                0x2010ac18       0x20 C:/fs3_vsd/projects/SiFive_BitNET_MCU/bsp/install/lib/debug/\libmetal.a(sifive_uart0.o)
                0x2010ac18                __metal_driver_sifive_uart0_get_baud_rate
 .text.__metal_driver_sifive_uart0_set_baud_rate
                0x2010ac38       0xa0 C:/fs3_vsd/projects/SiFive_BitNET_MCU/bsp/install/lib/debug/\libmetal.a(sifive_uart0.o)
                0x2010ac38                __metal_driver_sifive_uart0_set_baud_rate
 .text.pre_rate_change_callback_func
                0x2010acd8       0xda C:/fs3_vsd/projects/SiFive_BitNET_MCU/bsp/install/lib/debug/\libmetal.a(sifive_uart0.o)
 .text.post_rate_change_callback_func
                0x2010adb2       0x2e C:/fs3_vsd/projects/SiFive_BitNET_MCU/bsp/install/lib/debug/\libmetal.a(sifive_uart0.o)
 .text.__metal_driver_sifive_uart0_init
                0x2010ade0       0xd0 C:/fs3_vsd/projects/SiFive_BitNET_MCU/bsp/install/lib/debug/\libmetal.a(sifive_uart0.o)
                0x2010ade0                __metal_driver_sifive_uart0_init
 .text._metal_clock_call_all_callbacks
                0x2010aeb0       0x42 C:/fs3_vsd/projects/SiFive_BitNET_MCU/bsp/install/lib/debug/\libmetal.a(clock.o)
                0x2010aeb0                _metal_clock_call_all_callbacks
 .text._metal_clock_append_to_callbacks
                0x2010aef2       0x54 C:/fs3_vsd/projects/SiFive_BitNET_MCU/bsp/install/lib/debug/\libmetal.a(clock.o)
                0x2010aef2                _metal_clock_append_to_callbacks
 .text.metal_clock_get_rate_hz
                0x2010af46       0x26 C:/fs3_vsd/projects/SiFive_BitNET_MCU/bsp/install/lib/debug/\libmetal.a(clock.o)
                0x2010af46                metal_clock_get_rate_hz
 .text.metal_clock_set_rate_hz
                0x2010af6c       0x4c C:/fs3_vsd/projects/SiFive_BitNET_MCU/bsp/install/lib/debug/\libmetal.a(clock.o)
                0x2010af6c                metal_clock_set_rate_hz
 .text.metal_clock_register_pre_rate_change_callback
                0x2010afb8       0x32 C:/fs3_vsd/projects/SiFive_BitNET_MCU/bsp/install/lib/debug/\libmetal.a(clock.o)
                0x2010afb8                metal_clock_register_pre_rate_change_callback
 .text.metal_clock_register_post_rate_change_callback
                0x2010afea       0x32 C:/fs3_vsd/projects/SiFive_BitNET_MCU/bsp/install/lib/debug/\libmetal.a(clock.o)
                0x2010afea                metal_clock_register_post_rate_change_callback
 .text.metal_gpio_disable_input
                0x2010b01c       0x40 C:/fs3_vsd/projects/SiFive_BitNET_MCU/bsp/install/lib/debug/\libmetal.a(gpio.o)
                0x2010b01c                metal_gpio_disable_input
 .text.metal_gpio_enable_output
                0x2010b05c       0x40 C:/fs3_vsd/projects/SiFive_BitNET_MCU/bsp/install/lib/debug/\libmetal.a(gpio.o)
                0x2010b05c                metal_gpio_enable_output
 .text.metal_gpio_set_pin
                0x2010b09c       0x68 C:/fs3_vsd/projects/SiFive_BitNET_MCU/bsp/install/lib/debug/\libmetal.a(gpio.o)
                0x2010b09c                metal_gpio_set_pin
 .text.metal_gpio_toggle_pin
                0x2010b104       0x40 C:/fs3_vsd/projects/SiFive_BitNET_MCU/bsp/install/lib/debug/\libmetal.a(gpio.o)
                0x2010b104                metal_gpio_toggle_pin
 .text.metal_shutdown
                0x2010b144        0xe C:/fs3_vsd/projects/SiFive_BitNET_MCU/bsp/install/lib/debug/\libmetal.a(shutdown.o)
                0x2010b144                metal_shutdown
 .text.metal_uart_init
                0x2010b152       0x2c C:/fs3_vsd/projects/SiFive_BitNET_MCU/bsp/install/lib/debug/\libmetal.a(uart.o)
                0x2010b152                metal_uart_init
 .text.metal_uart_putc
                0x2010b17e       0x2e C:/fs3_vsd/projects/SiFive_BitNET_MCU/bsp/install/lib/debug/\libmetal.a(uart.o)
                0x2010b17e                metal_uart_putc
 .text.metal_uart_set_baud_rate
                0x2010b1ac       0x2e C:/fs3_vsd/projects/SiFive_BitNET_MCU/bsp/install/lib/debug/\libmetal.a(uart.o)
                0x2010b1ac                metal_uart_set_baud_rate
 *fill*         0x2010b1da       0x26 
 .text          0x2010b200       0x80 C:/fs3_vsd/projects/SiFive_BitNET_MCU/bsp/install/lib/debug/\libmetal.a(vector.o)
                0x2010b200                __metal_vector_table
 .text.__metal_driver_fixed_clock_rate
                0x2010b280       0x62 C:/fs3_vsd/projects/SiFive_BitNET_MCU/bsp/install/lib/debug/\libmetal.a(fixed-clock.o)
 .text.__metal_driver_fixed_clock_get_rate_hz
                0x2010b2e2       0x20 C:/fs3_vsd/projects/SiFive_BitNET_MCU/bsp/install/lib/debug/\libmetal.a(fixed-clock.o)
                0x2010b2e2                __metal_driver_fixed_clock_get_rate_hz
 .text.__metal_driver_fixed_clock_set_rate_hz
                0x2010b302       0x24 C:/fs3_vsd/projects/SiFive_BitNET_MCU/bsp/install/lib/debug/\libmetal.a(fixed-clock.o)
                0x2010b302                __metal_driver_fixed_clock_set_rate_hz
 .text._close   0x2010b326       0x22 C:/fs3_vsd/projects/SiFive_BitNET_MCU/bsp/install/lib/debug/\libmetal-gloss.a(sys_close.o)
                0x2010b326                _close
 .text._fstat   0x2010b348       0x26 C:/fs3_vsd/projects/SiFive_BitNET_MCU/bsp/install/lib/debug/\libmetal-gloss.a(sys_fstat.o)
                0x2010b348                _fstat
 .text._isatty  0x2010b36e       0x20 C:/fs3_vsd/projects/SiFive_BitNET_MCU/bsp/install/lib/debug/\libmetal-gloss.a(sys_isatty.o)
                0x2010b36e                _isatty
 .text._lseek   0x2010b38e       0x2a C:/fs3_vsd/projects/SiFive_BitNET_MCU/bsp/install/lib/debug/\libmetal-gloss.a(sys_lseek.o)
                0x2010b38e                _lseek
 .text._read    0x2010b3b8       0x2a C:/fs3_vsd/projects/SiFive_BitNET_MCU/bsp/install/lib/debug/\libmetal-gloss.a(sys_read.o)
                0x2010b3b8                _read
 .text._sbrk    0x2010b3e2       0x6a C:/fs3_vsd/projects/SiFive_BitNET_MCU/bsp/install/lib/debug/\libmetal-gloss.a(sys_sbrk.o)
                0x2010b3e2                _sbrk
 .text._write   0x2010b44c       0x6e C:/fs3_vsd/projects/SiFive_BitNET_MCU/bsp/install/lib/debug/\libmetal-gloss.a(sys_write.o)
                0x2010b44c                _write
                0x2010b44c                write
 .text.atexit   0x2010b4ba        0xa g:/vsd/fs/fs_installer/sifive/riscv64-unknown-elf-toolsuite-17.9.0-2023.10.0/bin/../lib/gcc/riscv64-unknown-elf/12.2.1/../../../../riscv64-unknown-elf/lib/rv32imac/ilp32\libc_nano.a(lib_a-atexit.o)
                0x2010b4ba                atexit
 .text.__errno  0x2010b4c4        0xa g:/vsd/fs/fs_installer/sifive/riscv64-unknown-elf-toolsuite-17.9.0-2023.10.0/bin/../lib/gcc/riscv64-unknown-elf/12.2.1/../../../../riscv64-unknown-elf/lib/rv32imac/ilp32\libc_nano.a(lib_a-errno.o)
                0x2010b4c4                __errno
 .text.exit     0x2010b4ce       0x28 g:/vsd/fs/fs_installer/sifive/riscv64-unknown-elf-toolsuite-17.9.0-2023.10.0/bin/../lib/gcc/riscv64-unknown-elf/12.2.1/../../../../riscv64-unknown-elf/lib/rv32imac/ilp32\libc_nano.a(lib_a-exit.o)
                0x2010b4ce                exit
 .text.__libc_fini_array
                0x2010b4f6       0x36 g:/vsd/fs/fs_installer/sifive/riscv64-unknown-elf-toolsuite-17.9.0-2023.10.0/bin/../lib/gcc/riscv64-unknown-elf/12.2.1/../../../../riscv64-unknown-elf/lib/rv32imac/ilp32\libc_nano.a(lib_a-fini.o)
                0x2010b4f6                __libc_fini_array
 .text.__libc_init_array
                0x2010b52c       0x5e g:/vsd/fs/fs_installer/sifive/riscv64-unknown-elf-toolsuite-17.9.0-2023.10.0/bin/../lib/gcc/riscv64-unknown-elf/12.2.1/../../../../riscv64-unknown-elf/lib/rv32imac/ilp32\libc_nano.a(lib_a-init.o)
                0x2010b52c                __libc_init_array
 .text.strcat   0x2010b58a       0x1c g:/vsd/fs/fs_installer/sifive/riscv64-unknown-elf-toolsuite-17.9.0-2023.10.0/bin/../lib/gcc/riscv64-unknown-elf/12.2.1/../../../../riscv64-unknown-elf/lib/rv32imac/ilp32\libc_nano.a(lib_a-strcat.o)
                0x2010b58a                strcat
 .text          0x2010b5a6      0x11e g:/vsd/fs/fs_installer/sifive/riscv64-unknown-elf-toolsuite-17.9.0-2023.10.0/bin/../lib/gcc/riscv64-unknown-elf/12.2.1/../../../../riscv64-unknown-elf/lib/rv32imac/ilp32\libc_nano.a(lib_a-strcmp.o)
                0x2010b5a6                strcmp
 .text.strcpy   0x2010b6c4       0x12 g:/vsd/fs/fs_installer/sifive/riscv64-unknown-elf-toolsuite-17.9.0-2023.10.0/bin/../lib/gcc/riscv64-unknown-elf/12.2.1/../../../../riscv64-unknown-elf/lib/rv32imac/ilp32\libc_nano.a(lib_a-strcpy.o)
                0x2010b6c4                strcpy
 .text.__register_exitproc
                0x2010b6d6       0x7c g:/vsd/fs/fs_installer/sifive/riscv64-unknown-elf-toolsuite-17.9.0-2023.10.0/bin/../lib/gcc/riscv64-unknown-elf/12.2.1/../../../../riscv64-unknown-elf/lib/rv32imac/ilp32\libc_nano.a(lib_a-__atexit.o)
                0x2010b6d6                __register_exitproc
 .text.__call_exitprocs
                0x2010b752       0xc4 g:/vsd/fs/fs_installer/sifive/riscv64-unknown-elf-toolsuite-17.9.0-2023.10.0/bin/../lib/gcc/riscv64-unknown-elf/12.2.1/../../../../riscv64-unknown-elf/lib/rv32imac/ilp32\libc_nano.a(lib_a-__call_atexit.o)
                0x2010b752                __call_exitprocs
 .text.metal_init
                0x2010b816       0x70 C:/fs3_vsd/projects/SiFive_BitNET_MCU/bsp/install/lib/debug/\libmetal.a(init.o)
                0x2010b816                metal_init
 .text.metal_fini
                0x2010b886       0x70 C:/fs3_vsd/projects/SiFive_BitNET_MCU/bsp/install/lib/debug/\libmetal.a(init.o)
                0x2010b886                metal_fini
 .text.metal_init_run
                0x2010b8f6       0x16 C:/fs3_vsd/projects/SiFive_BitNET_MCU/bsp/install/lib/debug/\libmetal.a(init.o)
                0x2010b8f6                metal_init_run
 .text.metal_fini_run
                0x2010b90c       0x16 C:/fs3_vsd/projects/SiFive_BitNET_MCU/bsp/install/lib/debug/\libmetal.a(init.o)
                0x2010b90c                metal_fini_run
 .text.metal_tty_putc
                0x2010b922       0x28 C:/fs3_vsd/projects/SiFive_BitNET_MCU/bsp/install/lib/debug/\libmetal.a(tty.o)
                0x2010b922                metal_tty_putc
 .text._exit    0x2010b94a       0x14 C:/fs3_vsd/projects/SiFive_BitNET_MCU/bsp/install/lib/debug/\libmetal-gloss.a(sys_exit.o)
                0x2010b94a                _exit
 *(.gnu.linkonce.t.*)

.rela.dyn       0x2010b960        0x0
 .rela.text.timer_isr
                0x2010b960        0x0 C:\Users\ankit\AppData\Local\Temp\ccWvz1R2.o
 .rela.text.wait_for_timer
                0x2010b960        0x0 C:\Users\ankit\AppData\Local\Temp\ccWvz1R2.o
 .rela.text.main
                0x2010b960        0x0 C:\Users\ankit\AppData\Local\Temp\ccWvz1R2.o
 .rela.text._vfprintf_r
                0x2010b960        0x0 C:\Users\ankit\AppData\Local\Temp\ccWvz1R2.o
 .rela.text.metal_cpu_get
                0x2010b960        0x0 C:\Users\ankit\AppData\Local\Temp\ccWvz1R2.o
 .rela.text.metal.init.enter
                0x2010b960        0x0 C:\Users\ankit\AppData\Local\Temp\ccWvz1R2.o
 .rela.text.metal.init.scrub
                0x2010b960        0x0 C:\Users\ankit\AppData\Local\Temp\ccWvz1R2.o
 .rela.text.metal_led_get_rgb
                0x2010b960        0x0 C:\Users\ankit\AppData\Local\Temp\ccWvz1R2.o
 .rela.text.__metal_driver_cpu_get
                0x2010b960        0x0 C:\Users\ankit\AppData\Local\Temp\ccWvz1R2.o
 .rela.text.metal_software_interrupt_vector_handler
                0x2010b960        0x0 C:\Users\ankit\AppData\Local\Temp\ccWvz1R2.o
 .rela.text.__metal_default_sw_handler
                0x2010b960        0x0 C:\Users\ankit\AppData\Local\Temp\ccWvz1R2.o
 .rela.text.metal_timer_interrupt_vector_handler
                0x2010b960        0x0 C:\Users\ankit\AppData\Local\Temp\ccWvz1R2.o
 .rela.text.__metal_exception_handler
                0x2010b960        0x0 C:\Users\ankit\AppData\Local\Temp\ccWvz1R2.o
 .rela.text.metal_lc0_interrupt_vector_handler
                0x2010b960        0x0 C:\Users\ankit\AppData\Local\Temp\ccWvz1R2.o
 .rela.text.metal_lc1_interrupt_vector_handler
                0x2010b960        0x0 C:\Users\ankit\AppData\Local\Temp\ccWvz1R2.o
 .rela.text.metal_lc2_interrupt_vector_handler
                0x2010b960        0x0 C:\Users\ankit\AppData\Local\Temp\ccWvz1R2.o
 .rela.text.metal_lc3_interrupt_vector_handler
                0x2010b960        0x0 C:\Users\ankit\AppData\Local\Temp\ccWvz1R2.o
 .rela.text.metal_lc4_interrupt_vector_handler
                0x2010b960        0x0 C:\Users\ankit\AppData\Local\Temp\ccWvz1R2.o
 .rela.text.metal_lc5_interrupt_vector_handler
                0x2010b960        0x0 C:\Users\ankit\AppData\Local\Temp\ccWvz1R2.o
 .rela.text.metal_lc6_interrupt_vector_handler
                0x2010b960        0x0 C:\Users\ankit\AppData\Local\Temp\ccWvz1R2.o
 .rela.text.metal_lc7_interrupt_vector_handler
                0x2010b960        0x0 C:\Users\ankit\AppData\Local\Temp\ccWvz1R2.o
 .rela.text.metal_lc8_interrupt_vector_handler
                0x2010b960        0x0 C:\Users\ankit\AppData\Local\Temp\ccWvz1R2.o
 .rela.text.metal_lc9_interrupt_vector_handler
                0x2010b960        0x0 C:\Users\ankit\AppData\Local\Temp\ccWvz1R2.o
 .rela.text.metal_lc10_interrupt_vector_handler
                0x2010b960        0x0 C:\Users\ankit\AppData\Local\Temp\ccWvz1R2.o
 .rela.text.metal_lc11_interrupt_vector_handler
                0x2010b960        0x0 C:\Users\ankit\AppData\Local\Temp\ccWvz1R2.o
 .rela.text.metal_lc12_interrupt_vector_handler
                0x2010b960        0x0 C:\Users\ankit\AppData\Local\Temp\ccWvz1R2.o
 .rela.text.metal_lc13_interrupt_vector_handler
                0x2010b960        0x0 C:\Users\ankit\AppData\Local\Temp\ccWvz1R2.o
 .rela.text.metal_lc14_interrupt_vector_handler
                0x2010b960        0x0 C:\Users\ankit\AppData\Local\Temp\ccWvz1R2.o
 .rela.text.metal_lc15_interrupt_vector_handler
                0x2010b960        0x0 C:\Users\ankit\AppData\Local\Temp\ccWvz1R2.o
 .rela.text     0x2010b960        0x0 C:\Users\ankit\AppData\Local\Temp\ccWvz1R2.o
 .rela.text.libgloss.start
                0x2010b960        0x0 C:\Users\ankit\AppData\Local\Temp\ccWvz1R2.o
 .rela.sdata.__brk
                0x2010b960        0x0 C:\Users\ankit\AppData\Local\Temp\ccWvz1R2.o
 .rela.text._sbrk
                0x2010b960        0x0 C:\Users\ankit\AppData\Local\Temp\ccWvz1R2.o
 .rela.text.__libc_fini_array
                0x2010b960        0x0 C:\Users\ankit\AppData\Local\Temp\ccWvz1R2.o
 .rela.text.__libc_init_array
                0x2010b960        0x0 C:\Users\ankit\AppData\Local\Temp\ccWvz1R2.o
 .rela.text.__register_exitproc
                0x2010b960        0x0 C:\Users\ankit\AppData\Local\Temp\ccWvz1R2.o
 .rela.text.metal_init
                0x2010b960        0x0 C:\Users\ankit\AppData\Local\Temp\ccWvz1R2.o
 .rela.text.metal_fini
                0x2010b960        0x0 C:\Users\ankit\AppData\Local\Temp\ccWvz1R2.o

.data           0x80000000      0xab0 load address 0x2010b960
 *(.data .data.*)
 .data.impure_data
                0x80000000       0x60 g:/vsd/fs/fs_installer/sifive/riscv64-unknown-elf-toolsuite-17.9.0-2023.10.0/bin/../lib/gcc/riscv64-unknown-elf/12.2.1/../../../../riscv64-unknown-elf/lib/rv32imac/ilp32\libc_nano.a(lib_a-impure.o)
 .data.__metal_led_table
                0x80000060        0xc C:/fs3_vsd/projects/SiFive_BitNET_MCU/bsp/install/lib/debug/\libmetal.a(cpu.o)
                0x80000060                __metal_led_table
 .data.__metal_dt_clock_0
                0x8000006c        0xc C:/fs3_vsd/projects/SiFive_BitNET_MCU/bsp/install/lib/debug/\libmetal.a(inline.o)
                0x8000006c                __metal_dt_clock_0
 .data.__metal_dt_clock_2
                0x80000078        0xc C:/fs3_vsd/projects/SiFive_BitNET_MCU/bsp/install/lib/debug/\libmetal.a(inline.o)
                0x80000078                __metal_dt_clock_2
 .data.__metal_dt_clock_5
                0x80000084        0xc C:/fs3_vsd/projects/SiFive_BitNET_MCU/bsp/install/lib/debug/\libmetal.a(inline.o)
                0x80000084                __metal_dt_clock_5
 .data.__metal_dt_cpu_0_interrupt_controller
                0x80000090      0x3d0 C:/fs3_vsd/projects/SiFive_BitNET_MCU/bsp/install/lib/debug/\libmetal.a(inline.o)
                0x80000090                __metal_dt_cpu_0_interrupt_controller
 .data.__metal_dt_interrupt_controller_c000000
                0x80000460      0x5d8 C:/fs3_vsd/projects/SiFive_BitNET_MCU/bsp/install/lib/debug/\libmetal.a(inline.o)
                0x80000460                __metal_dt_interrupt_controller_c000000
 .data.__metal_dt_serial_10013000
                0x80000a38       0x20 C:/fs3_vsd/projects/SiFive_BitNET_MCU/bsp/install/lib/debug/\libmetal.a(inline.o)
                0x80000a38                __metal_dt_serial_10013000
 .data.__metal_dt_clock_3
                0x80000a58        0xc C:/fs3_vsd/projects/SiFive_BitNET_MCU/bsp/install/lib/debug/\libmetal.a(inline.o)
                0x80000a58                __metal_dt_clock_3
 .data.__metal_dt_clock_1
                0x80000a64        0xc C:/fs3_vsd/projects/SiFive_BitNET_MCU/bsp/install/lib/debug/\libmetal.a(inline.o)
                0x80000a64                __metal_dt_clock_1
 .data.__metal_dt_clock_4
                0x80000a70        0xc C:/fs3_vsd/projects/SiFive_BitNET_MCU/bsp/install/lib/debug/\libmetal.a(inline.o)
                0x80000a70                __metal_dt_clock_4
 *(.gnu.linkonce.d.*)
                0x80000a80                        . = ALIGN (0x8)
 *fill*         0x80000a7c        0x4 
                0x80001280                        PROVIDE (__global_pointer$ = (. + 0x800))
 *(.sdata .sdata.* .sdata2.*)
 .sdata._impure_ptr
                0x80000a80        0x4 g:/vsd/fs/fs_installer/sifive/riscv64-unknown-elf-toolsuite-17.9.0-2023.10.0/bin/../lib/gcc/riscv64-unknown-elf/12.2.1/../../../../riscv64-unknown-elf/lib/rv32imac/ilp32\libc_nano.a(lib_a-impure.o)
                0x80000a80                _impure_ptr
 .sdata.__metal_cpu_table
                0x80000a84        0x4 C:/fs3_vsd/projects/SiFive_BitNET_MCU/bsp/install/lib/debug/\libmetal.a(cpu.o)
                0x80000a84                __metal_cpu_table
 .sdata.__metal_dt_clint_2000000
                0x80000a88        0x8 C:/fs3_vsd/projects/SiFive_BitNET_MCU/bsp/install/lib/debug/\libmetal.a(inline.o)
                0x80000a88                __metal_dt_clint_2000000
 .sdata.__metal_dt_cpu_0
                0x80000a90        0x8 C:/fs3_vsd/projects/SiFive_BitNET_MCU/bsp/install/lib/debug/\libmetal.a(inline.o)
                0x80000a90                __metal_dt_cpu_0
 .sdata.__metal_dt_gpio_10012000
                0x80000a98        0x4 C:/fs3_vsd/projects/SiFive_BitNET_MCU/bsp/install/lib/debug/\libmetal.a(inline.o)
                0x80000a98                __metal_dt_gpio_10012000
 .sdata.__metal_dt_led_0
                0x80000a9c        0x4 C:/fs3_vsd/projects/SiFive_BitNET_MCU/bsp/install/lib/debug/\libmetal.a(inline.o)
                0x80000a9c                __metal_dt_led_0
 .sdata.__metal_dt_led_1
                0x80000aa0        0x4 C:/fs3_vsd/projects/SiFive_BitNET_MCU/bsp/install/lib/debug/\libmetal.a(inline.o)
                0x80000aa0                __metal_dt_led_1
 .sdata.__metal_dt_led_2
                0x80000aa4        0x4 C:/fs3_vsd/projects/SiFive_BitNET_MCU/bsp/install/lib/debug/\libmetal.a(inline.o)
                0x80000aa4                __metal_dt_led_2
 .sdata.__metal_dt_prci_10008000
                0x80000aa8        0x4 C:/fs3_vsd/projects/SiFive_BitNET_MCU/bsp/install/lib/debug/\libmetal.a(inline.o)
                0x80000aa8                __metal_dt_prci_10008000
 .sdata.__brk   0x80000aac        0x4 C:/fs3_vsd/projects/SiFive_BitNET_MCU/bsp/install/lib/debug/\libmetal-gloss.a(sys_sbrk.o)
 *(.gnu.linkonce.s.*)

.tdata          0x80000ab0        0x0 load address 0x2010c410
                0x80000ab0                        PROVIDE (__tls_base = .)
 *(.tdata .tdata.* .gnu.linkonce.td.*)
                [!provide]                        PROVIDE (__tdata_source = LOADADDR (.tdata))
                [!provide]                        PROVIDE (__tdata_size = SIZEOF (.tdata))
                0x2010b960                        PROVIDE (metal_segment_data_source_start = LOADADDR (.data))